Component: ARM Compiler 5.06 update 5 (build 528) Tool: armlink [4d35e2]

==============================================================================

Section Cross References

    startup_stm32f407xx.o(STACK) refers (Special) to heapauxi.o(.text) for __use_two_region_memory
    startup_stm32f407xx.o(HEAP) refers (Special) to heapauxi.o(.text) for __use_two_region_memory
    startup_stm32f407xx.o(RESET) refers (Special) to heapauxi.o(.text) for __use_two_region_memory
    startup_stm32f407xx.o(RESET) refers to startup_stm32f407xx.o(STACK) for __initial_sp
    startup_stm32f407xx.o(RESET) refers to startup_stm32f407xx.o(.text) for Reset_Handler
    startup_stm32f407xx.o(RESET) refers to stm32f4xx_it.o(i.NMI_Handler) for NMI_Handler
    startup_stm32f407xx.o(RESET) refers to stm32f4xx_it.o(i.HardFault_Handler) for HardFault_Handler
    startup_stm32f407xx.o(RESET) refers to stm32f4xx_it.o(i.MemManage_Handler) for MemManage_Handler
    startup_stm32f407xx.o(RESET) refers to stm32f4xx_it.o(i.BusFault_Handler) for BusFault_Handler
    startup_stm32f407xx.o(RESET) refers to stm32f4xx_it.o(i.UsageFault_Handler) for UsageFault_Handler
    startup_stm32f407xx.o(RESET) refers to port.o(.emb_text) for SVC_Handler
    startup_stm32f407xx.o(RESET) refers to stm32f4xx_it.o(i.DebugMon_Handler) for DebugMon_Handler
    startup_stm32f407xx.o(RESET) refers to port.o(i.SysTick_Handler) for SysTick_Handler
    startup_stm32f407xx.o(RESET) refers to stm32f4xx_it.o(i.EXTI0_IRQHandler) for EXTI0_IRQHandler
    startup_stm32f407xx.o(RESET) refers to stm32f4xx_it.o(i.EXTI1_IRQHandler) for EXTI1_IRQHandler
    startup_stm32f407xx.o(RESET) refers to stm32f4xx_it.o(i.EXTI3_IRQHandler) for EXTI3_IRQHandler
    startup_stm32f407xx.o(RESET) refers to stm32f4xx_it.o(i.EXTI4_IRQHandler) for EXTI4_IRQHandler
    startup_stm32f407xx.o(RESET) refers to stm32f4xx_it.o(i.DMA1_Stream1_IRQHandler) for DMA1_Stream1_IRQHandler
    startup_stm32f407xx.o(RESET) refers to stm32f4xx_it.o(i.CAN1_RX0_IRQHandler) for CAN1_RX0_IRQHandler
    startup_stm32f407xx.o(RESET) refers to stm32f4xx_it.o(i.EXTI9_5_IRQHandler) for EXTI9_5_IRQHandler
    startup_stm32f407xx.o(RESET) refers to stm32f4xx_it.o(i.USART1_IRQHandler) for USART1_IRQHandler
    startup_stm32f407xx.o(RESET) refers to stm32f4xx_it.o(i.TIM8_UP_TIM13_IRQHandler) for TIM8_UP_TIM13_IRQHandler
    startup_stm32f407xx.o(RESET) refers to stm32f4xx_it.o(i.TIM6_DAC_IRQHandler) for TIM6_DAC_IRQHandler
    startup_stm32f407xx.o(RESET) refers to stm32f4xx_it.o(i.DMA2_Stream2_IRQHandler) for DMA2_Stream2_IRQHandler
    startup_stm32f407xx.o(RESET) refers to stm32f4xx_it.o(i.DMA2_Stream3_IRQHandler) for DMA2_Stream3_IRQHandler
    startup_stm32f407xx.o(RESET) refers to stm32f4xx_it.o(i.CAN2_RX0_IRQHandler) for CAN2_RX0_IRQHandler
    startup_stm32f407xx.o(RESET) refers to stm32f4xx_it.o(i.OTG_FS_IRQHandler) for OTG_FS_IRQHandler
    startup_stm32f407xx.o(RESET) refers to stm32f4xx_it.o(i.DMA2_Stream5_IRQHandler) for DMA2_Stream5_IRQHandler
    startup_stm32f407xx.o(RESET) refers to stm32f4xx_it.o(i.DMA2_Stream7_IRQHandler) for DMA2_Stream7_IRQHandler
    startup_stm32f407xx.o(.text) refers (Special) to heapauxi.o(.text) for __use_two_region_memory
    startup_stm32f407xx.o(.text) refers to system_stm32f4xx.o(i.SystemInit) for SystemInit
    startup_stm32f407xx.o(.text) refers to __main.o(!!!main) for __main
    startup_stm32f407xx.o(.text) refers to startup_stm32f407xx.o(HEAP) for Heap_Mem
    startup_stm32f407xx.o(.text) refers to startup_stm32f407xx.o(STACK) for Stack_Mem
    main.o(i.HAL_TIM_PeriodElapsedCallback) refers to stm32f4xx_hal.o(i.HAL_IncTick) for HAL_IncTick
    main.o(i.SystemClock_Config) refers to rt_memclr_w.o(.text) for __aeabi_memclr4
    main.o(i.SystemClock_Config) refers to stm32f4xx_hal_rcc.o(i.HAL_RCC_OscConfig) for HAL_RCC_OscConfig
    main.o(i.SystemClock_Config) refers to stm32f4xx_hal_rcc.o(i.HAL_RCC_ClockConfig) for HAL_RCC_ClockConfig
    main.o(i.main) refers to stm32f4xx_hal.o(i.HAL_Init) for HAL_Init
    main.o(i.main) refers to main.o(i.SystemClock_Config) for SystemClock_Config
    main.o(i.main) refers to gpio.o(i.MX_GPIO_Init) for MX_GPIO_Init
    main.o(i.main) refers to dma.o(i.MX_DMA_Init) for MX_DMA_Init
    main.o(i.main) refers to can.o(i.MX_CAN1_Init) for MX_CAN1_Init
    main.o(i.main) refers to usart.o(i.MX_USART3_UART_Init) for MX_USART3_UART_Init
    main.o(i.main) refers to spi.o(i.MX_SPI1_Init) for MX_SPI1_Init
    main.o(i.main) refers to tim.o(i.MX_TIM10_Init) for MX_TIM10_Init
    main.o(i.main) refers to i2c.o(i.MX_I2C3_Init) for MX_I2C3_Init
    main.o(i.main) refers to can.o(i.MX_CAN2_Init) for MX_CAN2_Init
    main.o(i.main) refers to usart.o(i.MX_USART1_UART_Init) for MX_USART1_UART_Init
    main.o(i.main) refers to tim.o(i.MX_TIM1_Init) for MX_TIM1_Init
    main.o(i.main) refers to crc.o(i.MX_CRC_Init) for MX_CRC_Init
    main.o(i.main) refers to tim.o(i.MX_TIM13_Init) for MX_TIM13_Init
[...]
    OTG_FS_IRQHandler                        0x08005a61   Thumb Code     6  stm32f4xx_it.o(i.OTG_FS_IRQHandler)
    PID_Calc_Speed                           0x08005bdb   Thumb Code   172  pid.o(i.PID_Calc_Speed)
    RemoteDataProcess                        0x08005c89   Thumb Code   234  remote.o(i.RemoteDataProcess)
    SPI1_DMA_enable                          0x08005d7d   Thumb Code  4706  bsp_spi.o(i.SPI1_DMA_enable)
    SPI1_DMA_init                            0x08006ff1   Thumb Code   216  bsp_spi.o(i.SPI1_DMA_init)
    Set_M3508_Chassis_Voltage                0x08007211   Thumb Code   168  chassis_move.o(i.Set_M3508_Chassis_Voltage)
    StartChassisTask                         0x080072bd   Thumb Code   396  chassis_task.o(i.StartChassisTask)
    SysTick_Handler                          0x08007481   Thumb Code    38  port.o(i.SysTick_Handler)
    SystemClock_Config                       0x080074ad   Thumb Code   140  main.o(i.SystemClock_Config)
    SystemInit                               0x08007541   Thumb Code    12  system_stm32f4xx.o(i.SystemInit)
    TIM6_DAC_IRQHandler                      0x08007551   Thumb Code     6  stm32f4xx_it.o(i.TIM6_DAC_IRQHandler)
    TIM8_UP_TIM13_IRQHandler                 0x0800755d   Thumb Code     6  stm32f4xx_it.o(i.TIM8_UP_TIM13_IRQHandler)
    TIM_Base_SetConfig                       0x08007569   Thumb Code   170  stm32f4xx_hal_tim.o(i.TIM_Base_SetConfig)
    TIM_OC2_SetConfig                        0x080076a1   Thumb Code    98  stm32f4xx_hal_tim.o(i.TIM_OC2_SetConfig)
    UART_Start_Receive_DMA                   0x08007afd   Thumb Code   130  stm32f4xx_hal_uart.o(i.UART_Start_Receive_DMA)
    USART1_IRQHandler                        0x08007b8d   Thumb Code    70  stm32f4xx_it.o(i.USART1_IRQHandler)
    USBD_ClrClassConfig                      0x08007be1   Thumb Code    20  usbd_core.o(i.USBD_ClrClassConfig)
    USBD_CoreFindEP                          0x08007bf5   Thumb Code     4  usbd_core.o(i.USBD_CoreFindEP)
    USBD_CoreFindIF                          0x08007bf9   Thumb Code     4  usbd_core.o(i.USBD_CoreFindIF)
    USBD_CtlContinueRx                       0x08007bfd   Thumb Code    16  usbd_ioreq.o(i.USBD_CtlContinueRx)
    USBD_CtlContinueSendData                 0x08007c0d   Thumb Code    16  usbd_ioreq.o(i.USBD_CtlContinueSendData)
    USBD_CtlError                            0x08007c1d   Thumb Code    22  usbd_ctlreq.o(i.USBD_CtlError)
    USBD_CtlReceiveStatus                    0x08007c33   Thumb Code    22  usbd_ioreq.o(i.USBD_CtlReceiveStatus)
    USBD_CtlSendData                         0x08007c49   Thumb Code    26  usbd_ioreq.o(i.USBD_CtlSendData)
    USBD_CtlSendStatus                       0x08007c63   Thumb Code    22  usbd_ioreq.o(i.USBD_CtlSendStatus)
    USBD_Get_USB_Status                      0x08007d5f   Thumb Code    24  usbd_conf.o(i.USBD_Get_USB_Status)
    USBD_LL_ClearStallEP                     0x08007d77   Thumb Code    18  usbd_conf.o(i.USBD_LL_ClearStallEP)
    USBD_LL_DataInStage                      0x08007d89   Thumb Code   182  usbd_core.o(i.USBD_LL_DataInStage)
    USBD_LL_DataOutStage                     0x08007e3f   Thumb Code   142  usbd_core.o(i.USBD_LL_DataOutStage)
    USBD_LL_DevConnected                     0x08007ecd   Thumb Code     4  usbd_core.o(i.USBD_LL_DevConnected)
    USBD_LL_DevDisconnected                  0x08007ed1   Thumb Code    30  usbd_core.o(i.USBD_LL_DevDisconnected)
    USBD_LL_IsStallEP                        0x08007eef   Thumb Code    30  usbd_conf.o(i.USBD_LL_IsStallEP)
    USBD_LL_IsoINIncomplete                  0x08007f0d   Thumb Code    40  usbd_core.o(i.USBD_LL_IsoINIncomplete)
    USBD_LL_IsoOUTIncomplete                 0x08007f35   Thumb Code    40  usbd_core.o(i.USBD_LL_IsoOUTIncomplete)
    USBD_LL_OpenEP                           0x08007f5d   Thumb Code    24  usbd_conf.o(i.USBD_LL_OpenEP)
    USBD_LL_PrepareReceive                   0x08007f75   Thumb Code    18  usbd_conf.o(i.USBD_LL_PrepareReceive)
    USBD_LL_Reset                            0x08007f87   Thumb Code    92  usbd_core.o(i.USBD_LL_Reset)
    USBD_LL_Resume                           0x08007fe3   Thumb Code    20  usbd_core.o(i.USBD_LL_Resume)
    USBD_LL_SOF                              0x08007ff7   Thumb Code    26  usbd_core.o(i.USBD_LL_SOF)
    USBD_LL_SetSpeed                         0x08008011   Thumb Code     6  usbd_core.o(i.USBD_LL_SetSpeed)
    USBD_LL_SetUSBAddress                    0x08008017   Thumb Code    18  usbd_conf.o(i.USBD_LL_SetUSBAddress)
    USBD_LL_SetupStage                       0x08008029   Thumb Code    96  usbd_core.o(i.USBD_LL_SetupStage)
    USBD_LL_StallEP                          0x08008089   Thumb Code    18  usbd_conf.o(i.USBD_LL_StallEP)
    USBD_LL_Suspend                          0x0800809b   Thumb Code    26  usbd_core.o(i.USBD_LL_Suspend)
    USBD_LL_Transmit                         0x080080b5   Thumb Code    18  usbd_conf.o(i.USBD_LL_Transmit)
    USBD_ParseSetupRequest                   0x080080c7   Thumb Code    44  usbd_ctlreq.o(i.USBD_ParseSetupRequest)
    USBD_SetClassConfig                      0x080080f3   Thumb Code    20  usbd_core.o(i.USBD_SetClassConfig)
    USBD_StdDevReq                           0x080081c1   Thumb Code   300  usbd_ctlreq.o(i.USBD_StdDevReq)
    USBD_StdEPReq                            0x080082ed   Thumb Code   352  usbd_ctlreq.o(i.USBD_StdEPReq)
    USBD_StdItfReq                           0x0800844d   Thumb Code   114  usbd_ctlreq.o(i.USBD_StdItfReq)
    USB_ActivateEndpoint                     0x080084c1   Thumb Code   122  stm32f4xx_ll_usb.o(i.USB_ActivateEndpoint)
    USB_ActivateSetup                        0x08008541   Thumb Code    28  stm32f4xx_ll_usb.o(i.USB_ActivateSetup)
    USB_EP0_OutStart                         0x0800855d   Thumb Code    84  stm32f4xx_ll_usb.o(i.USB_EP0_OutStart)
    USB_EPClearStall                         0x080085b5   Thumb Code    88  stm32f4xx_ll_usb.o(i.USB_EPClearStall)
    USB_EPSetStall                           0x0800860d   Thumb Code    88  stm32f4xx_ll_usb.o(i.USB_EPSetStall)
    USB_EPStartXfer                          0x08008665   Thumb Code   562  stm32f4xx_ll_usb.o(i.USB_EPStartXfer)
    USB_EPStopXfer                           0x0800889d   Thumb Code   158  stm32f4xx_ll_usb.o(i.USB_EPStopXfer)
    USB_FlushTxFifo                          0x0800893b   Thumb Code    60  stm32f4xx_ll_usb.o(i.USB_FlushTxFifo)
    USB_GetDevSpeed                          0x08008977   Thumb Code    26  stm32f4xx_ll_usb.o(i.USB_GetDevSpeed)
    USB_GetMode                              0x08008991   Thumb Code     8  stm32f4xx_ll_usb.o(i.USB_GetMode)
    USB_ReadDevAllInEpInterrupt              0x08008999   Thumb Code    14  stm32f4xx_ll_usb.o(i.USB_ReadDevAllInEpInterrupt)
    USB_ReadDevAllOutEpInterrupt             0x080089a7   Thumb Code    14  stm32f4xx_ll_usb.o(i.USB_ReadDevAllOutEpInterrupt)
    USB_ReadDevInEPInterrupt                 0x080089b5   Thumb Code    36  stm32f4xx_ll_usb.o(i.USB_ReadDevInEPInterrupt)
    USB_ReadDevOutEPInterrupt                0x080089d9   Thumb Code    16  stm32f4xx_ll_usb.o(i.USB_ReadDevOutEPInterrupt)
    USB_ReadInterrupts                       0x080089e9   Thumb Code     8  stm32f4xx_ll_usb.o(i.USB_ReadInterrupts)
    USB_ReadPacket                           0x080089f1   Thumb Code    62  stm32f4xx_ll_usb.o(i.USB_ReadPacket)
    USB_SetDevAddress                        0x08008a2f   Thumb Code    34  stm32f4xx_ll_usb.o(i.USB_SetDevAddress)
    USB_SetTurnaroundTime                    0x08008a51   Thumb Code   158  stm32f4xx_ll_usb.o(i.USB_SetTurnaroundTime)
    USB_WritePacket                          0x08008b39   Thumb Code    40  stm32f4xx_ll_usb.o(i.USB_WritePacket)
    UsageFault_Handler                       0x08008b61   Thumb Code     2  stm32f4xx_it.o(i.UsageFault_Handler)
    Verify_CRC16_Check_Sum                   0x08008b65   Thumb Code    54  crc_bro_init.o(i.Verify_CRC16_Check_Sum)
    Verify_CRC8_Check_Sum                    0x08008ba1   Thumb Code    38  crc_bro_init.o(i.Verify_CRC8_Check_Sum)
    __ARM_fpclassify                         0x08008bc7   Thumb Code    48  fpclassify.o(i.__ARM_fpclassify)
    __ARM_fpclassifyf                        0x08008bf7   Thumb Code    38  fpclassifyf.o(i.__ARM_fpclassifyf)
    __hardfp_asinf                           0x08008c49   Thumb Code   258  asinf.o(i.__hardfp_asinf)
    __hardfp_atan2f                          0x08008d75   Thumb Code   502  atan2f.o(i.__hardfp_atan2f)
    __hardfp_cos                             0x08008fc9   Thumb Code   180  cos.o(i.__hardfp_cos)
    __hardfp_sin                             0x08009091   Thumb Code   180  sin.o(i.__hardfp_sin)
    __hardfp_sqrt                            0x08009159   Thumb Code   122  sqrt.o(i.__hardfp_sqrt)
    __ieee754_rem_pio2                       0x080091d9   Thumb Code   938  rred.o(i.__ieee754_rem_pio2)
    __kernel_cos                             0x08009611   Thumb Code   322  cos_i.o(i.__kernel_cos)
    __kernel_poly                            0x08009781   Thumb Code   248  poly.o(i.__kernel_poly)
    __kernel_sin                             0x08009879   Thumb Code   280  sin_i.o(i.__kernel_sin)
    __mathlib_dbl_infnan                     0x080099a9   Thumb Code    20  dunder.o(i.__mathlib_dbl_infnan)
    __mathlib_dbl_invalid                    0x080099c1   Thumb Code    24  dunder.o(i.__mathlib_dbl_invalid)
    __mathlib_dbl_underflow                  0x080099e1   Thumb Code    24  dunder.o(i.__mathlib_dbl_underflow)
    __mathlib_flt_infnan                     0x08009a01   Thumb Code     6  funder.o(i.__mathlib_flt_infnan)
    __mathlib_flt_infnan2                    0x08009a07   Thumb Code     6  funder.o(i.__mathlib_flt_infnan2)
    __mathlib_flt_invalid                    0x08009a0d   Thumb Code    10  funder.o(i.__mathlib_flt_invalid)
    __mathlib_flt_underflow                  0x08009a1d   Thumb Code    10  funder.o(i.__mathlib_flt_underflow)
    bmi088_accel_init                        0x08009a2d   Thumb Code   292  bmi088driver.o(i.bmi088_accel_init)
    bmi088_accel_self_test                   0x08009b55   Thumb Code   698  bmi088driver.o(i.bmi088_accel_self_test)
    bmi088_gyro_init                         0x08009e15   Thumb Code   214  bmi088driver.o(i.bmi088_gyro_init)
    bmi088_gyro_self_test                    0x08009ef1   Thumb Code   202  bmi088driver.o(i.bmi088_gyro_self_test)
    can_filter_init                          0x08009fbd   Thumb Code    98  baspcan.o(i.can_filter_init)
    fabs                                     0x0800a029   Thumb Code    24  fabs.o(i.fabs)
    get_angle                                0x0800a041   Thumb Code   176  ins_task.o(i.get_angle)
    imu_pwm_set                              0x0800a1ed   Thumb Code     8  bsp_imu_pwm.o(i.imu_pwm_set)
    ins_dma_data_read                        0x0800a271   Thumb Code   682  ins_task.o(i.ins_dma_data_read)
    invSqrt                                  0x0800a53d   Thumb Code    40  mahonyahrs.o(i.invSqrt)
    ist8310_GPIO_init                        0x0800a569   Thumb Code     2  ist8310driver_middleware.o(i.ist8310_GPIO_init)
    ist8310_IIC_read_single_reg              0x0800a56d   Thumb Code    32  ist8310driver_middleware.o(i.ist8310_IIC_read_single_reg)
    ist8310_IIC_write_single_reg             0x0800a591   Thumb Code    30  ist8310driver_middleware.o(i.ist8310_IIC_write_single_reg)
    ist8310_RST_H                            0x0800a5b5   Thumb Code    10  ist8310driver_middleware.o(i.ist8310_RST_H)
    ist8310_RST_L                            0x0800a5c5   Thumb Code    10  ist8310driver_middleware.o(i.ist8310_RST_L)
    ist8310_com_init                         0x0800a5d5   Thumb Code     2  ist8310driver_middleware.o(i.ist8310_com_init)
    ist8310_delay_ms                         0x0800a5d7   Thumb Code     4  ist8310driver_middleware.o(i.ist8310_delay_ms)
    ist8310_init                             0x0800a5dd   Thumb Code   122  ist8310driver.o(i.ist8310_init)
    main                                     0x0800a65d   Thumb Code   100  main.o(i.main)
    osDelay                                  0x0800a6dd   Thumb Code    14  cmsis_os.o(i.osDelay)
    osKernelStart                            0x0800a6eb   Thumb Code    10  cmsis_os.o(i.osKernelStart)
    osThreadCreate                           0x0800a6f5   Thumb Code    84  cmsis_os.o(i.osThreadCreate)
    pcTaskGetName                            0x0800a749   Thumb Code    28  tasks.o(i.pcTaskGetName)
    pid_caculate                             0x0800a769   Thumb Code   566  pid.o(i.pid_caculate)
    pid_init                                 0x0800a9a5   Thumb Code     6  pid.o(i.pid_init)
    pid_param_init                           0x0800a9ad   Thumb Code   140  pid.o(i.pid_param_init)
    pvPortMalloc                             0x0800ade5   Thumb Code   216  heap_4.o(i.pvPortMalloc)
    pxPortInitialiseStack                    0x0800aec1   Thumb Code    40  port.o(i.pxPortInitialiseStack)
    send_all_judge                           0x0800aeed   Thumb Code  1576  send.o(i.send_all_judge)
    send_judge                               0x0800b52d   Thumb Code    34  send.o(i.send_judge)
    sqrtf                                    0x0800b54f   Thumb Code    62  sqrtf.o(i.sqrtf)
    ulTaskNotifyTake                         0x0800b58d   Thumb Code    96  tasks.o(i.ulTaskNotifyTake)
    uxListRemove                             0x0800b5f5   Thumb Code    38  list.o(i.uxListRemove)
    vApplicationGetIdleTaskMemory            0x0800b61d   Thumb Code    16  freertos.o(i.vApplicationGetIdleTaskMemory)
    vListInitialise                          0x0800b631   Thumb Code    22  list.o(i.vListInitialise)
    vListInitialiseItem                      0x0800b647   Thumb Code     6  list.o(i.vListInitialiseItem)
    vListInsert                              0x0800b64d   Thumb Code    48  list.o(i.vListInsert)
    vListInsertEnd                           0x0800b67d   Thumb Code    24  list.o(i.vListInsertEnd)
    vPortEnterCritical                       0x0800b695   Thumb Code    54  port.o(i.vPortEnterCritical)
    vPortExitCritical                        0x0800b6d5   Thumb Code    34  port.o(i.vPortExitCritical)
    vPortFree                                0x0800b6fd   Thumb Code    94  heap_4.o(i.vPortFree)
    vPortSetupTimerInterrupt                 0x0800b761   Thumb Code    32  port.o(i.vPortSetupTimerInterrupt)
    vPortValidateInterruptPriority           0x0800b785   Thumb Code    74  port.o(i.vPortValidateInterruptPriority)
    vTaskDelay                               0x0800b7d9   Thumb Code    66  tasks.o(i.vTaskDelay)
    vTaskDelayUntil                          0x0800b825   Thumb Code   132  tasks.o(i.vTaskDelayUntil)
    vTaskNotifyGiveFromISR                   0x0800b8b1   Thumb Code   172  tasks.o(i.vTaskNotifyGiveFromISR)
    vTaskStartScheduler                      0x0800b965   Thumb Code    90  tasks.o(i.vTaskStartScheduler)
    vTaskSuspendAll                          0x0800b9d1   Thumb Code    10  tasks.o(i.vTaskSuspendAll)
    vTaskSwitchContext                       0x0800b9e1   Thumb Code    82  tasks.o(i.vTaskSwitchContext)
    xPortStartScheduler                      0x0800ba3d   Thumb Code   222  port.o(i.xPortStartScheduler)
    xTaskCreate                              0x0800bb31   Thumb Code    90  tasks.o(i.xTaskCreate)
    xTaskCreateStatic                        0x0800bb8b   Thumb Code    86  tasks.o(i.xTaskCreateStatic)
    xTaskGetHandle                           0x0800bbe1   Thumb Code   124  tasks.o(i.xTaskGetHandle)
    xTaskGetSchedulerState                   0x0800bc65   Thumb Code    22  tasks.o(i.xTaskGetSchedulerState)
    xTaskGetTickCount                        0x0800bc81   Thumb Code     6  tasks.o(i.xTaskGetTickCount)
    xTaskIncrementTick                       0x0800bc8d   Thumb Code   194  tasks.o(i.xTaskIncrementTick)
    xTaskResumeAll                           0x0800bd59   Thumb Code   182  tasks.o(i.xTaskResumeAll)
    __aeabi_dneg                             0x0800be1d   Thumb Code     0  basic.o(x$fpl$basic)
    _dneg                                    0x0800be1d   Thumb Code     6  basic.o(x$fpl$basic)
    __aeabi_fneg                             0x0800be23   Thumb Code     0  basic.o(x$fpl$basic)
    _fneg                                    0x0800be23   Thumb Code     6  basic.o(x$fpl$basic)
    _dabs                                    0x0800be29   Thumb Code     6  basic.o(x$fpl$basic)
    _fabs                                    0x0800be2f   Thumb Code     6  basic.o(x$fpl$basic)
    __aeabi_d2f                              0x0800be35   Thumb Code     0  d2f.o(x$fpl$d2f)
    _d2f                                     0x0800be35   Thumb Code    98  d2f.o(x$fpl$d2f)
    __aeabi_dadd                             0x0800be99   Thumb Code     0  daddsub_clz.o(x$fpl$dadd)
    _dadd                                    0x0800be99   Thumb Code   332  daddsub_clz.o(x$fpl$dadd)
    __aeabi_ddiv                             0x0800bfe9   Thumb Code     0  ddiv.o(x$fpl$ddiv)
    _ddiv                                    0x0800bfe9   Thumb Code   552  ddiv.o(x$fpl$ddiv)
    __aeabi_d2iz                             0x0800c299   Thumb Code     0  dfix.o(x$fpl$dfix)
    _dfix                                    0x0800c299   Thumb Code    94  dfix.o(x$fpl$dfix)
    __aeabi_d2uiz                            0x0800c2f9   Thumb Code     0  dfixu.o(x$fpl$dfixu)
    _dfixu                                   0x0800c2f9   Thumb Code    90  dfixu.o(x$fpl$dfixu)
    __aeabi_i2d                              0x0800c353   Thumb Code     0  dflt_clz.o(x$fpl$dflt)
    _dflt                                    0x0800c353   Thumb Code    46  dflt_clz.o(x$fpl$dflt)
    __aeabi_ui2d                             0x0800c381   Thumb Code     0  dflt_clz.o(x$fpl$dfltu)
    _dfltu                                   0x0800c381   Thumb Code    38  dflt_clz.o(x$fpl$dfltu)
    __aeabi_dmul                             0x0800c3a9   Thumb Code     0  dmul.o(x$fpl$dmul)
    _dmul                                    0x0800c3a9   Thumb Code   332  dmul.o(x$fpl$dmul)
    __fpl_dnaninf                            0x0800c4fd   Thumb Code   156  dnaninf.o(x$fpl$dnaninf)
    __fpl_dretinf                            0x0800c599   Thumb Code    12  dretinf.o(x$fpl$dretinf)
    __aeabi_drsub                            0x0800c5a5   Thumb Code     0  daddsub_clz.o(x$fpl$drsb)
    _drsb                                    0x0800c5a5   Thumb Code    22  daddsub_clz.o(x$fpl$drsb)
    _dsqrt                                   0x0800c5bd   Thumb Code   404  dsqrt_umaal.o(x$fpl$dsqrt)
    __aeabi_dsub                             0x0800c755   Thumb Code     0  daddsub_clz.o(x$fpl$dsub)
    _dsub                                    0x0800c755   Thumb Code   464  daddsub_clz.o(x$fpl$dsub)
    __aeabi_f2d                              0x0800c929   Thumb Code     0  f2d.o(x$fpl$f2d)
    _f2d                                     0x0800c929   Thumb Code    86  f2d.o(x$fpl$f2d)
    __fpl_fnaninf                            0x0800c97f   Thumb Code   140  fnaninf.o(x$fpl$fnaninf)
    _fp_init                                 0x0800ca0b   Thumb Code    10  fpinit.o(x$fpl$fpinit)
    __fplib_config_fpu_vfp                   0x0800ca13   Thumb Code     0  fpinit.o(x$fpl$fpinit)
    __fplib_config_pureend_doubles           0x0800ca13   Thumb Code     0  fpinit.o(x$fpl$fpinit)
    __fpl_fretinf                            0x0800ca15   Thumb Code    10  fretinf.o(x$fpl$fretinf)
    __I$use$fp                               0x0800ca1e   Number         0  usenofp.o(x$fpl$usenofp)
    AHBPrescTable                            0x0800ca7c   Data          16  system_stm32f4xx.o(.constdata)
    APBPrescTable                            0x0800ca8c   Data           8  system_stm32f4xx.o(.constdata)
    CRC8_TAB                                 0x0800cab2   Data         256  crc_bro_init.o(.constdata)
    wCRC_Table                               0x0800cbb2   Data         512  crc_bro_init.o(.constdata)
    Region$$Table$$Base                      0x0800cefc   Number         0  anon$$obj.o(Region$$Table)
    Region$$Table$$Limit                     0x0800cf1c   Number         0  anon$$obj.o(Region$$Table)
    zimiao_yaw                               0x20000000   Data           4  main.o(.data)
    Auto_speed_x                             0x20000004   Data           4  main.o(.data)
    Auto_speed_y                             0x20000008   Data           4  main.o(.data)
    chassis_taskHandle                       0x2000000c   Data           4  freertos.o(.data)
    IMU_TASKHandle                           0x20000010   Data           4  freertos.o(.data)
    judgeHandle                              0x20000014   Data           4  freertos.o(.data)
    hcrc                                     0x2000001c   Data           8  crc.o(.data)
    uwTickFreq                               0x20000024   Data           1  stm32f4xx_hal.o(.data)
    uwTickPrio                               0x20000028   Data           4  stm32f4xx_hal.o(.data)
    uwTick                                   0x2000002c   Data           4  stm32f4xx_hal.o(.data)
    SystemCoreClock                          0x20000030   Data           4  system_stm32f4xx.o(.data)
    pxCurrentTCB                             0x20000034   Data           4  tasks.o(.data)
    BMI088_ACCEL_SEN                         0x200000a0   Data           4  bmi088driver.o(.data)
    BMI088_GYRO_SEN                          0x200000a4   Data           4  bmi088driver.o(.data)
    gyro_update_flag                         0x200000cc   Data           1  ins_task.o(.data)
    accel_update_flag                        0x200000cd   Data           1  ins_task.o(.data)
    accel_temp_update_flag                   0x200000ce   Data           1  ins_task.o(.data)
    mag_update_flag                          0x200000cf   Data           1  ins_task.o(.data)
    imu_start_dma_flag                       0x200000d0   Data           1  ins_task.o(.data)
    imu_init_finish_flag                     0x200000d1   Data           1  ins_task.o(.data)
    gimbal_return_finish_flag                0x200000d2   Data           1  ins_task.o(.data)
    accel_temp_dma_tx_buf                    0x200000d5   Data           4  ins_task.o(.data)
    yaw_add_one_tick                         0x200000dc   Data           4  ins_task.o(.data)
    pre_tick                                 0x200000e0   Data           4  ins_task.o(.data)
    count_accel                              0x200000e4   Data           4  ins_task.o(.data)
    count_gyro                               0x200000e8   Data           4  ins_task.o(.data)
    count_temp                               0x200000ec   Data           4  ins_task.o(.data)
    accel_temp_dma_rx_buf                    0x200000f8   Data           4  ins_task.o(.data)
    yaw_offset                               0x200000fc   Data           4  ins_task.o(.data)
    tick                                     0x20000100   Data           4  ins_task.o(.data)
    gyro_dma_tx_buf                          0x20000104   Data           8  ins_task.o(.data)
    gyro_dma_rx_buf                          0x2000010c   Data           8  ins_task.o(.data)
    accel_dma_tx_buf                         0x20000114   Data           9  ins_task.o(.data)
    twoKp                                    0x2000012c   Data           4  mahonyahrs.o(.data)
    twoKi                                    0x20000130   Data           4  mahonyahrs.o(.data)
    integralFBx                              0x20000134   Data           4  mahonyahrs.o(.data)
    integralFBy                              0x20000138   Data           4  mahonyahrs.o(.data)
    integralFBz                              0x2000013c   Data           4  mahonyahrs.o(.data)
    xiaotuoluo_flag                          0x20000140   Data           1  baspcan.o(.data)
    fuhuo_flag                               0x20000141   Data           1  baspcan.o(.data)
    zidan_much                               0x20000142   Data           1  baspcan.o(.data)
    zimiao_rx                                0x20000144   Data           4  baspcan.o(.data)
    IMU_9025_YAW                             0x20000148   Data           4  baspcan.o(.data)
    imu_yaw_angle                            0x2000014c   Data           4  baspcan.o(.data)
    converter_rx                             0x20000150   Data           8  baspcan.o(.data)
    max_power_limit                          0x20000158   Data           2  chassis_move.o(.data)
    output_power                             0x2000015c   Data           4  chassis_move.o(.data)
    chassis_max_power                        0x20000160   Data           4  chassis_move.o(.data)
    initial_total_power                      0x20000164   Data           4  chassis_move.o(.data)
    toque_coefficient                        0x20000168   Data           4  chassis_move.o(.data)
    k1                                       0x2000016c   Data           4  chassis_move.o(.data)
    k2                                       0x20000170   Data           4  chassis_move.o(.data)
    constant                                 0x20000174   Data           4  chassis_move.o(.data)
    temp_chassis                             0x20000178   Data           4  chassis_move.o(.data)
    Angle                                    0x2000017c   Data           4  chassis_move.o(.data)
    errr                                     0x20000180   Data           4  chassis_move.o(.data)
    gyro_flag                                0x20000184   Data           1  chassis_task.o(.data)
    speed_9025                               0x20000188   Data           4  chassis_task.o(.data)
    angle_more                               0x2000018c   Data           4  chassis_task.o(.data)
    gyro_angle                               0x20000190   Data           4  chassis_task.o(.data)
    Judge_Data_TF                            0x20000194   Data           1  judge.o(.data)
    Hurt_Data_Update                         0x20000195   Data           1  judge.o(.data)
    yaw_flag_hit                             0x20000196   Data           1  judge.o(.data)
    Hurt_Flag                                0x20000197   Data           1  judge.o(.data)
    robot_type                               0x20000198   Data           1  judge.o(.data)
    Judge_Self_ID                            0x20000199   Data           1  judge.o(.data)
    Color                                    0x2000019a   Data           1  judge.o(.data)
    Hurt_num                                 0x2000019c   Data           2  judge.o(.data)
    Judge_SelfClient_ID                      0x2000019e   Data           2  judge.o(.data)
    bullet_speed2                            0x200001a0   Data           4  judge.o(.data)
    Last_HP                                  0x200001a4   Data           4  judge.o(.data)
    Now_HP                                   0x200001a8   Data           4  judge.o(.data)
    BulletSpeed                              0x200001ac   Data           4  judge.o(.data)
    bullet_speed1                            0x200001b0   Data           4  judge.o(.data)
    CRC_INIT                                 0x200001b4   Data           2  crc_bro_init.o(.data)
    hit_flag                                 0x200001b8   Data           1  send.o(.data)
    computition_type                         0x200001ba   Data           2  send.o(.data)
    money_game                               0x200001bc   Data           2  send.o(.data)
    infantry_1_hp_red                        0x200001be   Data           2  send.o(.data)
    infantry_2_hp_red                        0x200001c0   Data           2  send.o(.data)
    hero_hp_red                              0x200001c2   Data           2  send.o(.data)
    engineer_hp_red                          0x200001c4   Data           2  send.o(.data)
    sentry_hp_red                            0x200001c6   Data           2  send.o(.data)
    outpost_red_hp                           0x200001c8   Data           2  send.o(.data)
    base_red_hp                              0x200001ca   Data           2  send.o(.data)
    infantry_1_hp_blue                       0x200001cc   Data           2  send.o(.data)
    infantry_2_hp_blue                       0x200001ce   Data           2  send.o(.data)
    hero_hp_blue                             0x200001d0   Data           2  send.o(.data)
    engineer_hp_blue                         0x200001d2   Data           2  send.o(.data)
    sentry_hp_blue                           0x200001d4   Data           2  send.o(.data)
    outpost_blue_hp                          0x200001d6   Data           2  send.o(.data)
    base_blue_hp                             0x200001d8   Data           2  send.o(.data)
    remain_zidan                             0x200001da   Data           2  send.o(.data)
    heat_2006                                0x200001dc   Data           2  send.o(.data)
    limit_17_2006                            0x200001de   Data           2  send.o(.data)
    speed_sentry                             0x200001e0   Data           4  send.o(.data)
    target_robot                             0x200001e4   Data           8  send.o(.data)
    infantry_1_place                         0x200001ec   Data           8  send.o(.data)
    infantry_2_place                         0x200001f4   Data           8  send.o(.data)
    hero_place                               0x200001fc   Data           8  send.o(.data)
    engineer_place                           0x20000204   Data           8  send.o(.data)
    sentry_place                             0x2000020c   Data           8  send.o(.data)
    motor_3508                               0x20000214   Data         288  main.o(.bss)
    motor_9025_yaw                           0x20000334   Data         192  main.o(.bss)
    hcan1                                    0x20000648   Data          40  can.o(.bss)
    hcan2                                    0x20000670   Data          40  can.o(.bss)
    hi2c3                                    0x20000698   Data          84  i2c.o(.bss)
    hspi1                                    0x200006ec   Data          88  spi.o(.bss)
    hdma_spi1_rx                             0x20000744   Data          96  spi.o(.bss)
    hdma_spi1_tx                             0x200007a4   Data          96  spi.o(.bss)
    htim1                                    0x20000804   Data          72  tim.o(.bss)
    htim10                                   0x2000084c   Data          72  tim.o(.bss)
    htim13                                   0x20000894   Data          72  tim.o(.bss)
    huart1                                   0x200008dc   Data          72  usart.o(.bss)
    huart3                                   0x20000924   Data          72  usart.o(.bss)
    hdma_usart1_rx                           0x2000096c   Data          96  usart.o(.bss)
    hdma_usart1_tx                           0x200009cc   Data          96  usart.o(.bss)
    hdma_usart3_rx                           0x20000a2c   Data          96  usart.o(.bss)
    htim6                                    0x20000a8c   Data          72  stm32f4xx_hal_timebase_tim.o(.bss)
    hpcd_USB_OTG_FS                          0x20000cf4   Data        1252  usbd_conf.o(.bss)
    accel_fliter_3                           0x20004ee0   Data          12  ins_task.o(.bss)
    INS_gyro                                 0x20004eec   Data          12  ins_task.o(.bss)
    INS_quat                                 0x20004ef8   Data          16  ins_task.o(.bss)
    INS_angle                                0x20004f08   Data          12  ins_task.o(.bss)
    IMU_angle                                0x20004f14   Data          12  ins_task.o(.bss)
    accel_dma_rx_buf                         0x20004f20   Data           9  ins_task.o(.bss)
    bmi088_real_data                         0x20004f2c   Data          36  ins_task.o(.bss)
    ist8310_real_data                        0x20004f50   Data          16  ins_task.o(.bss)
    gyro_offset                              0x20004f60   Data          12  ins_task.o(.bss)
    gyro_cali_offset                         0x20004f6c   Data          12  ins_task.o(.bss)
    pdata                                    0x20004fdc   Data          18  remote.o(.bss)
    RC_CtrlData                              0x20004fee   Data          22  remote.o(.bss)
    out_give_chassis                         0x20005004   Data          16  chassis_move.o(.bss)
    Temp_Chassis_Speed                       0x20005014   Data          12  chassis_move.o(.bss)
    Chassis_Speed                            0x20005020   Data          12  chassis_move.o(.bss)
    initial_give_power                       0x2000502c   Data          16  chassis_move.o(.bss)
    scaled_give_power                        0x2000503c   Data          16  chassis_move.o(.bss)
    judge_frame_rx                           0x2000504c   Data         460  judge.o(.bss)
    judge_rx_buff                            0x20005218   Data        2000  judge.o(.bss)
    __libspace_start                         0x200059e8   Data          96  libspace.o(.bss)
    __temporary_stack_top$libspace           0x20005a48   Data           0  libspace.o(.bss)



==============================================================================

Memory Map of the image

  Image Entry point : 0x08000189

  Load Region LR_IROM1 (Base: 0x08000000, Size: 0x0000d130, Max: 0x00100000, ABSOLUTE, COMPRESSED[0x0000cf9c])

    Execution Region ER_IROM1 (Base: 0x08000000, Size: 0x0000cf1c, Max: 0x00100000, ABSOLUTE)

    Base Addr    Size         Type   Attr      Idx    E Section Name        Object

    0x08000000   0x00000188   Data   RO            3    RESET               startup_stm32f407xx.o
    0x08000188   0x00000008   Code   RO         8731  * !!!main             c_w.l(__main.o)
    0x08000190   0x00000034   Code   RO         9107    !!!scatter          c_w.l(__scatter.o)
    0x080001c4   0x0000005a   Code   RO         9105    !!dczerorl2         c_w.l(__dczerorl2.o)
    0x0800021e   0x00000002   PAD
    0x08000220   0x0000001c   Code   RO         9109    !!handler_zi        c_w.l(__scatter_zi.o)
    0x0800023c   0x00000002   Code   RO         8978    .ARM.Collect$$libinit$$00000000  c_w.l(libinit.o)
    0x0800023e   0x00000004   Code   RO         8987    .ARM.Collect$$libinit$$00000001  c_w.l(libinit2.o)
    0x08000242   0x00000000   Code   RO         8990    .ARM.Collect$$libinit$$00000004  c_w.l(libinit2.o)
    0x08000242   0x00000000   Code   RO         8993    .ARM.Collect$$libinit$$0000000A  c_w.l(libinit2.o)
    0x08000242   0x00000000   Code   RO         8995    .ARM.Collect$$libinit$$0000000C  c_w.l(libinit2.o)
    0x08000242   0x00000000   Code   RO         8997    .ARM.Collect$$libinit$$0000000E  c_w.l(libinit2.o)
    0x08000242   0x00000000   Code   RO         9000    .ARM.Collect$$libinit$$00000011  c_w.l(libinit2.o)
    0x08000242   0x00000000   Code   RO         9002    .ARM.Collect$$libinit$$00000013  c_w.l(libinit2.o)
    0x08000242   0x00000000   Code   RO         9004    .ARM.Collect$$libinit$$00000015  c_w.l(libinit2.o)
    0x08000242   0x00000000   Code   RO         9006    .ARM.Collect$$libinit$$00000017  c_w.l(libinit2.o)
    0x08000242   0x00000000   Code   RO         9008    .ARM.Collect$$libinit$$00000019  c_w.l(libinit2.o)
    0x08000242   0x00000000   Code   RO         9010    .ARM.Collect$$libinit$$0000001B  c_w.l(libinit2.o)
    0x08000242   0x00000000   Code   RO         9012    .ARM.Collect$$libinit$$0000001D  c_w.l(libinit2.o)
    0x08000242   0x00000000   Code   RO         9014    .ARM.Collect$$libinit$$0000001F  c_w.l(libinit2.o)
    0x08000242   0x00000000   Code   RO         9016    .ARM.Collect$$libinit$$00000021  c_w.l(libinit2.o)
    0x08000242   0x00000000   Code   RO         9018    .ARM.Collect$$libinit$$00000023  c_w.l(libinit2.o)
    0x08000242   0x00000000   Code   RO         9020    .ARM.Collect$$libinit$$00000025  c_w.l(libinit2.o)
    0x08000242   0x00000000   Code   RO         9024    .ARM.Collect$$libinit$$0000002C  c_w.l(libinit2.o)
    0x08000242   0x00000000   Code   RO         9026    .ARM.Collect$$libinit$$0000002E  c_w.l(libinit2.o)
    0x08000242   0x00000000   Code   RO         9028    .ARM.Collect$$libinit$$00000030  c_w.l(libinit2.o)
    0x08000242   0x00000000   Code   RO         9030    .ARM.Collect$$libinit$$00000032  c_w.l(libinit2.o)
    0x08000242   0x00000002   Code   RO         9031    .ARM.Collect$$libinit$$00000033  c_w.l(libinit2.o)
    0x08000244   0x00000002   Code   RO         9062    .ARM.Collect$$libshutdown$$00000000  c_w.l(libshutdown.o)
    0x08000246   0x00000000   Code   RO         9088    .ARM.Collect$$libshutdown$$00000002  c_w.l(libshutdown2.o)
    0x08000246   0x00000000   Code   RO         9090    .ARM.Collect$$libshutdown$$00000004  c_w.l(libshutdown2.o)
    0x08000246   0x00000000   Code   RO         9093    .ARM.Collect$$libshutdown$$00000007  c_w.l(libshutdown2.o)
    0x08000246   0x00000000   Code   RO         9096    .ARM.Collect$$libshutdown$$0000000A  c_w.l(libshutdown2.o)
    0x08000246   0x00000000   Code   RO         9098    .ARM.Collect$$libshutdown$$0000000C  c_w.l(libshutdown2.o)
    0x08000246   0x00000000   Code   RO         9101    .ARM.Collect$$libshutdown$$0000000F  c_w.l(libshutdown2.o)
    0x08000246   0x00000002   Code   RO         9102    .ARM.Collect$$libshutdown$$00000010  c_w.l(libshutdown2.o)
    0x08000248   0x00000000   Code   RO         8831    .ARM.Collect$$rtentry$$00000000  c_w.l(__rtentry.o)
    0x08000248   0x00000000   Code   RO         8931    .ARM.Collect$$rtentry$$00000002  c_w.l(__rtentry2.o)
    0x08000248   0x00000006   Code   RO         8943    .ARM.Collect$$rtentry$$00000004  c_w.l(__rtentry4.o)
    0x0800024e   0x00000000   Code   RO         8933    .ARM.Collect$$rtentry$$00000009  c_w.l(__rtentry2.o)
    0x0800024e   0x00000004   Code   RO         8934    .ARM.Collect$$rtentry$$0000000A  c_w.l(__rtentry2.o)
    0x08000252   0x00000000   Code   RO         8936    .ARM.Collect$$rtentry$$0000000C  c_w.l(__rtentry2.o)
    0x08000252   0x00000008   Code   RO         8937    .ARM.Collect$$rtentry$$0000000D  c_w.l(__rtentry2.o)
    0x0800025a   0x00000002   Code   RO         8979    .ARM.Collect$$rtexit$$00000000  c_w.l(rtexit.o)
    0x0800025c   0x00000000   Code   RO         9035    .ARM.Collect$$rtexit$$00000002  c_w.l(rtexit2.o)
    0x0800025c   0x00000004   Code   RO         9036    .ARM.Collect$$rtexit$$00000003  c_w.l(rtexit2.o)
    0x08000260   0x00000006   Code   RO         9037    .ARM.Collect$$rtexit$$00000004  c_w.l(rtexit2.o)
    0x08000266   0x00000002   PAD
    0x08000268   0x000000be   Code   RO         6739    .emb_text           port.o
    0x08000326   0x00000002   PAD
    0x08000328   0x00000040   Code   RO            4    .text               startup_stm32f407xx.o
    0x08000368   0x000000ee   Code   RO         8715    .text               c_w.l(lludivv7m.o)
    0x08000456   0x0000003e   Code   RO         8717    .text               c_w.l(strlen.o)
    0x08000494   0x0000008a   Code   RO         8719    .text               c_w.l(rt_memcpy_v6.o)
    0x0800051e   0x00000064   Code   RO         8721    .text               c_w.l(rt_memcpy_w.o)
    0x08000582   0x00000044   Code   RO         8725    .text               c_w.l(rt_memclr.o)
    0x080005c6   0x0000004e   Code   RO         8727    .text               c_w.l(rt_memclr_w.o)
    0x08000614   0x00000006   Code   RO         8729    .text               c_w.l(heapauxi.o)
    0x0800061a   0x00000016   Code   RO         8836    .text               c_w.l(_rserrno.o)
    0x08000630   0x00000008   Code   RO         8950    .text               c_w.l(rt_errno_addr_intlibspace.o)
    0x08000638   0x00000008   Code   RO         8962    .text               c_w.l(libspace.o)
    0x08000640   0x0000004a   Code   RO         8965    .text               c_w.l(sys_stackheap_outer.o)
    0x0800068a   0x00000012   Code   RO         8967    .text               c_w.l(exit.o)
    0x0800069c   0x0000000c   Code   RO         9032    .text               c_w.l(sys_exit.o)
    0x080006a8   0x00000002   Code   RO         9051    .text               c_w.l(use_no_semi.o)
    0x080006aa   0x00000000   Code   RO         9053    .text               c_w.l(indicate_semi.o)
    0x080006aa   0x00000002   PAD
    0x080006ac   0x00000020   Code   RO         7598    i.AHRS_init         ins_task.o
    0x080006cc   0x0000000c   Code   RO         7599    i.AHRS_update       ins_task.o
    0x080006d8   0x00000010   Code   RO         7439    i.BMI088_ACCEL_NS_H  bmi088middleware.o
    0x080006e8   0x00000010   Code   RO         7440    i.BMI088_ACCEL_NS_L  bmi088middleware.o
    0x080006f8   0x00000002   Code   RO         7441    i.BMI088_GPIO_init  bmi088middleware.o
    0x080006fa   0x00000002   PAD
    0x080006fc   0x00000010   Code   RO         7442    i.BMI088_GYRO_NS_H  bmi088middleware.o
    0x0800070c   0x00000010   Code   RO         7443    i.BMI088_GYRO_NS_L  bmi088middleware.o
    0x0800071c   0x00000080   Code   RO         7222    i.BMI088_accel_read_over  bmi088driver.o
    0x0800079c   0x00000002   Code   RO         7444    i.BMI088_com_init   bmi088middleware.o
    0x0800079e   0x00000004   Code   RO         7445    i.BMI088_delay_ms   bmi088middleware.o
    0x080007a2   0x00000006   Code   RO         7446    i.BMI088_delay_us   bmi088middleware.o
    0x080007a8   0x00000060   Code   RO         7223    i.BMI088_gyro_read_over  bmi088driver.o
    0x08000808   0x0000002e   Code   RO         7224    i.BMI088_init       bmi088driver.o
    0x08000836   0x00000002   PAD
    0x08000838   0x00000158   Code   RO         7225    i.BMI088_read       bmi088driver.o
    0x08000990   0x00000024   Code   RO         7228    i.BMI088_read_muli_reg  bmi088driver.o
    0x080009b4   0x00000016   Code   RO         7229    i.BMI088_read_single_reg  bmi088driver.o
    0x080009ca   0x00000002   PAD
    0x080009cc   0x00000020   Code   RO         7447    i.BMI088_read_write_byte  bmi088middleware.o
    0x080009ec   0x0000002e   Code   RO         7230    i.BMI088_temperature_read_over  bmi088driver.o
    0x08000a1a   0x00000012   Code   RO         7231    i.BMI088_write_single_reg  bmi088driver.o
    0x08000a2c   0x00000002   Code   RO          700    i.BusFault_Handler  stm32f4xx_it.o
    0x08000a2e   0x00000002   PAD
    0x08000a30   0x0000000c   Code   RO          701    i.CAN1_RX0_IRQHandler  stm32f4xx_it.o
    0x08000a3c   0x0000000c   Code   RO          702    i.CAN2_RX0_IRQHandler  stm32f4xx_it.o
    0x08000a48   0x00000160   Code   RO         8059    i.Chassis_Motor_Solution  chassis_move.o
    0x08000ba8   0x00000028   Code   RO         8060    i.Chassis_Move      chassis_move.o
    0x08000bd0   0x00000314   Code   RO         8061    i.Chassis_Move_Auto  chassis_move.o
    0x08000ee4   0x0000008c   Code   RO         8062    i.Chassis_PID_Calc  chassis_move.o
    0x08000f70   0x000000a0   Code   RO         8349    i.Chassis_PID_Init_All  motor_pid_init.o
    0x08001010   0x000002a8   Code   RO         8063    i.Chassis_Power_Limit  chassis_move.o
    0x080012b8   0x0000004c   Code   RO         8065    i.Chassis_Remote_Control_normal  chassis_move.o
    0x08001304   0x000000ec   Code   RO         8066    i.Chassis_Solution  chassis_move.o
    0x080013f0   0x0000001c   Code   RO          703    i.DMA1_Stream1_IRQHandler  stm32f4xx_it.o
    0x0800140c   0x00000014   Code   RO          704    i.DMA2_Stream2_IRQHandler  stm32f4xx_it.o
    0x08001420   0x0000000c   Code   RO          705    i.DMA2_Stream3_IRQHandler  stm32f4xx_it.o
    0x0800142c   0x0000000c   Code   RO          706    i.DMA2_Stream5_IRQHandler  stm32f4xx_it.o
    0x08001438   0x0000000c   Code   RO          707    i.DMA2_Stream7_IRQHandler  stm32f4xx_it.o
    0x08001444   0x00000028   Code   RO         2369    i.DMA_CalcBaseAndBitshift  stm32f4xx_hal_dma.o
    0x0800146c   0x00000054   Code   RO         2370    i.DMA_CheckFifoParam  stm32f4xx_hal_dma.o
    0x080014c0   0x00000028   Code   RO         2371    i.DMA_SetConfig     stm32f4xx_hal_dma.o
    0x080014e8   0x00000002   Code   RO          708    i.DebugMon_Handler  stm32f4xx_it.o
    0x080014ea   0x00000006   Code   RO          709    i.EXTI0_IRQHandler  stm32f4xx_it.o
    0x080014f0   0x00000006   Code   RO          710    i.EXTI1_IRQHandler  stm32f4xx_it.o
    0x080014f6   0x00000006   Code   RO          711    i.EXTI3_IRQHandler  stm32f4xx_it.o
    0x080014fc   0x00000006   Code   RO          712    i.EXTI4_IRQHandler  stm32f4xx_it.o
    0x08001502   0x00000006   Code   RO          713    i.EXTI9_5_IRQHandler  stm32f4xx_it.o
    0x08001508   0x00000004   Code   RO           13    i.Error_Handler     main.o
    0x0800150c   0x000000c4   Code   RO         8067    i.Find_Angle        chassis_move.o
    0x080015d0   0x0000002c   Code   RO         8618    i.Get_CRC16_Check_Sum  crc_bro_init.o
    0x080015fc   0x0000001c   Code   RO         8619    i.Get_CRC8_Check_Sum  crc_bro_init.o
    0x08001618   0x00000024   Code   RO         3061    i.HAL_CAN_ActivateNotification  stm32f4xx_hal_can.o
    0x0800163c   0x000000bc   Code   RO         3062    i.HAL_CAN_AddTxMessage  stm32f4xx_hal_can.o
    0x080016f8   0x0000010c   Code   RO         3063    i.HAL_CAN_ConfigFilter  stm32f4xx_hal_can.o
    0x08001804   0x00000002   Code   RO         3066    i.HAL_CAN_ErrorCallback  stm32f4xx_hal_can.o
    0x08001806   0x000000f4   Code   RO         3069    i.HAL_CAN_GetRxMessage  stm32f4xx_hal_can.o
    0x080018fa   0x000001fc   Code   RO         3073    i.HAL_CAN_IRQHandler  stm32f4xx_hal_can.o
    0x08001af6   0x0000011a   Code   RO         3074    i.HAL_CAN_Init      stm32f4xx_hal_can.o
    0x08001c10   0x000000fc   Code   RO          382    i.HAL_CAN_MspInit   can.o
    0x08001d0c   0x00000002   Code   RO         3081    i.HAL_CAN_RxFifo0FullCallback  stm32f4xx_hal_can.o
    0x08001d0e   0x00000002   PAD
    0x08001d10   0x000001c0   Code   RO         8012    i.HAL_CAN_RxFifo0MsgPendingCallback  baspcan.o
    0x08001ed0   0x00000002   Code   RO         3083    i.HAL_CAN_RxFifo1FullCallback  stm32f4xx_hal_can.o
    0x08001ed2   0x00000002   Code   RO         3084    i.HAL_CAN_RxFifo1MsgPendingCallback  stm32f4xx_hal_can.o
    0x08001ed4   0x00000002   Code   RO         3085    i.HAL_CAN_SleepCallback  stm32f4xx_hal_can.o
    0x08001ed6   0x00000002   PAD
    0x08001ed8   0x00000058   Code   RO         3086    i.HAL_CAN_Start     stm32f4xx_hal_can.o
    0x08001f30   0x00000002   Code   RO         3088    i.HAL_CAN_TxMailbox0AbortCallback  stm32f4xx_hal_can.o
    0x08001f32   0x00000002   Code   RO         3089    i.HAL_CAN_TxMailbox0CompleteCallback  stm32f4xx_hal_can.o
    0x08001f34   0x00000002   Code   RO         3090    i.HAL_CAN_TxMailbox1AbortCallback  stm32f4xx_hal_can.o
    0x08001f36   0x00000002   Code   RO         3091    i.HAL_CAN_TxMailbox1CompleteCallback  stm32f4xx_hal_can.o
    0x08001f38   0x00000002   Code   RO         3092    i.HAL_CAN_TxMailbox2AbortCallback  stm32f4xx_hal_can.o
    0x08001f3a   0x00000002   Code   RO         3093    i.HAL_CAN_TxMailbox2CompleteCallback  stm32f4xx_hal_can.o
    0x08001f3c   0x00000002   Code   RO         3095    i.HAL_CAN_WakeUpFromRxMsgCallback  stm32f4xx_hal_can.o
    0x08001f3e   0x00000022   Code   RO         3298    i.HAL_CRC_Init      stm32f4xx_hal_crc.o
    0x08001f60   0x00000028   Code   RO          431    i.HAL_CRC_MspInit   crc.o
    0x08001f88   0x00000092   Code   RO         2372    i.HAL_DMA_Abort     stm32f4xx_hal_dma.o
    0x0800201a   0x00000024   Code   RO         2373    i.HAL_DMA_Abort_IT  stm32f4xx_hal_dma.o
    0x0800203e   0x00000002   PAD
    0x08002040   0x000001a0   Code   RO         2377    i.HAL_DMA_IRQHandler  stm32f4xx_hal_dma.o
    0x080021e0   0x000000d4   Code   RO         2378    i.HAL_DMA_Init      stm32f4xx_hal_dma.o
    0x080022b4   0x0000006e   Code   RO         2382    i.HAL_DMA_Start_IT  stm32f4xx_hal_dma.o
    0x08002322   0x00000002   PAD
    0x08002324   0x0000009c   Code   RO         7600    i.HAL_GPIO_EXTI_Callback  ins_task.o
    0x080023c0   0x00000018   Code   RO         2264    i.HAL_GPIO_EXTI_IRQHandler  stm32f4xx_hal_gpio.o
    0x080023d8   0x000001f0   Code   RO         2265    i.HAL_GPIO_Init     stm32f4xx_hal_gpio.o
    0x080025c8   0x0000000a   Code   RO         2269    i.HAL_GPIO_WritePin  stm32f4xx_hal_gpio.o
    0x080025d2   0x00000002   PAD
    0x080025d4   0x0000000c   Code   RO         2815    i.HAL_GetTick       stm32f4xx_hal.o
    0x080025e0   0x00000188   Code   RO         3365    i.HAL_I2C_Init      stm32f4xx_hal_i2c.o
    0x08002768   0x00000204   Code   RO         3383    i.HAL_I2C_Mem_Read  stm32f4xx_hal_i2c.o
    0x0800296c   0x00000130   Code   RO         3386    i.HAL_I2C_Mem_Write  stm32f4xx_hal_i2c.o
    0x08002a9c   0x00000094   Code   RO          497    i.HAL_I2C_MspInit   i2c.o
    0x08002b30   0x00000010   Code   RO         2821    i.HAL_IncTick       stm32f4xx_hal.o
    0x08002b40   0x00000034   Code   RO         2822    i.HAL_Init          stm32f4xx_hal.o
    0x08002b74   0x00000098   Code   RO          888    i.HAL_InitTick      stm32f4xx_hal_timebase_tim.o
    0x08002c0c   0x00000038   Code   RO          864    i.HAL_MspInit       stm32f4xx_hal_msp.o
    0x08002c44   0x0000001a   Code   RO         2657    i.HAL_NVIC_EnableIRQ  stm32f4xx_hal_cortex.o
    0x08002c5e   0x00000002   PAD
    0x08002c60   0x00000040   Code   RO         2663    i.HAL_NVIC_SetPriority  stm32f4xx_hal_cortex.o
    0x08002ca0   0x00000024   Code   RO         2664    i.HAL_NVIC_SetPriorityGrouping  stm32f4xx_hal_cortex.o
    0x08002cc4   0x00000002   Code   RO         1564    i.HAL_PCDEx_LPM_Callback  stm32f4xx_hal_pcd_ex.o
    0x08002cc6   0x00000008   Code   RO         1118    i.HAL_PCD_ConnectCallback  usbd_conf.o
    0x08002cce   0x00000012   Code   RO         1119    i.HAL_PCD_DataInStageCallback  usbd_conf.o
    0x08002ce0   0x00000014   Code   RO         1120    i.HAL_PCD_DataOutStageCallback  usbd_conf.o
    0x08002cf4   0x00000008   Code   RO         1121    i.HAL_PCD_DisconnectCallback  usbd_conf.o
    0x08002cfc   0x0000001e   Code   RO         1334    i.HAL_PCD_EP_Abort  stm32f4xx_hal_pcd.o
    0x08002d1a   0x0000005a   Code   RO         1336    i.HAL_PCD_EP_ClrStall  stm32f4xx_hal_pcd.o
    0x08002d74   0x00000062   Code   RO         1339    i.HAL_PCD_EP_Open   stm32f4xx_hal_pcd.o
    0x08002dd6   0x00000038   Code   RO         1340    i.HAL_PCD_EP_Receive  stm32f4xx_hal_pcd.o
    0x08002e0e   0x00000072   Code   RO         1341    i.HAL_PCD_EP_SetStall  stm32f4xx_hal_pcd.o
    0x08002e80   0x00000032   Code   RO         1342    i.HAL_PCD_EP_Transmit  stm32f4xx_hal_pcd.o
    0x08002eb2   0x00000002   PAD
    0x08002eb4   0x0000055c   Code   RO         1344    i.HAL_PCD_IRQHandler  stm32f4xx_hal_pcd.o
    0x08003410   0x00000008   Code   RO         1122    i.HAL_PCD_ISOINIncompleteCallback  usbd_conf.o
    0x08003418   0x00000008   Code   RO         1123    i.HAL_PCD_ISOOUTIncompleteCallback  usbd_conf.o
    0x08003420   0x0000002c   Code   RO         1126    i.HAL_PCD_ResetCallback  usbd_conf.o
    0x0800344c   0x00000008   Code   RO         1127    i.HAL_PCD_ResumeCallback  usbd_conf.o
    0x08003454   0x00000008   Code   RO         1128    i.HAL_PCD_SOFCallback  usbd_conf.o
    0x0800345c   0x00000026   Code   RO         1353    i.HAL_PCD_SetAddress  stm32f4xx_hal_pcd.o
    0x08003482   0x0000000e   Code   RO         1129    i.HAL_PCD_SetupStageCallback  usbd_conf.o
    0x08003490   0x00000030   Code   RO         1130    i.HAL_PCD_SuspendCallback  usbd_conf.o
    0x080034c0   0x00000134   Code   RO         1911    i.HAL_RCC_ClockConfig  stm32f4xx_hal_rcc.o
    0x080035f4   0x00000040   Code   RO         1915    i.HAL_RCC_GetClockConfig  stm32f4xx_hal_rcc.o
    0x08003634   0x0000000c   Code   RO         1916    i.HAL_RCC_GetHCLKFreq  stm32f4xx_hal_rcc.o
    0x08003640   0x00000020   Code   RO         1918    i.HAL_RCC_GetPCLK1Freq  stm32f4xx_hal_rcc.o
    0x08003660   0x00000020   Code   RO         1919    i.HAL_RCC_GetPCLK2Freq  stm32f4xx_hal_rcc.o
    0x08003680   0x00000064   Code   RO         1920    i.HAL_RCC_GetSysClockFreq  stm32f4xx_hal_rcc.o
    0x080036e4   0x0000036c   Code   RO         1923    i.HAL_RCC_OscConfig  stm32f4xx_hal_rcc.o
    0x08003a50   0x000000bc   Code   RO         3820    i.HAL_SPI_Init      stm32f4xx_hal_spi.o
    0x08003b0c   0x00000118   Code   RO          539    i.HAL_SPI_MspInit   spi.o
    0x08003c24   0x000001f0   Code   RO         3829    i.HAL_SPI_TransmitReceive  stm32f4xx_hal_spi.o
    0x08003e14   0x00000002   Code   RO         4837    i.HAL_TIMEx_BreakCallback  stm32f4xx_hal_tim_ex.o
    0x08003e16   0x00000002   Code   RO         4838    i.HAL_TIMEx_CommutCallback  stm32f4xx_hal_tim_ex.o
    0x08003e18   0x00000054   Code   RO         4840    i.HAL_TIMEx_ConfigBreakDeadTime  stm32f4xx_hal_tim_ex.o
    0x08003e6c   0x00000090   Code   RO         4856    i.HAL_TIMEx_MasterConfigSynchronization  stm32f4xx_hal_tim_ex.o
    0x08003efc   0x0000005a   Code   RO         4133    i.HAL_TIM_Base_Init  stm32f4xx_hal_tim.o
    0x08003f56   0x00000002   PAD
    0x08003f58   0x00000058   Code   RO          581    i.HAL_TIM_Base_MspInit  tim.o
    0x08003fb0   0x00000080   Code   RO         4138    i.HAL_TIM_Base_Start_IT  stm32f4xx_hal_tim.o
    0x08004030   0x00000002   Code   RO         4167    i.HAL_TIM_IC_CaptureCallback  stm32f4xx_hal_tim.o
    0x08004032   0x00000130   Code   RO         4181    i.HAL_TIM_IRQHandler  stm32f4xx_hal_tim.o
    0x08004162   0x00000002   PAD
    0x08004164   0x00000084   Code   RO          582    i.HAL_TIM_MspPostInit  tim.o
    0x080041e8   0x00000002   Code   RO         4184    i.HAL_TIM_OC_DelayElapsedCallback  stm32f4xx_hal_tim.o
    0x080041ea   0x000000cc   Code   RO         4205    i.HAL_TIM_PWM_ConfigChannel  stm32f4xx_hal_tim.o
    0x080042b6   0x0000005a   Code   RO         4208    i.HAL_TIM_PWM_Init  stm32f4xx_hal_tim.o
    0x08004310   0x00000028   Code   RO          584    i.HAL_TIM_PWM_MspInit  tim.o
    0x08004338   0x00000002   Code   RO         4211    i.HAL_TIM_PWM_PulseFinishedCallback  stm32f4xx_hal_tim.o
    0x0800433a   0x00000002   PAD
    0x0800433c   0x00000014   Code   RO           14    i.HAL_TIM_PeriodElapsedCallback  main.o
    0x08004350   0x00000002   Code   RO         4224    i.HAL_TIM_TriggerCallback  stm32f4xx_hal_tim.o
    0x08004352   0x00000002   Code   RO         5116    i.HAL_UARTEx_RxEventCallback  stm32f4xx_hal_uart.o
    0x08004354   0x00000070   Code   RO         5128    i.HAL_UART_DMAStop  stm32f4xx_hal_uart.o
    0x080043c4   0x00000002   Code   RO         5130    i.HAL_UART_ErrorCallback  stm32f4xx_hal_uart.o
    0x080043c6   0x00000002   PAD
    0x080043c8   0x00000270   Code   RO         5133    i.HAL_UART_IRQHandler  stm32f4xx_hal_uart.o
    0x08004638   0x00000064   Code   RO         5134    i.HAL_UART_Init     stm32f4xx_hal_uart.o
    0x0800469c   0x00000190   Code   RO          653    i.HAL_UART_MspInit  usart.o
    0x0800482c   0x0000001c   Code   RO         5138    i.HAL_UART_Receive_DMA  stm32f4xx_hal_uart.o
    0x08004848   0x00000002   Code   RO         5140    i.HAL_UART_RxCpltCallback  stm32f4xx_hal_uart.o
    0x0800484a   0x00000002   Code   RO         5141    i.HAL_UART_RxHalfCpltCallback  stm32f4xx_hal_uart.o
    0x0800484c   0x00000002   Code   RO         5145    i.HAL_UART_TxCpltCallback  stm32f4xx_hal_uart.o
    0x0800484e   0x00000002   Code   RO          714    i.HardFault_Handler  stm32f4xx_it.o
    0x08004850   0x0000002e   Code   RO         3408    i.I2C_IsAcknowledgeFailed  stm32f4xx_hal_i2c.o
    0x0800487e   0x00000002   PAD
    0x08004880   0x000000fc   Code   RO         3418    i.I2C_RequestMemoryRead  stm32f4xx_hal_i2c.o
    0x0800497c   0x000000a8   Code   RO         3419    i.I2C_RequestMemoryWrite  stm32f4xx_hal_i2c.o
    0x08004a24   0x00000056   Code   RO         3423    i.I2C_WaitOnBTFFlagUntilTimeout  stm32f4xx_hal_i2c.o
    0x08004a7a   0x00000002   PAD
    0x08004a7c   0x00000090   Code   RO         3424    i.I2C_WaitOnFlagUntilTimeout  stm32f4xx_hal_i2c.o
    0x08004b0c   0x000000bc   Code   RO         3425    i.I2C_WaitOnMasterAddressFlagUntilTimeout  stm32f4xx_hal_i2c.o
    0x08004bc8   0x00000070   Code   RO         3426    i.I2C_WaitOnRXNEFlagUntilTimeout  stm32f4xx_hal_i2c.o
    0x08004c38   0x00000056   Code   RO         3427    i.I2C_WaitOnTXEFlagUntilTimeout  stm32f4xx_hal_i2c.o
    0x08004c8e   0x00000002   PAD
    0x08004c90   0x000000f4   Code   RO         7601    i.IMU_InitArgument  ins_task.o
    0x08004d84   0x00000150   Code   RO         7603    i.INS_task          ins_task.o
    0x08004ed4   0x00000054   Code   RO         8445    i.Judge_Communication_Init  judge.o
    0x08004f28   0x000002b0   Code   RO         8447    i.Judge_Read_Data   judge.o
    0x080051d8   0x00000020   Code   RO         7885    i.Limit_Min_Max     pid.o
    0x080051f8   0x00000044   Code   RO          383    i.MX_CAN1_Init      can.o
    0x0800523c   0x00000044   Code   RO          384    i.MX_CAN2_Init      can.o
    0x08005280   0x00000024   Code   RO          432    i.MX_CRC_Init       crc.o
    0x080052a4   0x0000007c   Code   RO          472    i.MX_DMA_Init       dma.o
    0x08005320   0x00000054   Code   RO          320    i.MX_FREERTOS_Init  freertos.o
    0x08005374   0x000001e4   Code   RO          295    i.MX_GPIO_Init      gpio.o
    0x08005558   0x00000040   Code   RO          498    i.MX_I2C3_Init      i2c.o
    0x08005598   0x00000048   Code   RO          540    i.MX_SPI1_Init      spi.o
    0x080055e0   0x00000064   Code   RO          585    i.MX_TIM10_Init     tim.o
    0x08005644   0x00000038   Code   RO          586    i.MX_TIM13_Init     tim.o
    0x0800567c   0x000000a4   Code   RO          587    i.MX_TIM1_Init      tim.o
    0x08005720   0x00000038   Code   RO          654    i.MX_USART1_UART_Init  usart.o
    0x08005758   0x00000044   Code   RO          655    i.MX_USART3_UART_Init  usart.o
    0x0800579c   0x000001e4   Code   RO         7852    i.MahonyAHRSupdateIMU  mahonyahrs.o
    0x08005980   0x00000002   Code   RO          715    i.MemManage_Handler  stm32f4xx_it.o
    0x08005982   0x0000004e   Code   RO         8247    i.Motor_LK9025_Enable  motor_9025.o
    0x080059d0   0x00000046   Code   RO         8249    i.Motor_LK9025_angle_more  motor_9025.o
    0x08005a16   0x00000046   Code   RO         8255    i.Motor_LK9025_control_speed  motor_9025.o
    0x08005a5c   0x00000002   Code   RO          716    i.NMI_Handler       stm32f4xx_it.o
    0x08005a5e   0x00000002   PAD
    0x08005a60   0x0000000c   Code   RO          717    i.OTG_FS_IRQHandler  stm32f4xx_it.o
    0x08005a6c   0x000000cc   Code   RO         1360    i.PCD_EP_OutXfrComplete_int  stm32f4xx_hal_pcd.o
    0x08005b38   0x000000a2   Code   RO         1361    i.PCD_WriteEmptyTxFifo  stm32f4xx_hal_pcd.o
    0x08005bda   0x000000ac   Code   RO         7887    i.PID_Calc_Speed    pid.o
    0x08005c86   0x00000002   PAD
    0x08005c88   0x000000f4   Code   RO         7981    i.RemoteDataProcess  remote.o
    0x08005d7c   0x00001274   Code   RO         7564    i.SPI1_DMA_enable   bsp_spi.o
    0x08006ff0   0x000000f0   Code   RO         7565    i.SPI1_DMA_init     bsp_spi.o
    0x080070e0   0x0000006c   Code   RO         3858    i.SPI_EndRxTxTransaction  stm32f4xx_hal_spi.o
    0x0800714c   0x000000b8   Code   RO         3863    i.SPI_WaitFlagStateUntilTimeout  stm32f4xx_hal_spi.o
    0x08007204   0x0000000a   Code   RO         6978    i.SWAPBYTE          usbd_ctlreq.o
    0x0800720e   0x00000002   PAD
    0x08007210   0x000000ac   Code   RO         8069    i.Set_M3508_Chassis_Voltage  chassis_move.o
    0x080072bc   0x000001c4   Code   RO         8158    i.StartChassisTask  chassis_task.o
    0x08007480   0x0000002c   Code   RO         6740    i.SysTick_Handler   port.o
    0x080074ac   0x00000094   Code   RO           15    i.SystemClock_Config  main.o
    0x08007540   0x00000010   Code   RO         5468    i.SystemInit        system_stm32f4xx.o
    0x08007550   0x0000000c   Code   RO          718    i.TIM6_DAC_IRQHandler  stm32f4xx_it.o
    0x0800755c   0x0000000c   Code   RO          719    i.TIM8_UP_TIM13_IRQHandler  stm32f4xx_it.o
    0x08007568   0x000000d8   Code   RO         4226    i.TIM_Base_SetConfig  stm32f4xx_hal_tim.o
    0x08007640   0x00000060   Code   RO         4239    i.TIM_OC1_SetConfig  stm32f4xx_hal_tim.o
    0x080076a0   0x0000006c   Code   RO         4240    i.TIM_OC2_SetConfig  stm32f4xx_hal_tim.o
    0x0800770c   0x00000068   Code   RO         4241    i.TIM_OC3_SetConfig  stm32f4xx_hal_tim.o
    0x08007774   0x00000050   Code   RO         4242    i.TIM_OC4_SetConfig  stm32f4xx_hal_tim.o
    0x080077c4   0x00000010   Code   RO         5147    i.UART_DMAAbortOnError  stm32f4xx_hal_uart.o
    0x080077d4   0x0000004a   Code   RO         5148    i.UART_DMAError     stm32f4xx_hal_uart.o
    0x0800781e   0x00000086   Code   RO         5149    i.UART_DMAReceiveCplt  stm32f4xx_hal_uart.o
    0x080078a4   0x0000001e   Code   RO         5151    i.UART_DMARxHalfCplt  stm32f4xx_hal_uart.o
    0x080078c2   0x0000004e   Code   RO         5157    i.UART_EndRxTransfer  stm32f4xx_hal_uart.o
    0x08007910   0x0000001c   Code   RO         5158    i.UART_EndTxTransfer  stm32f4xx_hal_uart.o
    0x0800792c   0x000000c2   Code   RO         5159    i.UART_Receive_IT   stm32f4xx_hal_uart.o
    0x080079ee   0x00000002   PAD
    0x080079f0   0x0000010c   Code   RO         5160    i.UART_SetConfig    stm32f4xx_hal_uart.o
    0x08007afc   0x00000090   Code   RO         5161    i.UART_Start_Receive_DMA  stm32f4xx_hal_uart.o
    0x08007b8c   0x00000054   Code   RO          720    i.USART1_IRQHandler  stm32f4xx_it.o
    0x08007be0   0x00000014   Code   RO         6819    i.USBD_ClrClassConfig  usbd_core.o
    0x08007bf4   0x00000004   Code   RO         6820    i.USBD_CoreFindEP   usbd_core.o
    0x08007bf8   0x00000004   Code   RO         6821    i.USBD_CoreFindIF   usbd_core.o
    0x08007bfc   0x00000010   Code   RO         7056    i.USBD_CtlContinueRx  usbd_ioreq.o
    0x08007c0c   0x00000010   Code   RO         7057    i.USBD_CtlContinueSendData  usbd_ioreq.o
    0x08007c1c   0x00000016   Code   RO         6979    i.USBD_CtlError     usbd_ctlreq.o
    0x08007c32   0x00000016   Code   RO         7059    i.USBD_CtlReceiveStatus  usbd_ioreq.o
    0x08007c48   0x0000001a   Code   RO         7060    i.USBD_CtlSendData  usbd_ioreq.o
    0x08007c62   0x00000016   Code   RO         7061    i.USBD_CtlSendStatus  usbd_ioreq.o
    0x08007c78   0x000000e6   Code   RO         6980    i.USBD_GetDescriptor  usbd_ctlreq.o
    0x08007d5e   0x00000018   Code   RO         1131    i.USBD_Get_USB_Status  usbd_conf.o
    0x08007d76   0x00000012   Code   RO         1132    i.USBD_LL_ClearStallEP  usbd_conf.o
    0x08007d88   0x000000b6   Code   RO         6826    i.USBD_LL_DataInStage  usbd_core.o
    0x08007e3e   0x0000008e   Code   RO         6827    i.USBD_LL_DataOutStage  usbd_core.o
    0x08007ecc   0x00000004   Code   RO         6828    i.USBD_LL_DevConnected  usbd_core.o
    0x08007ed0   0x0000001e   Code   RO         6829    i.USBD_LL_DevDisconnected  usbd_core.o
    0x08007eee   0x0000001e   Code   RO         1139    i.USBD_LL_IsStallEP  usbd_conf.o
    0x08007f0c   0x00000028   Code   RO         6830    i.USBD_LL_IsoINIncomplete  usbd_core.o
    0x08007f34   0x00000028   Code   RO         6831    i.USBD_LL_IsoOUTIncomplete  usbd_core.o
    0x08007f5c   0x00000018   Code   RO         1140    i.USBD_LL_OpenEP    usbd_conf.o
    0x08007f74   0x00000012   Code   RO         1141    i.USBD_LL_PrepareReceive  usbd_conf.o
    0x08007f86   0x0000005c   Code   RO         6832    i.USBD_LL_Reset     usbd_core.o
    0x08007fe2   0x00000014   Code   RO         6833    i.USBD_LL_Resume    usbd_core.o
    0x08007ff6   0x0000001a   Code   RO         6834    i.USBD_LL_SOF       usbd_core.o
    0x08008010   0x00000006   Code   RO         6835    i.USBD_LL_SetSpeed  usbd_core.o
    0x08008016   0x00000012   Code   RO         1142    i.USBD_LL_SetUSBAddress  usbd_conf.o
    0x08008028   0x00000060   Code   RO         6836    i.USBD_LL_SetupStage  usbd_core.o
    0x08008088   0x00000012   Code   RO         1143    i.USBD_LL_StallEP   usbd_conf.o
    0x0800809a   0x0000001a   Code   RO         6837    i.USBD_LL_Suspend   usbd_core.o
    0x080080b4   0x00000012   Code   RO         1146    i.USBD_LL_Transmit  usbd_conf.o
    0x080080c6   0x0000002c   Code   RO         6983    i.USBD_ParseSetupRequest  usbd_ctlreq.o
    0x080080f2   0x00000014   Code   RO         6840    i.USBD_SetClassConfig  usbd_core.o
    0x08008106   0x00000002   PAD
    0x08008108   0x000000b8   Code   RO         6984    i.USBD_SetConfig    usbd_ctlreq.o
    0x080081c0   0x0000012c   Code   RO         6985    i.USBD_StdDevReq    usbd_ctlreq.o
    0x080082ec   0x00000160   Code   RO         6986    i.USBD_StdEPReq     usbd_ctlreq.o
    0x0800844c   0x00000072   Code   RO         6987    i.USBD_StdItfReq    usbd_ctlreq.o
    0x080084be   0x00000002   PAD
    0x080084c0   0x00000080   Code   RO         1606    i.USB_ActivateEndpoint  stm32f4xx_ll_usb.o
    0x08008540   0x0000001c   Code   RO         1608    i.USB_ActivateSetup  stm32f4xx_ll_usb.o
    0x0800855c   0x00000058   Code   RO         1621    i.USB_EP0_OutStart  stm32f4xx_ll_usb.o
    0x080085b4   0x00000058   Code   RO         1622    i.USB_EPClearStall  stm32f4xx_ll_usb.o
    0x0800860c   0x00000058   Code   RO         1623    i.USB_EPSetStall    stm32f4xx_ll_usb.o
    0x08008664   0x00000238   Code   RO         1624    i.USB_EPStartXfer   stm32f4xx_ll_usb.o
    0x0800889c   0x0000009e   Code   RO         1625    i.USB_EPStopXfer    stm32f4xx_ll_usb.o
    0x0800893a   0x0000003c   Code   RO         1628    i.USB_FlushTxFifo   stm32f4xx_ll_usb.o
    0x08008976   0x0000001a   Code   RO         1630    i.USB_GetDevSpeed   stm32f4xx_ll_usb.o
    0x08008990   0x00000008   Code   RO         1632    i.USB_GetMode       stm32f4xx_ll_usb.o
    0x08008998   0x0000000e   Code   RO         1640    i.USB_ReadDevAllInEpInterrupt  stm32f4xx_ll_usb.o
    0x080089a6   0x0000000e   Code   RO         1641    i.USB_ReadDevAllOutEpInterrupt  stm32f4xx_ll_usb.o
    0x080089b4   0x00000024   Code   RO         1642    i.USB_ReadDevInEPInterrupt  stm32f4xx_ll_usb.o
    0x080089d8   0x00000010   Code   RO         1643    i.USB_ReadDevOutEPInterrupt  stm32f4xx_ll_usb.o
    0x080089e8   0x00000008   Code   RO         1644    i.USB_ReadInterrupts  stm32f4xx_ll_usb.o
    0x080089f0   0x0000003e   Code   RO         1645    i.USB_ReadPacket    stm32f4xx_ll_usb.o
    0x08008a2e   0x00000022   Code   RO         1648    i.USB_SetDevAddress  stm32f4xx_ll_usb.o
    0x08008a50   0x000000e8   Code   RO         1650    i.USB_SetTurnaroundTime  stm32f4xx_ll_usb.o
    0x08008b38   0x00000028   Code   RO         1653    i.USB_WritePacket   stm32f4xx_ll_usb.o
    0x08008b60   0x00000002   Code   RO          721    i.UsageFault_Handler  stm32f4xx_it.o
    0x08008b62   0x00000002   PAD
    0x08008b64   0x0000003c   Code   RO         8620    i.Verify_CRC16_Check_Sum  crc_bro_init.o
    0x08008ba0   0x00000026   Code   RO         8621    i.Verify_CRC8_Check_Sum  crc_bro_init.o
    0x08008bc6   0x00000030   Code   RO         8958    i.__ARM_fpclassify  m_wm.l(fpclassify.o)
    0x08008bf6   0x00000026   Code   RO         8890    i.__ARM_fpclassifyf  m_wm.l(fpclassifyf.o)
    0x08008c1c   0x0000000c   Code   RO         7890    i.__ARM_isnanf      pid.o
    0x08008c28   0x00000020   Code   RO         2670    i.__NVIC_SetPriority  stm32f4xx_hal_cortex.o
    0x08008c48   0x0000012c   Code   RO         8759    i.__hardfp_asinf    m_wm.l(asinf.o)
    0x08008d74   0x00000250   Code   RO         8783    i.__hardfp_atan2f   m_wm.l(atan2f.o)
    0x08008fc4   0x00000004   PAD
    0x08008fc8   0x000000c8   Code   RO         8795    i.__hardfp_cos      m_wm.l(cos.o)
    0x08009090   0x000000c8   Code   RO         8807    i.__hardfp_sin      m_wm.l(sin.o)
    0x08009158   0x0000007a   Code   RO         8819    i.__hardfp_sqrt     m_wm.l(sqrt.o)
    0x080091d2   0x00000006   PAD
    0x080091d8   0x00000438   Code   RO         8907    i.__ieee754_rem_pio2  m_wm.l(rred.o)
    0x08009610   0x00000170   Code   RO         8867    i.__kernel_cos      m_wm.l(cos_i.o)
    0x08009780   0x000000f8   Code   RO         8960    i.__kernel_poly     m_wm.l(poly.o)
    0x08009878   0x00000130   Code   RO         8912    i.__kernel_sin      m_wm.l(sin_i.o)
    0x080099a8   0x00000014   Code   RO         8871    i.__mathlib_dbl_infnan  m_wm.l(dunder.o)
    0x080099bc   0x00000004   PAD
    0x080099c0   0x00000020   Code   RO         8873    i.__mathlib_dbl_invalid  m_wm.l(dunder.o)
    0x080099e0   0x00000020   Code   RO         8876    i.__mathlib_dbl_underflow  m_wm.l(dunder.o)
    0x08009a00   0x00000006   Code   RO         8893    i.__mathlib_flt_infnan  m_wm.l(funder.o)
    0x08009a06   0x00000006   Code   RO         8894    i.__mathlib_flt_infnan2  m_wm.l(funder.o)
    0x08009a0c   0x00000010   Code   RO         8895    i.__mathlib_flt_invalid  m_wm.l(funder.o)
    0x08009a1c   0x00000010   Code   RO         8898    i.__mathlib_flt_underflow  m_wm.l(funder.o)
    0x08009a2c   0x00000128   Code   RO         7232    i.bmi088_accel_init  bmi088driver.o
    0x08009b54   0x000002c0   Code   RO         7233    i.bmi088_accel_self_test  bmi088driver.o
    0x08009e14   0x000000dc   Code   RO         7234    i.bmi088_gyro_init  bmi088driver.o
    0x08009ef0   0x000000ca   Code   RO         7235    i.bmi088_gyro_self_test  bmi088driver.o
    0x08009fba   0x00000002   PAD
    0x08009fbc   0x0000006c   Code   RO         8013    i.can_filter_init   baspcan.o
    0x0800a028   0x00000018   Code   RO         8886    i.fabs              m_wm.l(fabs.o)
    0x0800a040   0x000000b0   Code   RO         7604    i.get_angle         ins_task.o
    0x0800a0f0   0x000000fc   Code   RO         7607    i.imu_cmd_spi_dma   ins_task.o
    0x0800a1ec   0x0000000c   Code   RO         7536    i.imu_pwm_set       bsp_imu_pwm.o
    0x0800a1f8   0x00000078   Code   RO         7608    i.imu_temp_control  ins_task.o
    0x0800a270   0x000002cc   Code   RO         7609    i.ins_dma_data_read  ins_task.o
    0x0800a53c   0x0000002c   Code   RO         7853    i.invSqrt           mahonyahrs.o
    0x0800a568   0x00000002   Code   RO         7775    i.ist8310_GPIO_init  ist8310driver_middleware.o
    0x0800a56a   0x00000002   PAD
    0x0800a56c   0x00000024   Code   RO         7777    i.ist8310_IIC_read_single_reg  ist8310driver_middleware.o
    0x0800a590   0x00000024   Code   RO         7779    i.ist8310_IIC_write_single_reg  ist8310driver_middleware.o
    0x0800a5b4   0x00000010   Code   RO         7780    i.ist8310_RST_H     ist8310driver_middleware.o
    0x0800a5c4   0x00000010   Code   RO         7781    i.ist8310_RST_L     ist8310driver_middleware.o
    0x0800a5d4   0x00000002   Code   RO         7782    i.ist8310_com_init  ist8310driver_middleware.o
    0x0800a5d6   0x00000004   Code   RO         7783    i.ist8310_delay_ms  ist8310driver_middleware.o
    0x0800a5da   0x00000002   PAD
    0x0800a5dc   0x00000080   Code   RO         7743    i.ist8310_init      ist8310driver.o
    0x0800a65c   0x00000074   Code   RO           16    i.main              main.o
    0x0800a6d0   0x0000000c   Code   RO         6305    i.makeFreeRtosPriority  cmsis_os.o
    0x0800a6dc   0x0000000e   Code   RO         6307    i.osDelay           cmsis_os.o
    0x0800a6ea   0x0000000a   Code   RO         6310    i.osKernelStart     cmsis_os.o
    0x0800a6f4   0x00000054   Code   RO         6344    i.osThreadCreate    cmsis_os.o
    0x0800a748   0x00000020   Code   RO         5969    i.pcTaskGetName     tasks.o
    0x0800a768   0x0000023c   Code   RO         7891    i.pid_caculate      pid.o
    0x0800a9a4   0x00000006   Code   RO         7893    i.pid_init          pid.o
    0x0800a9aa   0x00000002   PAD
    0x0800a9ac   0x00000094   Code   RO         7894    i.pid_param_init    pid.o
    0x0800aa40   0x00000070   Code   RO         5970    i.prvAddCurrentTaskToDelayedList  tasks.o
    0x0800aab0   0x000000d0   Code   RO         5971    i.prvAddNewTaskToReadyList  tasks.o
    0x0800ab80   0x00000034   Code   RO         5972    i.prvDeleteTCB      tasks.o
    0x0800abb4   0x0000004c   Code   RO         6672    i.prvHeapInit       heap_4.o
    0x0800ac00   0x00000060   Code   RO         5973    i.prvIdleTask       tasks.o
    0x0800ac60   0x00000098   Code   RO         5974    i.prvInitialiseNewTask  tasks.o
    0x0800acf8   0x0000004c   Code   RO         6673    i.prvInsertBlockIntoFreeList  heap_4.o
    0x0800ad44   0x00000020   Code   RO         5975    i.prvResetNextTaskUnblockTime  tasks.o
    0x0800ad64   0x00000058   Code   RO         5976    i.prvSearchForNameWithinSingleList  tasks.o
    0x0800adbc   0x00000028   Code   RO         6741    i.prvTaskExitError  port.o
    0x0800ade4   0x000000dc   Code   RO         6674    i.pvPortMalloc      heap_4.o
    0x0800aec0   0x0000002c   Code   RO         6742    i.pxPortInitialiseStack  port.o
    0x0800aeec   0x00000640   Code   RO         8676    i.send_all_judge    send.o
    0x0800b52c   0x00000022   Code   RO         8677    i.send_judge        send.o
    0x0800b54e   0x0000003e   Code   RO         8920    i.sqrtf             m_wm.l(sqrtf.o)
    0x0800b58c   0x00000068   Code   RO         5979    i.ulTaskNotifyTake  tasks.o
    0x0800b5f4   0x00000026   Code   RO         5606    i.uxListRemove      list.o
    0x0800b61a   0x00000002   PAD
    0x0800b61c   0x00000014   Code   RO          323    i.vApplicationGetIdleTaskMemory  freertos.o
    0x0800b630   0x00000016   Code   RO         5607    i.vListInitialise   list.o
    0x0800b646   0x00000006   Code   RO         5608    i.vListInitialiseItem  list.o
    0x0800b64c   0x00000030   Code   RO         5609    i.vListInsert       list.o
    0x0800b67c   0x00000018   Code   RO         5610    i.vListInsertEnd    list.o
    0x0800b694   0x00000040   Code   RO         6744    i.vPortEnterCritical  port.o
    0x0800b6d4   0x00000028   Code   RO         6745    i.vPortExitCritical  port.o
    0x0800b6fc   0x00000064   Code   RO         6675    i.vPortFree         heap_4.o
    0x0800b760   0x00000024   Code   RO         6746    i.vPortSetupTimerInterrupt  port.o
    0x0800b784   0x00000054   Code   RO         6747    i.vPortValidateInterruptPriority  port.o
    0x0800b7d8   0x0000004c   Code   RO         5985    i.vTaskDelay        tasks.o
    0x0800b824   0x0000008c   Code   RO         5986    i.vTaskDelayUntil   tasks.o
    0x0800b8b0   0x000000b4   Code   RO         5991    i.vTaskNotifyGiveFromISR  tasks.o
    0x0800b964   0x0000006c   Code   RO         5999    i.vTaskStartScheduler  tasks.o
    0x0800b9d0   0x00000010   Code   RO         6001    i.vTaskSuspendAll   tasks.o
    0x0800b9e0   0x0000005c   Code   RO         6002    i.vTaskSwitchContext  tasks.o
    0x0800ba3c   0x000000f4   Code   RO         6748    i.xPortStartScheduler  port.o
    0x0800bb30   0x0000005a   Code   RO         6005    i.xTaskCreate       tasks.o
    0x0800bb8a   0x00000056   Code   RO         6006    i.xTaskCreateStatic  tasks.o
    0x0800bbe0   0x00000084   Code   RO         6010    i.xTaskGetHandle    tasks.o
    0x0800bc64   0x0000001c   Code   RO         6011    i.xTaskGetSchedulerState  tasks.o
    0x0800bc80   0x0000000c   Code   RO         6012    i.xTaskGetTickCount  tasks.o
    0x0800bc8c   0x000000cc   Code   RO         6014    i.xTaskIncrementTick  tasks.o
    0x0800bd58   0x000000c4   Code   RO         6020    i.xTaskResumeAll    tasks.o
    0x0800be1c   0x00000018   Code   RO         8838    x$fpl$basic         fz_wm.l(basic.o)
    0x0800be34   0x00000062   Code   RO         8733    x$fpl$d2f           fz_wm.l(d2f.o)
    0x0800be96   0x00000002   PAD
    0x0800be98   0x00000150   Code   RO         8735    x$fpl$dadd          fz_wm.l(daddsub_clz.o)
    0x0800bfe8   0x000002b0   Code   RO         8742    x$fpl$ddiv          fz_wm.l(ddiv.o)
    0x0800c298   0x0000005e   Code   RO         8954    x$fpl$dfix          fz_wm.l(dfix.o)
    0x0800c2f6   0x00000002   PAD
    0x0800c2f8   0x0000005a   Code   RO         8745    x$fpl$dfixu         fz_wm.l(dfixu.o)
    0x0800c352   0x0000002e   Code   RO         8750    x$fpl$dflt          fz_wm.l(dflt_clz.o)
    0x0800c380   0x00000026   Code   RO         8749    x$fpl$dfltu         fz_wm.l(dflt_clz.o)
    0x0800c3a6   0x00000002   PAD
    0x0800c3a8   0x00000154   Code   RO         8755    x$fpl$dmul          fz_wm.l(dmul.o)
    0x0800c4fc   0x0000009c   Code   RO         8842    x$fpl$dnaninf       fz_wm.l(dnaninf.o)
    0x0800c598   0x0000000c   Code   RO         8844    x$fpl$dretinf       fz_wm.l(dretinf.o)
    0x0800c5a4   0x00000016   Code   RO         8736    x$fpl$drsb          fz_wm.l(daddsub_clz.o)
    0x0800c5ba   0x00000002   PAD
    0x0800c5bc   0x00000198   Code   RO         8846    x$fpl$dsqrt         fz_wm.l(dsqrt_umaal.o)
    0x0800c754   0x000001d4   Code   RO         8737    x$fpl$dsub          fz_wm.l(daddsub_clz.o)
    0x0800c928   0x00000056   Code   RO         8757    x$fpl$f2d           fz_wm.l(f2d.o)
    0x0800c97e   0x0000008c   Code   RO         8848    x$fpl$fnaninf       fz_wm.l(fnaninf.o)
    0x0800ca0a   0x0000000a   Code   RO         9047    x$fpl$fpinit        fz_wm.l(fpinit.o)
    0x0800ca14   0x0000000a   Code   RO         8850    x$fpl$fretinf       fz_wm.l(fretinf.o)
    0x0800ca1e   0x00000000   Code   RO         8852    x$fpl$usenofp       fz_wm.l(usenofp.o)
    0x0800ca1e   0x00000002   PAD
    0x0800ca20   0x00000054   Data   RO          325    .constdata          freertos.o
    0x0800ca74   0x00000008   Data   RO         2384    .constdata          stm32f4xx_hal_dma.o
    0x0800ca7c   0x00000010   Data   RO         5469    .constdata          system_stm32f4xx.o
    0x0800ca8c   0x00000008   Data   RO         5470    .constdata          system_stm32f4xx.o
    0x0800ca94   0x00000012   Data   RO         7240    .constdata          bmi088driver.o
    0x0800caa6   0x0000000c   Data   RO         7746    .constdata          ist8310driver.o
    0x0800cab2   0x00000300   Data   RO         8623    .constdata          crc_bro_init.o
    0x0800cdb2   0x00000006   PAD
    0x0800cdb8   0x00000030   Data   RO         8868    .constdata          m_wm.l(cos_i.o)
    0x0800cde8   0x000000c8   Data   RO         8909    .constdata          m_wm.l(rred.o)
    0x0800ceb0   0x00000028   Data   RO         8913    .constdata          m_wm.l(sin_i.o)
    0x0800ced8   0x00000021   Data   RO          326    .conststring        freertos.o
    0x0800cef9   0x00000003   PAD
    0x0800cefc   0x00000020   Data   RO         9103    Region$$Table       anon$$obj.o


    Execution Region RW_IRAM1 (Base: 0x20000000, Size: 0x00006048, Max: 0x0001c000, ABSOLUTE, COMPRESSED[0x00000080])

    Base Addr    Size         Type   Attr      Idx    E Section Name        Object

    0x20000000   0x00000004   Data   RW           21    .data               main.o
    0x20000004   0x00000004   Data   RW           22    .data               main.o
    0x20000008   0x00000004   Data   RW           23    .data               main.o
    0x2000000c   0x0000000c   Data   RW          327    .data               freertos.o
    0x20000018   0x00000004   Data   RW          386    .data               can.o
    0x2000001c   0x00000008   Data   RW          433    .data               crc.o
    0x20000024   0x0000000c   Data   RW         2829    .data               stm32f4xx_hal.o
    0x20000030   0x00000004   Data   RW         5471    .data               system_stm32f4xx.o
    0x20000034   0x0000003c   Data   RW         6023    .data               tasks.o
    0x20000070   0x00000020   Data   RW         6681    .data               heap_4.o
    0x20000090   0x0000000c   Data   RW         6749    .data               port.o
    0x2000009c   0x00000001   Data   RW         6988    .data               usbd_ctlreq.o
    0x2000009d   0x00000003   PAD
    0x200000a0   0x0000002c   Data   RW         7241    .data               bmi088driver.o
    0x200000cc   0x00000060   Data   RW         7618    .data               ins_task.o
    0x2000012c   0x00000014   Data   RW         7854    .data               mahonyahrs.o
    0x20000140   0x00000018   Data   RW         8014    .data               baspcan.o
    0x20000158   0x0000002c   Data   RW         8076    .data               chassis_move.o
    0x20000184   0x00000010   Data   RW         8167    .data               chassis_task.o
    0x20000194   0x00000020   Data   RW         8458    .data               judge.o
    0x200001b4   0x00000002   Data   RW         8625    .data               crc_bro_init.o
    0x200001b6   0x00000002   PAD
    0x200001b8   0x0000005c   Data   RW         8678    .data               send.o
    0x20000214   0x00000120   Zero   RW           17    .bss                main.o
    0x20000334   0x000000c0   Zero   RW           20    .bss                main.o
    0x200003f4   0x00000254   Zero   RW          324    .bss                freertos.o
    0x20000648   0x00000050   Zero   RW          385    .bss                can.o
    0x20000698   0x00000054   Zero   RW          499    .bss                i2c.o
    0x200006ec   0x00000118   Zero   RW          541    .bss                spi.o
    0x20000804   0x000000d8   Zero   RW          588    .bss                tim.o
    0x200008dc   0x000001b0   Zero   RW          656    .bss                usart.o
    0x20000a8c   0x00000048   Zero   RW          891    .bss                stm32f4xx_hal_timebase_tim.o
    0x20000ad4   0x00000704   Zero   RW         1149    .bss                usbd_conf.o
    0x200011d8   0x000000f0   Zero   RW         6022    .bss                tasks.o
    0x200012c8   0x00003c00   Zero   RW         6680    .bss                heap_4.o
    0x20004ec8   0x00000114   Zero   RW         7610    .bss                ins_task.o
    0x20004fdc   0x00000012   Zero   RW         7982    .bss                remote.o
    0x20004fee   0x00000016   Zero   RW         7983    .bss                remote.o
    0x20005004   0x00000048   Zero   RW         8070    .bss                chassis_move.o
    0x2000504c   0x0000099c   Zero   RW         8453    .bss                judge.o
    0x200059e8   0x00000060   Zero   RW         8963    .bss                c_w.l(libspace.o)
    0x20005a48   0x00000200   Zero   RW            2    HEAP                startup_stm32f407xx.o
    0x20005c48   0x00000400   Zero   RW            1    STACK               startup_stm32f407xx.o


    Execution Region RW_IRAM2 (Base: 0x2001c000, Size: 0x00000000, Max: 0x00004000, ABSOLUTE)

    **** No section assigned to this execution region ****


==============================================================================

Image component sizes


      Code (inc. data)   RO Data    RW Data    ZI Data      Debug   Object Name

       556         44          0         24          0       3257   baspcan.o
      2158         32         18         44          0      10819   bmi088driver.o
       110         28          0          0          0       9920   bmi088middleware.o
        12          4          0          0          0        478   bsp_imu_pwm.o
      4964         74          0          0          0       2374   bsp_spi.o
       388         42          0          4         80       2462   can.o
      2680        218          0         44         72       8565   chassis_move.o
       452         56          0         16          0       1600   chassis_task.o
       120          0          0          0          0      23221   cmsis_os.o
        76         18          0          8          0       1511   crc.o
       170         16        768          2          0       3695   crc_bro_init.o
       124          4          0          0          0        834   dma.o
         0          0          0          0          0      16828   event_groups.o
       104         14        117         12        596       2123   freertos.o
       484         28          0          0          0       1231   gpio.o
       472         24          0         32      15360       7379   heap_4.o
       212         32          0          0         84       1713   i2c.o
      2044        136          0         96        276      12667   ins_task.o
       128          6         12          0          0       1355   ist8310driver.o
       112         22          0          0          0       3619   ist8310driver_middleware.o
       772         32          0         32       2460      12062   judge.o
       138          0          0          0          0       3518   list.o
       528         22          0         20          0       1950   mahonyahrs.o
       288         30          0         12        480     768837   main.o
       218          0          0          0          0       2505   motor_9025.o
       160         20          0          0          0        587   motor_pid_init.o
       942         14          0          0          0      10457   pid.o
       786         82          0         12          0      11801   port.o
       244         10          0          0         40       2332   remote.o
      1634         36          0         92          0      13700   send.o
       352         32          0          0        280       1911   spi.o
        64         26        392          0       1536        836   startup_stm32f407xx.o
        80         14          0         12          0       8058   stm32f4xx_hal.o
      1638          6          0          0          0      14227   stm32f4xx_hal_can.o
       158         14          0          0          0      33010   stm32f4xx_hal_cortex.o
        34          0          0          0          0       1051   stm32f4xx_hal_crc.o
      1084         16          8          0          0       7310   stm32f4xx_hal_dma.o
       530         52          0          0          0       2803   stm32f4xx_hal_gpio.o
      2294         52          0          0          0      13162   stm32f4xx_hal_i2c.o
        56          4          0          0          0        858   stm32f4xx_hal_msp.o
      2214         12          0          0          0      10414   stm32f4xx_hal_pcd.o
         2          0          0          0          0        925   stm32f4xx_hal_pcd_ex.o
      1424         92          0          0          0       6345   stm32f4xx_hal_rcc.o
       976         14          0          0          0       4885   stm32f4xx_hal_spi.o
      1428        110          0          0          0      11608   stm32f4xx_hal_tim.o
       232         28          0          0          0       3285   stm32f4xx_hal_tim_ex.o
       152         20          0          0         72       1467   stm32f4xx_hal_timebase_tim.o
      1840         30          0          0          0      13805   stm32f4xx_hal_uart.o
       270         76          0          0          0      12388   stm32f4xx_it.o
      1696         90          0          0          0      15602   stm32f4xx_ll_usb.o
         0          0          0          0          0        380   stream_buffer.o
        16          4         24          4          0       1115   system_stm32f4xx.o
      2236        160          0         60        240      26694   tasks.o
       580         70          0          0        216       4236   tim.o
       524         60          0          0        432       2748   usart.o
       360          4          0          0       1796      12918   usbd_conf.o
       752          0          0          0          0      11912   usbd_core.o
      1256         28          0          1          0      13895   usbd_ctlreq.o
       102          0          0          0          0       3796   usbd_ioreq.o

    ----------------------------------------------------------------------
     43488       2058       1380        532      24020    1185044   Object Totals
         0          0         32          0          0          0   (incl. Generated)
        62          0          9          5          0          0   (incl. Padding)

    ----------------------------------------------------------------------

      Code (inc. data)   RO Data    RW Data    ZI Data      Debug   Library Member Name

        90          0          0          0          0          0   __dczerorl2.o
         8          0          0          0          0         68   __main.o
         0          0          0          0          0          0   __rtentry.o
        12          0          0          0          0          0   __rtentry2.o
         6          0          0          0          0          0   __rtentry4.o
        52          8          0          0          0          0   __scatter.o
        28          0          0          0          0          0   __scatter_zi.o
        22          0          0          0          0        100   _rserrno.o
        18          0          0          0          0         80   exit.o
         6          0          0          0          0        152   heapauxi.o
         0          0          0          0          0          0   indicate_semi.o
         2          0          0          0          0          0   libinit.o
         6          0          0          0          0          0   libinit2.o
         2          0          0          0          0          0   libshutdown.o
         2          0          0          0          0          0   libshutdown2.o
         8          4          0          0         96         68   libspace.o
       238          0          0          0          0        100   lludivv7m.o
         8          4          0          0          0         68   rt_errno_addr_intlibspace.o
        68          0          0          0          0         68   rt_memclr.o
        78          0          0          0          0         80   rt_memclr_w.o
       138          0          0          0          0         68   rt_memcpy_v6.o
       100          0          0          0          0         80   rt_memcpy_w.o
         2          0          0          0          0          0   rtexit.o
        10          0          0          0          0          0   rtexit2.o
        62          0          0          0          0         76   strlen.o
        12          4          0          0          0         68   sys_exit.o
        74          0          0          0          0         80   sys_stackheap_outer.o
         2          0          0          0          0         68   use_no_semi.o
        24          0          0          0          0        164   basic.o
        98          4          0          0          0        140   d2f.o
       826         16          0          0          0        492   daddsub_clz.o
       688        140          0          0          0        256   ddiv.o
        94          4          0          0          0        140   dfix.o
        90          4          0          0          0        140   dfixu.o
        84          0          0          0          0        232   dflt_clz.o
       340         12          0          0          0        152   dmul.o
       156          4          0          0          0        140   dnaninf.o
        12          0          0          0          0        116   dretinf.o
       408         56          0          0          0        168   dsqrt_umaal.o
        86          4          0          0          0        132   f2d.o
       140          4          0          0          0        132   fnaninf.o
        10          0          0          0          0        116   fpinit.o
        10          0          0          0          0        116   fretinf.o
         0          0          0          0          0          0   usenofp.o
       300         42          0          0          0        176   asinf.o
       592         90          0          0          0        184   atan2f.o
       200         20          0          0          0        164   cos.o
       368         46         48          0          0        200   cos_i.o
        84         16          0          0          0        372   dunder.o
        24          0          0          0          0        124   fabs.o
        48          0          0          0          0        124   fpclassify.o
        38          0          0          0          0        116   fpclassifyf.o
        44         12          0          0          0        464   funder.o
       248          0          0          0          0        152   poly.o
      1080        142        200          0          0        188   rred.o
       200         20          0          0          0        164   sin.o
       304         24         40          0          0        208   sin_i.o
       122          0          0          0          0        148   sqrt.o
        62          0          0          0          0        136   sqrtf.o

    ----------------------------------------------------------------------
      7864        684        288          0         96       6780   Library Totals
        30          4          0          0          0          0   (incl. Padding)

    ----------------------------------------------------------------------

      Code (inc. data)   RO Data    RW Data    ZI Data      Debug   Library Name

      1054         20          0          0         96       1224   c_w.l
      3066        248          0          0          0       2636   fz_wm.l
      3714        412        288          0          0       2920   m_wm.l

    ----------------------------------------------------------------------
      7864        684        288          0         96       6780   Library Totals

    ----------------------------------------------------------------------

==============================================================================


      Code (inc. data)   RO Data    RW Data    ZI Data      Debug   

     51352       2742       1668        532      24116    1155052   Grand Totals
     51352       2742       1668        128      24116    1155052   ELF Image Totals (compressed)
     51352       2742       1668        128          0          0   ROM Totals

==============================================================================

    Total RO  Size (Code + RO Data)                53020 (  51.78kB)
    Total RW  Size (RW Data + ZI Data)             24648 (  24.07kB)
    Total ROM Size (Code + RO Data + RW Data)      53148 (  51.90kB)

==============================================================================

