Component: ARM Compiler 5.06 update 5 (build 528) Tool: armlink [4d35e2]

==============================================================================

Section Cross References

    startup_stm32f407xx.o(STACK) refers (Special) to heapauxi.o(.text) for __use_two_region_memory
    startup_stm32f407xx.o(HEAP) refers (Special) to heapauxi.o(.text) for __use_two_region_memory
    startup_stm32f407xx.o(RESET) refers (Special) to heapauxi.o(.text) for __use_two_region_memory
    startup_stm32f407xx.o(RESET) refers to startup_stm32f407xx.o(STACK) for __initial_sp
    startup_stm32f407xx.o(RESET) refers to startup_stm32f407xx.o(.text) for Reset_Handler
    startup_stm32f407xx.o(RESET) refers to stm32f4xx_it.o(i.NMI_Handler) for NMI_Handler
    startup_stm32f407xx.o(RESET) refers to stm32f4xx_it.o(i.HardFault_Handler) for HardFault_Handler
    startup_stm32f407xx.o(RESET) refers to stm32f4xx_it.o(i.MemManage_Handler) for MemManage_Handler
    startup_stm32f407xx.o(RESET) refers to stm32f4xx_it.o(i.BusFault_Handler) for BusFault_Handler
    startup_stm32f407xx.o(RESET) refers to stm32f4xx_it.o(i.UsageFault_Handler) for UsageFault_Handler
    startup_stm32f407xx.o(RESET) refers to port.o(.emb_text) for SVC_Handler
    startup_stm32f407xx.o(RESET) refers to stm32f4xx_it.o(i.DebugMon_Handler) for DebugMon_Handler
    startup_stm32f407xx.o(RESET) refers to port.o(i.SysTick_Handler) for SysTick_Handler
    startup_stm32f407xx.o(RESET) refers to stm32f4xx_it.o(i.EXTI0_IRQHandler) for EXTI0_IRQHandler
    startup_stm32f407xx.o(RESET) refers to stm32f4xx_it.o(i.EXTI1_IRQHandler) for EXTI1_IRQHandler
    startup_stm32f407xx.o(RESET) refers to stm32f4xx_it.o(i.EXTI3_IRQHandler) for EXTI3_IRQHandler
    startup_stm32f407xx.o(RESET) refers to stm32f4xx_it.o(i.EXTI4_IRQHandler) for EXTI4_IRQHandler
    startup_stm32f407xx.o(RESET) refers to stm32f4xx_it.o(i.DMA1_Stream1_IRQHandler) for DMA1_Stream1_IRQHandler
    startup_stm32f407xx.o(RESET) refers to stm32f4xx_it.o(i.CAN1_RX0_IRQHandler) for CAN1_RX0_IRQHandler
    startup_stm32f407xx.o(RESET) refers to stm32f4xx_it.o(i.EXTI9_5_IRQHandler) for EXTI9_5_IRQHandler
    startup_stm32f407xx.o(RESET) refers to stm32f4xx_it.o(i.USART1_IRQHandler) for USART1_IRQHandler
    startup_stm32f407xx.o(RESET) refers to stm32f4xx_it.o(i.TIM8_UP_TIM13_IRQHandler) for TIM8_UP_TIM13_IRQHandler
    startup_stm32f407xx.o(RESET) refers to stm32f4xx_it.o(i.TIM6_DAC_IRQHandler) for TIM6_DAC_IRQHandler
    startup_stm32f407xx.o(RESET) refers to stm32f4xx_it.o(i.DMA2_Stream2_IRQHandler) for DMA2_Stream2_IRQHandler
    startup_stm32f407xx.o(RESET) refers to stm32f4xx_it.o(i.DMA2_Stream3_IRQHandler) for DMA2_Stream3_IRQHandler
    startup_stm32f407xx.o(RESET) refers to stm32f4xx_it.o(i.CAN2_RX0_IRQHandler) for CAN2_RX0_IRQHandler
    startup_stm32f407xx.o(RESET) refers to stm32f4xx_it.o(i.OTG_FS_IRQHandler) for OTG_FS_IRQHandler
    startup_stm32f407xx.o(RESET) refers to stm32f4xx_it.o(i.DMA2_Stream5_IRQHandler) for DMA2_Stream5_IRQHandler
    startup_stm32f407xx.o(RESET) refers to stm32f4xx_it.o(i.DMA2_Stream7_IRQHandler) for DMA2_Stream7_IRQHandler
    startup_stm32f407xx.o(.text) refers (Special) to heapauxi.o(.text) for __use_two_region_memory
    startup_stm32f407xx.o(.text) refers to system_stm32f4xx.o(i.SystemInit) for SystemInit
    startup_stm32f407xx.o(.text) refers to __main.o(!!!main) for __main
    startup_stm32f407xx.o(.text) refers to startup_stm32f407xx.o(HEAP) for Heap_Mem
    startup_stm32f407xx.o(.text) refers to startup_stm32f407xx.o(STACK) for Stack_Mem
    main.o(i.HAL_TIM_PeriodElapsedCallback) refers to stm32f4xx_hal.o(i.HAL_IncTick) for HAL_IncTick
    main.o(i.SystemClock_Config) refers to rt_memclr_w.o(.text) for __aeabi_memclr4
    main.o(i.SystemClock_Config) refers to stm32f4xx_hal_rcc.o(i.HAL_RCC_OscConfig) for HAL_RCC_OscConfig
    main.o(i.SystemClock_Config) refers to stm32f4xx_hal_rcc.o(i.HAL_RCC_ClockConfig) for HAL_RCC_ClockConfig
    main.o(i.main) refers to stm32f4xx_hal.o(i.HAL_Init) for HAL_Init
    main.o(i.main) refers to main.o(i.SystemClock_Config) for SystemClock_Config
    main.o(i.main) refers to gpio.o(i.MX_GPIO_Init) for MX_GPIO_Init
    main.o(i.main) refers to dma.o(i.MX_DMA_Init) for MX_DMA_Init
    main.o(i.main) refers to can.o(i.MX_CAN1_Init) for MX_CAN1_Init
    main.o(i.main) refers to usart.o(i.MX_USART3_UART_Init) for MX_USART3_UART_Init
    main.o(i.main) refers to spi.o(i.MX_SPI1_Init) for MX_SPI1_Init
    main.o(i.main) refers to tim.o(i.MX_TIM10_Init) for MX_TIM10_Init
    main.o(i.main) refers to i2c.o(i.MX_I2C3_Init) for MX_I2C3_Init
    main.o(i.main) refers to can.o(i.MX_CAN2_Init) for MX_CAN2_Init
    main.o(i.main) refers to usart.o(i.MX_USART1_UART_Init) for MX_USART1_UART_Init
    main.o(i.main) refers to tim.o(i.MX_TIM1_Init) for MX_TIM1_Init
    main.o(i.main) refers to crc.o(i.MX_CRC_Init) for MX_CRC_Init
    main.o(i.main) refers to tim.o(i.MX_TIM13_Init) for MX_TIM13_Init
[...]
    USB_ActivateEndpoint                     0x08008b5d   Thumb Code   122  stm32f4xx_ll_usb.o(i.USB_ActivateEndpoint)
    USB_ActivateSetup                        0x08008bdd   Thumb Code    28  stm32f4xx_ll_usb.o(i.USB_ActivateSetup)
    USB_CoreInit                             0x08008bf9   Thumb Code   126  stm32f4xx_ll_usb.o(i.USB_CoreInit)
    USB_DeactivateEndpoint                   0x08008cb9   Thumb Code   194  stm32f4xx_ll_usb.o(i.USB_DeactivateEndpoint)
    USB_DevConnect                           0x08008d85   Thumb Code    28  stm32f4xx_ll_usb.o(i.USB_DevConnect)
    USB_DevDisconnect                        0x08008da1   Thumb Code    28  stm32f4xx_ll_usb.o(i.USB_DevDisconnect)
    USB_DevInit                              0x08008dbd   Thumb Code   370  stm32f4xx_ll_usb.o(i.USB_DevInit)
    USB_DisableGlobalInt                     0x08008f39   Thumb Code    12  stm32f4xx_ll_usb.o(i.USB_DisableGlobalInt)
    USB_EP0_OutStart                         0x08008f45   Thumb Code    84  stm32f4xx_ll_usb.o(i.USB_EP0_OutStart)
    USB_EPClearStall                         0x08008f9d   Thumb Code    88  stm32f4xx_ll_usb.o(i.USB_EPClearStall)
    USB_EPSetStall                           0x08008ff5   Thumb Code    88  stm32f4xx_ll_usb.o(i.USB_EPSetStall)
    USB_EPStartXfer                          0x0800904d   Thumb Code   562  stm32f4xx_ll_usb.o(i.USB_EPStartXfer)
    USB_EPStopXfer                           0x08009285   Thumb Code   158  stm32f4xx_ll_usb.o(i.USB_EPStopXfer)
    USB_EnableGlobalInt                      0x08009323   Thumb Code    12  stm32f4xx_ll_usb.o(i.USB_EnableGlobalInt)
    USB_FlushRxFifo                          0x0800932f   Thumb Code    56  stm32f4xx_ll_usb.o(i.USB_FlushRxFifo)
    USB_FlushTxFifo                          0x08009367   Thumb Code    60  stm32f4xx_ll_usb.o(i.USB_FlushTxFifo)
    USB_GetDevSpeed                          0x080093a3   Thumb Code    26  stm32f4xx_ll_usb.o(i.USB_GetDevSpeed)
    USB_GetMode                              0x080093bd   Thumb Code     8  stm32f4xx_ll_usb.o(i.USB_GetMode)
    USB_ReadDevAllInEpInterrupt              0x080093c5   Thumb Code    14  stm32f4xx_ll_usb.o(i.USB_ReadDevAllInEpInterrupt)
    USB_ReadDevAllOutEpInterrupt             0x080093d3   Thumb Code    14  stm32f4xx_ll_usb.o(i.USB_ReadDevAllOutEpInterrupt)
    USB_ReadDevInEPInterrupt                 0x080093e1   Thumb Code    36  stm32f4xx_ll_usb.o(i.USB_ReadDevInEPInterrupt)
    USB_ReadDevOutEPInterrupt                0x08009405   Thumb Code    16  stm32f4xx_ll_usb.o(i.USB_ReadDevOutEPInterrupt)
    USB_ReadInterrupts                       0x08009415   Thumb Code     8  stm32f4xx_ll_usb.o(i.USB_ReadInterrupts)
    USB_ReadPacket                           0x0800941d   Thumb Code    62  stm32f4xx_ll_usb.o(i.USB_ReadPacket)
    USB_SetCurrentMode                       0x0800945b   Thumb Code    92  stm32f4xx_ll_usb.o(i.USB_SetCurrentMode)
    USB_SetDevAddress                        0x080094b7   Thumb Code    34  stm32f4xx_ll_usb.o(i.USB_SetDevAddress)
    USB_SetTurnaroundTime                    0x080094d9   Thumb Code   158  stm32f4xx_ll_usb.o(i.USB_SetTurnaroundTime)
    USB_WritePacket                          0x080095c1   Thumb Code    40  stm32f4xx_ll_usb.o(i.USB_WritePacket)
    UsageFault_Handler                       0x080095e9   Thumb Code     2  stm32f4xx_it.o(i.UsageFault_Handler)
    __ARM_fpclassifyf                        0x080095eb   Thumb Code    38  fpclassifyf.o(i.__ARM_fpclassifyf)
    __hardfp_asinf                           0x0800963d   Thumb Code   258  asinf.o(i.__hardfp_asinf)
    __hardfp_atan2f                          0x08009769   Thumb Code   502  atan2f.o(i.__hardfp_atan2f)
    __mathlib_flt_infnan                     0x080099b9   Thumb Code     6  funder.o(i.__mathlib_flt_infnan)
    __mathlib_flt_infnan2                    0x080099bf   Thumb Code     6  funder.o(i.__mathlib_flt_infnan2)
    __mathlib_flt_invalid                    0x080099c5   Thumb Code    10  funder.o(i.__mathlib_flt_invalid)
    __mathlib_flt_underflow                  0x080099d5   Thumb Code    10  funder.o(i.__mathlib_flt_underflow)
    bmi088_accel_init                        0x080099e5   Thumb Code   292  bmi088driver.o(i.bmi088_accel_init)
    bmi088_accel_self_test                   0x08009b0d   Thumb Code   698  bmi088driver.o(i.bmi088_accel_self_test)
    bmi088_gyro_init                         0x08009dcd   Thumb Code   214  bmi088driver.o(i.bmi088_gyro_init)
    bmi088_gyro_self_test                    0x08009ea9   Thumb Code   202  bmi088driver.o(i.bmi088_gyro_self_test)
    can_filter_init                          0x08009f75   Thumb Code   104  baspcan.o(i.can_filter_init)
    get_angle                                0x08009fe5   Thumb Code   176  ins_task.o(i.get_angle)
    gimbal_task_start                        0x0800a095   Thumb Code   732  gimbal_task.o(i.gimbal_task_start)
    imu_pwm_set                              0x0800a4e9   Thumb Code     8  bsp_imu_pwm.o(i.imu_pwm_set)
    ins_dma_data_read                        0x0800a56d   Thumb Code   682  ins_task.o(i.ins_dma_data_read)
    invSqrt                                  0x0800a839   Thumb Code    40  mahonyahrs.o(i.invSqrt)
    ist8310_GPIO_init                        0x0800a865   Thumb Code     2  ist8310driver_middleware.o(i.ist8310_GPIO_init)
    ist8310_IIC_read_single_reg              0x0800a869   Thumb Code    32  ist8310driver_middleware.o(i.ist8310_IIC_read_single_reg)
    ist8310_IIC_write_single_reg             0x0800a88d   Thumb Code    30  ist8310driver_middleware.o(i.ist8310_IIC_write_single_reg)
    ist8310_RST_H                            0x0800a8b1   Thumb Code    10  ist8310driver_middleware.o(i.ist8310_RST_H)
    ist8310_RST_L                            0x0800a8c1   Thumb Code    10  ist8310driver_middleware.o(i.ist8310_RST_L)
    ist8310_com_init                         0x0800a8d1   Thumb Code     2  ist8310driver_middleware.o(i.ist8310_com_init)
    ist8310_delay_ms                         0x0800a8d3   Thumb Code     4  ist8310driver_middleware.o(i.ist8310_delay_ms)
    ist8310_init                             0x0800a8d9   Thumb Code   122  ist8310driver.o(i.ist8310_init)
    main                                     0x0800a959   Thumb Code   102  main.o(i.main)
    motor_6020_sent_imu                      0x0800a9dd   Thumb Code   172  ins_task.o(i.motor_6020_sent_imu)
    osDelay                                  0x0800aa95   Thumb Code    14  cmsis_os.o(i.osDelay)
    osKernelStart                            0x0800aaa3   Thumb Code    10  cmsis_os.o(i.osKernelStart)
    osThreadCreate                           0x0800aaad   Thumb Code    84  cmsis_os.o(i.osThreadCreate)
    pcTaskGetName                            0x0800ab01   Thumb Code    28  tasks.o(i.pcTaskGetName)
    pid_caculate                             0x0800ab21   Thumb Code   566  pid.o(i.pid_caculate)
    pid_caluate_gimbal_imu                   0x0800ad5d   Thumb Code    54  ins_task.o(i.pid_caluate_gimbal_imu)
    pid_gimbal                               0x0800ad99   Thumb Code   142  gimbal_task.o(i.pid_gimbal)
    pid_init                                 0x0800ae61   Thumb Code     6  pid.o(i.pid_init)
    pid_param_init                           0x0800ae69   Thumb Code   140  pid.o(i.pid_param_init)
    position_speed_control                   0x0800aefd   Thumb Code   140  motor4310.o(i.position_speed_control)
    pvPortMalloc                             0x0800b331   Thumb Code   216  heap_4.o(i.pvPortMalloc)
    pxPortInitialiseStack                    0x0800b40d   Thumb Code    40  port.o(i.pxPortInitialiseStack)
    shoot_start                              0x0800b439   Thumb Code   212  shoot.o(i.shoot_start)
    sqrtf                                    0x0800b529   Thumb Code    62  sqrtf.o(i.sqrtf)
    test                                     0x0800b569   Thumb Code   134  test.o(i.test)
    uint_to_float                            0x0800b609   Thumb Code    40  motor4310.o(i.uint_to_float)
    ulTaskNotifyTake                         0x0800b631   Thumb Code    96  tasks.o(i.ulTaskNotifyTake)
    uxListRemove                             0x0800b699   Thumb Code    38  list.o(i.uxListRemove)
    vApplicationGetIdleTaskMemory            0x0800b6c1   Thumb Code    16  freertos.o(i.vApplicationGetIdleTaskMemory)
    vListInitialise                          0x0800b6d5   Thumb Code    22  list.o(i.vListInitialise)
    vListInitialiseItem                      0x0800b6eb   Thumb Code     6  list.o(i.vListInitialiseItem)
    vListInsert                              0x0800b6f1   Thumb Code    48  list.o(i.vListInsert)
    vListInsertEnd                           0x0800b721   Thumb Code    24  list.o(i.vListInsertEnd)
    vPortEnterCritical                       0x0800b739   Thumb Code    54  port.o(i.vPortEnterCritical)
    vPortExitCritical                        0x0800b779   Thumb Code    34  port.o(i.vPortExitCritical)
    vPortFree                                0x0800b7a1   Thumb Code    94  heap_4.o(i.vPortFree)
    vPortSetupTimerInterrupt                 0x0800b805   Thumb Code    32  port.o(i.vPortSetupTimerInterrupt)
    vPortValidateInterruptPriority           0x0800b829   Thumb Code    74  port.o(i.vPortValidateInterruptPriority)
    vTaskDelay                               0x0800b87d   Thumb Code    66  tasks.o(i.vTaskDelay)
    vTaskDelayUntil                          0x0800b8c9   Thumb Code   132  tasks.o(i.vTaskDelayUntil)
    vTaskNotifyGiveFromISR                   0x0800b955   Thumb Code   172  tasks.o(i.vTaskNotifyGiveFromISR)
    vTaskStartScheduler                      0x0800ba09   Thumb Code    90  tasks.o(i.vTaskStartScheduler)
    vTaskSuspendAll                          0x0800ba75   Thumb Code    10  tasks.o(i.vTaskSuspendAll)
    vTaskSwitchContext                       0x0800ba85   Thumb Code    82  tasks.o(i.vTaskSwitchContext)
    vision_call_back_handler                 0x0800bae1   Thumb Code   202  vision.o(i.vision_call_back_handler)
    vision_transmit                          0x0800bbb9   Thumb Code    26  vision.o(i.vision_transmit)
    vision_transmit_blue_hp                  0x0800bbd9   Thumb Code    48  baspcan.o(i.vision_transmit_blue_hp)
    vision_transmit_building_hp              0x0800bc11   Thumb Code    44  baspcan.o(i.vision_transmit_building_hp)
    vision_transmit_exercise                 0x0800bc45   Thumb Code    48  baspcan.o(i.vision_transmit_exercise)
    vision_transmit_friend1_place            0x0800bc7d   Thumb Code    48  baspcan.o(i.vision_transmit_friend1_place)
    vision_transmit_friend2_place            0x0800bcb5   Thumb Code    56  baspcan.o(i.vision_transmit_friend2_place)
    vision_transmit_game_state               0x0800bcf5   Thumb Code    40  baspcan.o(i.vision_transmit_game_state)
    vision_transmit_judge                    0x0800bd25   Thumb Code   186  vision.o(i.vision_transmit_judge)
    vision_transmit_package_AutoaimFeedback  0x0800bde5   Thumb Code   220  vision.o(i.vision_transmit_package_AutoaimFeedback)
    vision_transmit_red_hp                   0x0800bef5   Thumb Code    48  baspcan.o(i.vision_transmit_red_hp)
    vision_transmit_shoot                    0x0800bf2d   Thumb Code    32  baspcan.o(i.vision_transmit_shoot)
    vision_transmit_shouji                   0x0800bf55   Thumb Code    68  baspcan.o(i.vision_transmit_shouji)
    xPortStartScheduler                      0x0800bfa1   Thumb Code   222  port.o(i.xPortStartScheduler)
    xTaskCreate                              0x0800c095   Thumb Code    90  tasks.o(i.xTaskCreate)
    xTaskCreateStatic                        0x0800c0ef   Thumb Code    86  tasks.o(i.xTaskCreateStatic)
    xTaskGetHandle                           0x0800c145   Thumb Code   124  tasks.o(i.xTaskGetHandle)
    xTaskGetSchedulerState                   0x0800c1c9   Thumb Code    22  tasks.o(i.xTaskGetSchedulerState)
    xTaskGetTickCount                        0x0800c1e5   Thumb Code     6  tasks.o(i.xTaskGetTickCount)
    xTaskIncrementTick                       0x0800c1f1   Thumb Code   194  tasks.o(i.xTaskIncrementTick)
    xTaskResumeAll                           0x0800c2bd   Thumb Code   182  tasks.o(i.xTaskResumeAll)
    __aeabi_d2f                              0x0800c381   Thumb Code     0  d2f.o(x$fpl$d2f)
    _d2f                                     0x0800c381   Thumb Code    98  d2f.o(x$fpl$d2f)
    __aeabi_dadd                             0x0800c3e5   Thumb Code     0  daddsub_clz.o(x$fpl$dadd)
    _dadd                                    0x0800c3e5   Thumb Code   332  daddsub_clz.o(x$fpl$dadd)
    __aeabi_ddiv                             0x0800c535   Thumb Code     0  ddiv.o(x$fpl$ddiv)
    _ddiv                                    0x0800c535   Thumb Code   552  ddiv.o(x$fpl$ddiv)
    __aeabi_dmul                             0x0800c7e5   Thumb Code     0  dmul.o(x$fpl$dmul)
    _dmul                                    0x0800c7e5   Thumb Code   332  dmul.o(x$fpl$dmul)
    __fpl_dnaninf                            0x0800c939   Thumb Code   156  dnaninf.o(x$fpl$dnaninf)
    __fpl_dretinf                            0x0800c9d5   Thumb Code    12  dretinf.o(x$fpl$dretinf)
    __aeabi_dsub                             0x0800c9e1   Thumb Code     0  daddsub_clz.o(x$fpl$dsub)
    _dsub                                    0x0800c9e1   Thumb Code   464  daddsub_clz.o(x$fpl$dsub)
    __aeabi_f2d                              0x0800cbb5   Thumb Code     0  f2d.o(x$fpl$f2d)
    _f2d                                     0x0800cbb5   Thumb Code    86  f2d.o(x$fpl$f2d)
    __fpl_fnaninf                            0x0800cc0b   Thumb Code   140  fnaninf.o(x$fpl$fnaninf)
    _fp_init                                 0x0800cc97   Thumb Code    10  fpinit.o(x$fpl$fpinit)
    __fplib_config_fpu_vfp                   0x0800cc9f   Thumb Code     0  fpinit.o(x$fpl$fpinit)
    __fplib_config_pureend_doubles           0x0800cc9f   Thumb Code     0  fpinit.o(x$fpl$fpinit)
    __fpl_fretinf                            0x0800cca1   Thumb Code    10  fretinf.o(x$fpl$fretinf)
    __I$use$fp                               0x0800ccaa   Number         0  usenofp.o(x$fpl$usenofp)
    AHBPrescTable                            0x0800cd24   Data          16  system_stm32f4xx.o(.constdata)
    APBPrescTable                            0x0800cd34   Data           8  system_stm32f4xx.o(.constdata)
    Region$$Table$$Base                      0x0800cd8c   Number         0  anon$$obj.o(Region$$Table)
    Region$$Table$$Limit                     0x0800cdac   Number         0  anon$$obj.o(Region$$Table)
    gimbal_taskHandle                        0x20000000   Data           4  freertos.o(.data)
    IMU_TASKHandle                           0x20000004   Data           4  freertos.o(.data)
    shoot_taskHandle                         0x20000008   Data           4  freertos.o(.data)
    test_gimbalHandle                        0x2000000c   Data           4  freertos.o(.data)
    hcrc                                     0x20000014   Data           8  crc.o(.data)
    FS_Desc                                  0x2000001c   Data          28  usbd_desc.o(.data)
    USBD_LangIDDesc                          0x20000038   Data           4  usbd_desc.o(.data)
    USBD_FS_DeviceDesc                       0x2000003c   Data          18  usbd_desc.o(.data)
    USBD_StringSerial                        0x20000050   Data          26  usbd_desc.o(.data)
    USBD_Interface_fops_FS                   0x2000006c   Data          20  usbd_cdc_if.o(.data)
    uwTickFreq                               0x20000080   Data           1  stm32f4xx_hal.o(.data)
    uwTickPrio                               0x20000084   Data           4  stm32f4xx_hal.o(.data)
    uwTick                                   0x20000088   Data           4  stm32f4xx_hal.o(.data)
    SystemCoreClock                          0x2000008c   Data           4  system_stm32f4xx.o(.data)
    pxCurrentTCB                             0x20000090   Data           4  tasks.o(.data)
    USBD_CDC                                 0x20000150   Data          56  usbd_cdc.o(.data)
    BMI088_ACCEL_SEN                         0x20000188   Data           4  bmi088driver.o(.data)
    BMI088_GYRO_SEN                          0x2000018c   Data           4  bmi088driver.o(.data)
    gyro_update_flag                         0x200001b4   Data           1  ins_task.o(.data)
    accel_update_flag                        0x200001b5   Data           1  ins_task.o(.data)
    accel_temp_update_flag                   0x200001b6   Data           1  ins_task.o(.data)
    mag_update_flag                          0x200001b7   Data           1  ins_task.o(.data)
    imu_start_dma_flag                       0x200001b8   Data           1  ins_task.o(.data)
    imu_init_finish_flag                     0x200001b9   Data           1  ins_task.o(.data)
    gimbal_return_finish_flag                0x200001ba   Data           1  ins_task.o(.data)
    accel_temp_dma_tx_buf                    0x200001bd   Data           4  ins_task.o(.data)
    yaw_add_one_tick                         0x200001c4   Data           4  ins_task.o(.data)
    pre_tick                                 0x200001c8   Data           4  ins_task.o(.data)
    yaw_zimiao                               0x200001cc   Data           4  ins_task.o(.data)
    yaw_flag                                 0x200001d0   Data           4  ins_task.o(.data)
    gyro_flag                                0x200001d4   Data           4  ins_task.o(.data)
    angle_speed_9025                         0x200001d8   Data           4  ins_task.o(.data)
    count_accel                              0x200001dc   Data           4  ins_task.o(.data)
    count_gyro                               0x200001e0   Data           4  ins_task.o(.data)
    count_temp                               0x200001e4   Data           4  ins_task.o(.data)
    yaw_imu                                  0x200001ec   Data           4  ins_task.o(.data)
    accel_temp_dma_rx_buf                    0x200001f4   Data           4  ins_task.o(.data)
    yaw_offset                               0x200001f8   Data           4  ins_task.o(.data)
    tick                                     0x200001fc   Data           4  ins_task.o(.data)
    IMU_CAN                                  0x20000200   Data           4  ins_task.o(.data)
    gyro_dma_tx_buf                          0x20000204   Data           8  ins_task.o(.data)
    gyro_dma_rx_buf                          0x2000020c   Data           8  ins_task.o(.data)
    accel_dma_tx_buf                         0x20000214   Data           9  ins_task.o(.data)
    twoKp                                    0x2000022c   Data           4  mahonyahrs.o(.data)
    twoKi                                    0x20000230   Data           4  mahonyahrs.o(.data)
    integralFBx                              0x20000234   Data           4  mahonyahrs.o(.data)
    integralFBy                              0x20000238   Data           4  mahonyahrs.o(.data)
    integralFBz                              0x2000023c   Data           4  mahonyahrs.o(.data)
    hit_count                                0x20000240   Data           1  baspcan.o(.data)
    progress                                 0x20000241   Data           1  baspcan.o(.data)
    commd_keyboard                           0x20000242   Data           1  baspcan.o(.data)
    target_robot_ID                          0x20000243   Data           1  baspcan.o(.data)
    shouji                                   0x20000244   Data           1  baspcan.o(.data)
    count_i                                  0x20000246   Data           2  baspcan.o(.data)
    pitch_4310_remote                        0x20000248   Data           2  baspcan.o(.data)
    yaw_6020_remote                          0x2000024a   Data           2  baspcan.o(.data)
    wheel                                    0x2000024c   Data           2  baspcan.o(.data)
    s                                        0x2000024e   Data           2  baspcan.o(.data)
    computition_type                         0x20000250   Data           2  baspcan.o(.data)
    money_game                               0x20000252   Data           2  baspcan.o(.data)
    infantry_1_hp_red                        0x20000254   Data           2  baspcan.o(.data)
    infantry_2_hp_red                        0x20000256   Data           2  baspcan.o(.data)
    hero_hp_red                              0x20000258   Data           2  baspcan.o(.data)
    engineer_hp_red                          0x2000025a   Data           2  baspcan.o(.data)
    sentry_hp_red                            0x2000025c   Data           2  baspcan.o(.data)
    outpost_red_hp                           0x2000025e   Data           2  baspcan.o(.data)
    base_red_hp                              0x20000260   Data           2  baspcan.o(.data)
    infantry_1_hp_blue                       0x20000262   Data           2  baspcan.o(.data)
    infantry_2_hp_blue                       0x20000264   Data           2  baspcan.o(.data)
    hero_hp_blue                             0x20000266   Data           2  baspcan.o(.data)
    engineer_hp_blue                         0x20000268   Data           2  baspcan.o(.data)
    sentry_hp_blue                           0x2000026a   Data           2  baspcan.o(.data)
    outpost_blue_hp                          0x2000026c   Data           2  baspcan.o(.data)
    base_blue_hp                             0x2000026e   Data           2  baspcan.o(.data)
    remain_zidan                             0x20000270   Data           2  baspcan.o(.data)
    heat_2006                                0x20000272   Data           2  baspcan.o(.data)
    limit_17_2006                            0x20000274   Data           2  baspcan.o(.data)
    target_robot                             0x20000278   Data           8  baspcan.o(.data)
    infantry_1_place                         0x20000280   Data           8  baspcan.o(.data)
    infantry_2_place                         0x20000288   Data           8  baspcan.o(.data)
    hero_place                               0x20000290   Data           8  baspcan.o(.data)
    engineer_place                           0x20000298   Data           8  baspcan.o(.data)
    sentry_place                             0x200002a0   Data           8  baspcan.o(.data)
    pbuf                                     0x200002a8   Data           4  motor4310.o(.data)
    vbuf                                     0x200002ac   Data           4  motor4310.o(.data)
    Txtemp_1                                 0x200002b0   Data           8  motor4310.o(.data)
    angle_rpm_pitch                          0x200002b8   Data           4  gimbal_task.o(.data)
    speed_rpm_pitch                          0x200002bc   Data           4  gimbal_task.o(.data)
    chazhi                                   0x200002c0   Data           8  gimbal_task.o(.data)
    angle_for_9025                           0x200002c8   Data           4  gimbal_task.o(.data)
    heat_flag                                0x200002cc   Data           1  shoot.o(.data)
    Shoot_Speed                              0x200002ce   Data           2  shoot.o(.data)
    count_lost                               0x200002d0   Data           2  vision.o(.data)
    check_ok                                 0x200002d4   Data           4  vision.o(.data)
    yaw_9025_vision                          0x200002d8   Data           4  vision.o(.data)
    ulzimiaoLostTime                         0x200002dc   Data           4  vision.o(.data)
    shangweiji_imu                           0x200002e0   Data           4  vision.o(.data)
    world_9025_yaw_angle                     0x200002e4   Data           4  vision.o(.data)
    iii                                      0x200002e8   Data           4  vision.o(.data)
    YAW_Vision                               0x200002ec   Data           4  vision.o(.data)
    PITCH_Vision                             0x200002f0   Data           4  vision.o(.data)
    yaw_9025_anglee                          0x200002f4   Data           4  vision.o(.data)
    vision_transmit_buff                     0x200002f8   Data          33  vision.o(.data)
    xiaotuoluo_flag                          0x20000319   Data           1  test.o(.data)
    xiaotuoluo_tx_data                       0x2000031a   Data           8  test.o(.data)
    motor_yaw                                0x20000324   Data         140  main.o(.bss)
    motor_2006_shoot                         0x200003b0   Data          72  main.o(.bss)
    gimbal_4310_speed                        0x200003f8   Data          60  main.o(.bss)
    gimbal_4310_angle                        0x20000434   Data          60  main.o(.bss)
    motor_9025_yaw                           0x20000470   Data         140  main.o(.bss)
    hcan1                                    0x20000750   Data          40  can.o(.bss)
    hcan2                                    0x20000778   Data          40  can.o(.bss)
    hi2c3                                    0x200007a0   Data          84  i2c.o(.bss)
    hspi1                                    0x200007f4   Data          88  spi.o(.bss)
    hdma_spi1_rx                             0x2000084c   Data          96  spi.o(.bss)
    hdma_spi1_tx                             0x200008ac   Data          96  spi.o(.bss)
    htim1                                    0x2000090c   Data          72  tim.o(.bss)
    htim10                                   0x20000954   Data          72  tim.o(.bss)
    htim13                                   0x2000099c   Data          72  tim.o(.bss)
    huart1                                   0x200009e4   Data          72  usart.o(.bss)
    huart3                                   0x20000a2c   Data          72  usart.o(.bss)
    hdma_usart1_rx                           0x20000a74   Data          96  usart.o(.bss)
    hdma_usart1_tx                           0x20000ad4   Data          96  usart.o(.bss)
    hdma_usart3_rx                           0x20000b34   Data          96  usart.o(.bss)
    htim6                                    0x20000b94   Data          72  stm32f4xx_hal_timebase_tim.o(.bss)
    hUsbDeviceFS                             0x20000bdc   Data         732  usb_device.o(.bss)
    USBD_StrDesc                             0x20000eb8   Data         512  usbd_desc.o(.bss)
    UserRxBufferFS                           0x200010b8   Data        2048  usbd_cdc_if.o(.bss)
    UserTxBufferFS                           0x200018b8   Data        2048  usbd_cdc_if.o(.bss)
    hpcd_USB_OTG_FS                          0x200022d8   Data        1252  usbd_conf.o(.bss)
    accel_fliter_3                           0x200064c4   Data          12  ins_task.o(.bss)
    INS_gyro                                 0x200064d0   Data          12  ins_task.o(.bss)
    INS_quat                                 0x200064dc   Data          16  ins_task.o(.bss)
    INS_angle                                0x200064ec   Data          12  ins_task.o(.bss)
    IMU_angle                                0x200064f8   Data          12  ins_task.o(.bss)
    accel_dma_rx_buf                         0x20006504   Data           9  ins_task.o(.bss)
    bmi088_real_data                         0x20006510   Data          36  ins_task.o(.bss)
    ist8310_real_data                        0x20006534   Data          16  ins_task.o(.bss)
    gyro_offset                              0x20006544   Data          12  ins_task.o(.bss)
    gyro_cali_offset                         0x20006550   Data          12  ins_task.o(.bss)
    motor_3508_shoot                         0x200065c0   Data         152  baspcan.o(.bss)
    DM4310_pitch                             0x20006658   Data          60  motor4310.o(.bss)
    pdata                                    0x20006694   Data          18  remote.o(.bss)
    RC_CtrlData                              0x200066a6   Data          22  remote.o(.bss)
    computer_from                            0x200066bc   Data          28  vision.o(.bss)
    vision_buf                               0x200066d8   Data          32  vision.o(.bss)
    __libspace_start                         0x200066f8   Data          96  libspace.o(.bss)
    __temporary_stack_top$libspace           0x20006758   Data           0  libspace.o(.bss)



==============================================================================

Memory Map of the image

  Image Entry point : 0x08000189

  Load Region LR_IROM1 (Base: 0x08000000, Size: 0x0000d0d0, Max: 0x00100000, ABSOLUTE, COMPRESSED[0x0000ced4])

    Execution Region ER_IROM1 (Base: 0x08000000, Size: 0x0000cdac, Max: 0x00100000, ABSOLUTE)

    Base Addr    Size         Type   Attr      Idx    E Section Name        Object

    0x08000000   0x00000188   Data   RO            3    RESET               startup_stm32f407xx.o
    0x08000188   0x00000008   Code   RO         8644  * !!!main             c_w.l(__main.o)
    0x08000190   0x00000034   Code   RO         9016    !!!scatter          c_w.l(__scatter.o)
    0x080001c4   0x0000005a   Code   RO         9014    !!dczerorl2         c_w.l(__dczerorl2.o)
    0x0800021e   0x00000002   PAD
    0x08000220   0x0000001c   Code   RO         9018    !!handler_zi        c_w.l(__scatter_zi.o)
    0x0800023c   0x00000002   Code   RO         8887    .ARM.Collect$$libinit$$00000000  c_w.l(libinit.o)
    0x0800023e   0x00000004   Code   RO         8896    .ARM.Collect$$libinit$$00000001  c_w.l(libinit2.o)
    0x08000242   0x00000000   Code   RO         8899    .ARM.Collect$$libinit$$00000004  c_w.l(libinit2.o)
    0x08000242   0x00000000   Code   RO         8902    .ARM.Collect$$libinit$$0000000A  c_w.l(libinit2.o)
    0x08000242   0x00000000   Code   RO         8904    .ARM.Collect$$libinit$$0000000C  c_w.l(libinit2.o)
    0x08000242   0x00000000   Code   RO         8906    .ARM.Collect$$libinit$$0000000E  c_w.l(libinit2.o)
    0x08000242   0x00000000   Code   RO         8909    .ARM.Collect$$libinit$$00000011  c_w.l(libinit2.o)
    0x08000242   0x00000000   Code   RO         8911    .ARM.Collect$$libinit$$00000013  c_w.l(libinit2.o)
    0x08000242   0x00000000   Code   RO         8913    .ARM.Collect$$libinit$$00000015  c_w.l(libinit2.o)
    0x08000242   0x00000000   Code   RO         8915    .ARM.Collect$$libinit$$00000017  c_w.l(libinit2.o)
    0x08000242   0x00000000   Code   RO         8917    .ARM.Collect$$libinit$$00000019  c_w.l(libinit2.o)
    0x08000242   0x00000000   Code   RO         8919    .ARM.Collect$$libinit$$0000001B  c_w.l(libinit2.o)
    0x08000242   0x00000000   Code   RO         8921    .ARM.Collect$$libinit$$0000001D  c_w.l(libinit2.o)
    0x08000242   0x00000000   Code   RO         8923    .ARM.Collect$$libinit$$0000001F  c_w.l(libinit2.o)
    0x08000242   0x00000000   Code   RO         8925    .ARM.Collect$$libinit$$00000021  c_w.l(libinit2.o)
    0x08000242   0x00000000   Code   RO         8927    .ARM.Collect$$libinit$$00000023  c_w.l(libinit2.o)
    0x08000242   0x00000000   Code   RO         8929    .ARM.Collect$$libinit$$00000025  c_w.l(libinit2.o)
    0x08000242   0x00000000   Code   RO         8933    .ARM.Collect$$libinit$$0000002C  c_w.l(libinit2.o)
    0x08000242   0x00000000   Code   RO         8935    .ARM.Collect$$libinit$$0000002E  c_w.l(libinit2.o)
    0x08000242   0x00000000   Code   RO         8937    .ARM.Collect$$libinit$$00000030  c_w.l(libinit2.o)
    0x08000242   0x00000000   Code   RO         8939    .ARM.Collect$$libinit$$00000032  c_w.l(libinit2.o)
    0x08000242   0x00000002   Code   RO         8940    .ARM.Collect$$libinit$$00000033  c_w.l(libinit2.o)
    0x08000244   0x00000002   Code   RO         8971    .ARM.Collect$$libshutdown$$00000000  c_w.l(libshutdown.o)
    0x08000246   0x00000000   Code   RO         8997    .ARM.Collect$$libshutdown$$00000002  c_w.l(libshutdown2.o)
    0x08000246   0x00000000   Code   RO         8999    .ARM.Collect$$libshutdown$$00000004  c_w.l(libshutdown2.o)
    0x08000246   0x00000000   Code   RO         9002    .ARM.Collect$$libshutdown$$00000007  c_w.l(libshutdown2.o)
    0x08000246   0x00000000   Code   RO         9005    .ARM.Collect$$libshutdown$$0000000A  c_w.l(libshutdown2.o)
    0x08000246   0x00000000   Code   RO         9007    .ARM.Collect$$libshutdown$$0000000C  c_w.l(libshutdown2.o)
    0x08000246   0x00000000   Code   RO         9010    .ARM.Collect$$libshutdown$$0000000F  c_w.l(libshutdown2.o)
    0x08000246   0x00000002   Code   RO         9011    .ARM.Collect$$libshutdown$$00000010  c_w.l(libshutdown2.o)
    0x08000248   0x00000000   Code   RO         8734    .ARM.Collect$$rtentry$$00000000  c_w.l(__rtentry.o)
    0x08000248   0x00000000   Code   RO         8834    .ARM.Collect$$rtentry$$00000002  c_w.l(__rtentry2.o)
    0x08000248   0x00000006   Code   RO         8846    .ARM.Collect$$rtentry$$00000004  c_w.l(__rtentry4.o)
    0x0800024e   0x00000000   Code   RO         8836    .ARM.Collect$$rtentry$$00000009  c_w.l(__rtentry2.o)
    0x0800024e   0x00000004   Code   RO         8837    .ARM.Collect$$rtentry$$0000000A  c_w.l(__rtentry2.o)
    0x08000252   0x00000000   Code   RO         8839    .ARM.Collect$$rtentry$$0000000C  c_w.l(__rtentry2.o)
    0x08000252   0x00000008   Code   RO         8840    .ARM.Collect$$rtentry$$0000000D  c_w.l(__rtentry2.o)
    0x0800025a   0x00000002   Code   RO         8888    .ARM.Collect$$rtexit$$00000000  c_w.l(rtexit.o)
    0x0800025c   0x00000000   Code   RO         8944    .ARM.Collect$$rtexit$$00000002  c_w.l(rtexit2.o)
    0x0800025c   0x00000004   Code   RO         8945    .ARM.Collect$$rtexit$$00000003  c_w.l(rtexit2.o)
    0x08000260   0x00000006   Code   RO         8946    .ARM.Collect$$rtexit$$00000004  c_w.l(rtexit2.o)
    0x08000266   0x00000002   PAD
    0x08000268   0x000000be   Code   RO         6743    .emb_text           port.o
    0x08000326   0x00000002   PAD
    0x08000328   0x00000040   Code   RO            4    .text               startup_stm32f407xx.o
    0x08000368   0x000000ee   Code   RO         8628    .text               c_w.l(lludivv7m.o)
    0x08000456   0x0000003e   Code   RO         8630    .text               c_w.l(strlen.o)
    0x08000494   0x0000008a   Code   RO         8632    .text               c_w.l(rt_memcpy_v6.o)
    0x0800051e   0x00000064   Code   RO         8634    .text               c_w.l(rt_memcpy_w.o)
    0x08000582   0x00000044   Code   RO         8638    .text               c_w.l(rt_memclr.o)
    0x080005c6   0x0000004e   Code   RO         8640    .text               c_w.l(rt_memclr_w.o)
    0x08000614   0x00000006   Code   RO         8642    .text               c_w.l(heapauxi.o)
    0x0800061a   0x00000016   Code   RO         8739    .text               c_w.l(_rserrno.o)
    0x08000630   0x00000008   Code   RO         8853    .text               c_w.l(rt_errno_addr_intlibspace.o)
    0x08000638   0x00000008   Code   RO         8871    .text               c_w.l(libspace.o)
    0x08000640   0x0000004a   Code   RO         8874    .text               c_w.l(sys_stackheap_outer.o)
    0x0800068a   0x00000012   Code   RO         8876    .text               c_w.l(exit.o)
    0x0800069c   0x0000000c   Code   RO         8941    .text               c_w.l(sys_exit.o)
    0x080006a8   0x00000002   Code   RO         8960    .text               c_w.l(use_no_semi.o)
    0x080006aa   0x00000000   Code   RO         8962    .text               c_w.l(indicate_semi.o)
    0x080006aa   0x00000002   PAD
    0x080006ac   0x00000020   Code   RO         7602    i.AHRS_init         ins_task.o
    0x080006cc   0x0000000c   Code   RO         7603    i.AHRS_update       ins_task.o
    0x080006d8   0x00000010   Code   RO         7443    i.BMI088_ACCEL_NS_H  bmi088middleware.o
    0x080006e8   0x00000010   Code   RO         7444    i.BMI088_ACCEL_NS_L  bmi088middleware.o
    0x080006f8   0x00000002   Code   RO         7445    i.BMI088_GPIO_init  bmi088middleware.o
    0x080006fa   0x00000002   PAD
    0x080006fc   0x00000010   Code   RO         7446    i.BMI088_GYRO_NS_H  bmi088middleware.o
    0x0800070c   0x00000010   Code   RO         7447    i.BMI088_GYRO_NS_L  bmi088middleware.o
    0x0800071c   0x00000080   Code   RO         7226    i.BMI088_accel_read_over  bmi088driver.o
    0x0800079c   0x00000002   Code   RO         7448    i.BMI088_com_init   bmi088middleware.o
    0x0800079e   0x00000004   Code   RO         7449    i.BMI088_delay_ms   bmi088middleware.o
    0x080007a2   0x00000006   Code   RO         7450    i.BMI088_delay_us   bmi088middleware.o
    0x080007a8   0x00000060   Code   RO         7227    i.BMI088_gyro_read_over  bmi088driver.o
    0x08000808   0x0000002e   Code   RO         7228    i.BMI088_init       bmi088driver.o
    0x08000836   0x00000002   PAD
    0x08000838   0x00000158   Code   RO         7229    i.BMI088_read       bmi088driver.o
    0x08000990   0x00000024   Code   RO         7232    i.BMI088_read_muli_reg  bmi088driver.o
    0x080009b4   0x00000016   Code   RO         7233    i.BMI088_read_single_reg  bmi088driver.o
    0x080009ca   0x00000002   PAD
    0x080009cc   0x00000020   Code   RO         7451    i.BMI088_read_write_byte  bmi088middleware.o
    0x080009ec   0x0000002e   Code   RO         7234    i.BMI088_temperature_read_over  bmi088driver.o
    0x08000a1a   0x00000012   Code   RO         7235    i.BMI088_write_single_reg  bmi088driver.o
    0x08000a2c   0x00000002   Code   RO          701    i.BusFault_Handler  stm32f4xx_it.o
    0x08000a2e   0x00000002   PAD
    0x08000a30   0x0000000c   Code   RO          702    i.CAN1_RX0_IRQHandler  stm32f4xx_it.o
    0x08000a3c   0x0000000c   Code   RO          703    i.CAN2_RX0_IRQHandler  stm32f4xx_it.o
    0x08000a48   0x00000004   Code   RO         1062    i.CDC_Control_FS    usbd_cdc_if.o
    0x08000a4c   0x00000004   Code   RO         1063    i.CDC_DeInit_FS     usbd_cdc_if.o
    0x08000a50   0x00000024   Code   RO         1064    i.CDC_Init_FS       usbd_cdc_if.o
    0x08000a74   0x00000030   Code   RO         1065    i.CDC_Receive_FS    usbd_cdc_if.o
    0x08000aa4   0x00000004   Code   RO         1066    i.CDC_TransmitCplt_FS  usbd_cdc_if.o
    0x08000aa8   0x0000002c   Code   RO         1067    i.CDC_Transmit_FS   usbd_cdc_if.o
    0x08000ad4   0x0000001c   Code   RO          704    i.DMA1_Stream1_IRQHandler  stm32f4xx_it.o
    0x08000af0   0x00000014   Code   RO          705    i.DMA2_Stream2_IRQHandler  stm32f4xx_it.o
    0x08000b04   0x0000000c   Code   RO          706    i.DMA2_Stream3_IRQHandler  stm32f4xx_it.o
    0x08000b10   0x0000000c   Code   RO          707    i.DMA2_Stream5_IRQHandler  stm32f4xx_it.o
    0x08000b1c   0x0000000c   Code   RO          708    i.DMA2_Stream7_IRQHandler  stm32f4xx_it.o
    0x08000b28   0x00000028   Code   RO         2373    i.DMA_CalcBaseAndBitshift  stm32f4xx_hal_dma.o
    0x08000b50   0x00000054   Code   RO         2374    i.DMA_CheckFifoParam  stm32f4xx_hal_dma.o
    0x08000ba4   0x00000028   Code   RO         2375    i.DMA_SetConfig     stm32f4xx_hal_dma.o
    0x08000bcc   0x00000002   Code   RO          709    i.DebugMon_Handler  stm32f4xx_it.o
    0x08000bce   0x00000006   Code   RO          710    i.EXTI0_IRQHandler  stm32f4xx_it.o
    0x08000bd4   0x00000006   Code   RO          711    i.EXTI1_IRQHandler  stm32f4xx_it.o
    0x08000bda   0x00000006   Code   RO          712    i.EXTI3_IRQHandler  stm32f4xx_it.o
    0x08000be0   0x00000006   Code   RO          713    i.EXTI4_IRQHandler  stm32f4xx_it.o
    0x08000be6   0x00000006   Code   RO          714    i.EXTI9_5_IRQHandler  stm32f4xx_it.o
    0x08000bec   0x00000004   Code   RO           13    i.Error_Handler     main.o
    0x08000bf0   0x00000024   Code   RO         3065    i.HAL_CAN_ActivateNotification  stm32f4xx_hal_can.o
    0x08000c14   0x000000bc   Code   RO         3066    i.HAL_CAN_AddTxMessage  stm32f4xx_hal_can.o
    0x08000cd0   0x0000010c   Code   RO         3067    i.HAL_CAN_ConfigFilter  stm32f4xx_hal_can.o
    0x08000ddc   0x00000028   Code   RO         3068    i.HAL_CAN_DeInit    stm32f4xx_hal_can.o
    0x08000e04   0x00000002   Code   RO         3070    i.HAL_CAN_ErrorCallback  stm32f4xx_hal_can.o
    0x08000e06   0x000000f4   Code   RO         3073    i.HAL_CAN_GetRxMessage  stm32f4xx_hal_can.o
    0x08000efa   0x0000002c   Code   RO         3075    i.HAL_CAN_GetTxMailboxesFreeLevel  stm32f4xx_hal_can.o
    0x08000f26   0x000001fc   Code   RO         3077    i.HAL_CAN_IRQHandler  stm32f4xx_hal_can.o
    0x08001122   0x0000011a   Code   RO         3078    i.HAL_CAN_Init      stm32f4xx_hal_can.o
    0x0800123c   0x00000070   Code   RO          382    i.HAL_CAN_MspDeInit  can.o
    0x080012ac   0x000000fc   Code   RO          383    i.HAL_CAN_MspInit   can.o
    0x080013a8   0x00000022   Code   RO         3084    i.HAL_CAN_ResetError  stm32f4xx_hal_can.o
    0x080013ca   0x00000002   Code   RO         3085    i.HAL_CAN_RxFifo0FullCallback  stm32f4xx_hal_can.o
    0x080013cc   0x000003d8   Code   RO         7915    i.HAL_CAN_RxFifo0MsgPendingCallback  baspcan.o
    0x080017a4   0x00000002   Code   RO         3087    i.HAL_CAN_RxFifo1FullCallback  stm32f4xx_hal_can.o
    0x080017a6   0x00000002   Code   RO         3088    i.HAL_CAN_RxFifo1MsgPendingCallback  stm32f4xx_hal_can.o
    0x080017a8   0x00000002   Code   RO         3089    i.HAL_CAN_SleepCallback  stm32f4xx_hal_can.o
    0x080017aa   0x00000002   PAD
    0x080017ac   0x00000058   Code   RO         3090    i.HAL_CAN_Start     stm32f4xx_hal_can.o
    0x08001804   0x00000060   Code   RO         3091    i.HAL_CAN_Stop      stm32f4xx_hal_can.o
    0x08001864   0x00000002   Code   RO         3092    i.HAL_CAN_TxMailbox0AbortCallback  stm32f4xx_hal_can.o
    0x08001866   0x00000002   Code   RO         3093    i.HAL_CAN_TxMailbox0CompleteCallback  stm32f4xx_hal_can.o
    0x08001868   0x00000002   Code   RO         3094    i.HAL_CAN_TxMailbox1AbortCallback  stm32f4xx_hal_can.o
    0x0800186a   0x00000002   Code   RO         3095    i.HAL_CAN_TxMailbox1CompleteCallback  stm32f4xx_hal_can.o
    0x0800186c   0x00000002   Code   RO         3096    i.HAL_CAN_TxMailbox2AbortCallback  stm32f4xx_hal_can.o
    0x0800186e   0x00000002   Code   RO         3097    i.HAL_CAN_TxMailbox2CompleteCallback  stm32f4xx_hal_can.o
    0x08001870   0x00000002   Code   RO         3099    i.HAL_CAN_WakeUpFromRxMsgCallback  stm32f4xx_hal_can.o
    0x08001872   0x00000022   Code   RO         3302    i.HAL_CRC_Init      stm32f4xx_hal_crc.o
    0x08001894   0x00000028   Code   RO          432    i.HAL_CRC_MspInit   crc.o
    0x080018bc   0x00000092   Code   RO         2376    i.HAL_DMA_Abort     stm32f4xx_hal_dma.o
    0x0800194e   0x00000024   Code   RO         2377    i.HAL_DMA_Abort_IT  stm32f4xx_hal_dma.o
    0x08001972   0x00000002   PAD
    0x08001974   0x000001a0   Code   RO         2381    i.HAL_DMA_IRQHandler  stm32f4xx_hal_dma.o
    0x08001b14   0x000000d4   Code   RO         2382    i.HAL_DMA_Init      stm32f4xx_hal_dma.o
    0x08001be8   0x0000006e   Code   RO         2386    i.HAL_DMA_Start_IT  stm32f4xx_hal_dma.o
    0x08001c56   0x00000002   PAD
    0x08001c58   0x00000024   Code   RO         2813    i.HAL_Delay         stm32f4xx_hal.o
    0x08001c7c   0x00000168   Code   RO         2266    i.HAL_GPIO_DeInit   stm32f4xx_hal_gpio.o
    0x08001de4   0x0000009c   Code   RO         7604    i.HAL_GPIO_EXTI_Callback  ins_task.o
    0x08001e80   0x00000018   Code   RO         2268    i.HAL_GPIO_EXTI_IRQHandler  stm32f4xx_hal_gpio.o
    0x08001e98   0x000001f0   Code   RO         2269    i.HAL_GPIO_Init     stm32f4xx_hal_gpio.o
    0x08002088   0x0000000a   Code   RO         2273    i.HAL_GPIO_WritePin  stm32f4xx_hal_gpio.o
    0x08002092   0x00000002   PAD
    0x08002094   0x0000000c   Code   RO         2819    i.HAL_GetTick       stm32f4xx_hal.o
    0x080020a0   0x00000188   Code   RO         3369    i.HAL_I2C_Init      stm32f4xx_hal_i2c.o
    0x08002228   0x00000204   Code   RO         3387    i.HAL_I2C_Mem_Read  stm32f4xx_hal_i2c.o
    0x0800242c   0x00000130   Code   RO         3390    i.HAL_I2C_Mem_Write  stm32f4xx_hal_i2c.o
    0x0800255c   0x00000094   Code   RO          498    i.HAL_I2C_MspInit   i2c.o
    0x080025f0   0x00000010   Code   RO         2825    i.HAL_IncTick       stm32f4xx_hal.o
    0x08002600   0x00000034   Code   RO         2826    i.HAL_Init          stm32f4xx_hal.o
    0x08002634   0x00000098   Code   RO          889    i.HAL_InitTick      stm32f4xx_hal_timebase_tim.o
    0x080026cc   0x00000038   Code   RO          865    i.HAL_MspInit       stm32f4xx_hal_msp.o
    0x08002704   0x00000022   Code   RO         2660    i.HAL_NVIC_DisableIRQ  stm32f4xx_hal_cortex.o
    0x08002726   0x0000001a   Code   RO         2661    i.HAL_NVIC_EnableIRQ  stm32f4xx_hal_cortex.o
    0x08002740   0x00000040   Code   RO         2667    i.HAL_NVIC_SetPriority  stm32f4xx_hal_cortex.o
    0x08002780   0x00000024   Code   RO         2668    i.HAL_NVIC_SetPriorityGrouping  stm32f4xx_hal_cortex.o
    0x080027a4   0x00000002   Code   RO         1568    i.HAL_PCDEx_LPM_Callback  stm32f4xx_hal_pcd_ex.o
    0x080027a6   0x00000008   Code   RO         1569    i.HAL_PCDEx_SetRxFiFo  stm32f4xx_hal_pcd_ex.o
    0x080027ae   0x00000044   Code   RO         1570    i.HAL_PCDEx_SetTxFiFo  stm32f4xx_hal_pcd_ex.o
    0x080027f2   0x00000008   Code   RO         1122    i.HAL_PCD_ConnectCallback  usbd_conf.o
    0x080027fa   0x00000012   Code   RO         1123    i.HAL_PCD_DataInStageCallback  usbd_conf.o
    0x0800280c   0x00000014   Code   RO         1124    i.HAL_PCD_DataOutStageCallback  usbd_conf.o
    0x08002820   0x00000008   Code   RO         1125    i.HAL_PCD_DisconnectCallback  usbd_conf.o
    0x08002828   0x0000001e   Code   RO         1338    i.HAL_PCD_EP_Abort  stm32f4xx_hal_pcd.o
    0x08002846   0x0000004a   Code   RO         1339    i.HAL_PCD_EP_Close  stm32f4xx_hal_pcd.o
    0x08002890   0x0000005a   Code   RO         1340    i.HAL_PCD_EP_ClrStall  stm32f4xx_hal_pcd.o
    0x080028ea   0x00000012   Code   RO         1342    i.HAL_PCD_EP_GetRxCount  stm32f4xx_hal_pcd.o
    0x080028fc   0x00000062   Code   RO         1343    i.HAL_PCD_EP_Open   stm32f4xx_hal_pcd.o
    0x0800295e   0x00000038   Code   RO         1344    i.HAL_PCD_EP_Receive  stm32f4xx_hal_pcd.o
    0x08002996   0x00000072   Code   RO         1345    i.HAL_PCD_EP_SetStall  stm32f4xx_hal_pcd.o
    0x08002a08   0x00000032   Code   RO         1346    i.HAL_PCD_EP_Transmit  stm32f4xx_hal_pcd.o
    0x08002a3a   0x00000002   PAD
    0x08002a3c   0x0000055c   Code   RO         1348    i.HAL_PCD_IRQHandler  stm32f4xx_hal_pcd.o
    0x08002f98   0x00000008   Code   RO         1126    i.HAL_PCD_ISOINIncompleteCallback  usbd_conf.o
    0x08002fa0   0x00000008   Code   RO         1127    i.HAL_PCD_ISOOUTIncompleteCallback  usbd_conf.o
    0x08002fa8   0x000000cc   Code   RO         1351    i.HAL_PCD_Init      stm32f4xx_hal_pcd.o
    0x08003074   0x00000084   Code   RO         1129    i.HAL_PCD_MspInit   usbd_conf.o
    0x080030f8   0x0000002c   Code   RO         1130    i.HAL_PCD_ResetCallback  usbd_conf.o
    0x08003124   0x00000008   Code   RO         1131    i.HAL_PCD_ResumeCallback  usbd_conf.o
    0x0800312c   0x00000008   Code   RO         1132    i.HAL_PCD_SOFCallback  usbd_conf.o
    0x08003134   0x00000026   Code   RO         1357    i.HAL_PCD_SetAddress  stm32f4xx_hal_pcd.o
    0x0800315a   0x0000000e   Code   RO         1133    i.HAL_PCD_SetupStageCallback  usbd_conf.o
    0x08003168   0x00000042   Code   RO         1360    i.HAL_PCD_Start     stm32f4xx_hal_pcd.o
    0x080031aa   0x00000002   PAD
    0x080031ac   0x00000030   Code   RO         1134    i.HAL_PCD_SuspendCallback  usbd_conf.o
    0x080031dc   0x00000134   Code   RO         1915    i.HAL_RCC_ClockConfig  stm32f4xx_hal_rcc.o
    0x08003310   0x00000040   Code   RO         1919    i.HAL_RCC_GetClockConfig  stm32f4xx_hal_rcc.o
    0x08003350   0x0000000c   Code   RO         1920    i.HAL_RCC_GetHCLKFreq  stm32f4xx_hal_rcc.o
    0x0800335c   0x00000020   Code   RO         1922    i.HAL_RCC_GetPCLK1Freq  stm32f4xx_hal_rcc.o
    0x0800337c   0x00000020   Code   RO         1923    i.HAL_RCC_GetPCLK2Freq  stm32f4xx_hal_rcc.o
    0x0800339c   0x00000064   Code   RO         1924    i.HAL_RCC_GetSysClockFreq  stm32f4xx_hal_rcc.o
    0x08003400   0x0000036c   Code   RO         1927    i.HAL_RCC_OscConfig  stm32f4xx_hal_rcc.o
    0x0800376c   0x000000bc   Code   RO         3824    i.HAL_SPI_Init      stm32f4xx_hal_spi.o
    0x08003828   0x00000118   Code   RO          540    i.HAL_SPI_MspInit   spi.o
    0x08003940   0x000001f0   Code   RO         3833    i.HAL_SPI_TransmitReceive  stm32f4xx_hal_spi.o
    0x08003b30   0x00000002   Code   RO         4841    i.HAL_TIMEx_BreakCallback  stm32f4xx_hal_tim_ex.o
    0x08003b32   0x00000002   Code   RO         4842    i.HAL_TIMEx_CommutCallback  stm32f4xx_hal_tim_ex.o
    0x08003b34   0x00000054   Code   RO         4844    i.HAL_TIMEx_ConfigBreakDeadTime  stm32f4xx_hal_tim_ex.o
    0x08003b88   0x00000090   Code   RO         4860    i.HAL_TIMEx_MasterConfigSynchronization  stm32f4xx_hal_tim_ex.o
    0x08003c18   0x0000005a   Code   RO         4137    i.HAL_TIM_Base_Init  stm32f4xx_hal_tim.o
    0x08003c72   0x00000002   PAD
    0x08003c74   0x00000058   Code   RO          582    i.HAL_TIM_Base_MspInit  tim.o
    0x08003ccc   0x00000080   Code   RO         4142    i.HAL_TIM_Base_Start_IT  stm32f4xx_hal_tim.o
    0x08003d4c   0x00000002   Code   RO         4171    i.HAL_TIM_IC_CaptureCallback  stm32f4xx_hal_tim.o
    0x08003d4e   0x00000130   Code   RO         4185    i.HAL_TIM_IRQHandler  stm32f4xx_hal_tim.o
    0x08003e7e   0x00000002   PAD
    0x08003e80   0x00000084   Code   RO          583    i.HAL_TIM_MspPostInit  tim.o
    0x08003f04   0x00000002   Code   RO         4188    i.HAL_TIM_OC_DelayElapsedCallback  stm32f4xx_hal_tim.o
    0x08003f06   0x000000cc   Code   RO         4209    i.HAL_TIM_PWM_ConfigChannel  stm32f4xx_hal_tim.o
    0x08003fd2   0x0000005a   Code   RO         4212    i.HAL_TIM_PWM_Init  stm32f4xx_hal_tim.o
    0x0800402c   0x00000028   Code   RO          585    i.HAL_TIM_PWM_MspInit  tim.o
    0x08004054   0x00000002   Code   RO         4215    i.HAL_TIM_PWM_PulseFinishedCallback  stm32f4xx_hal_tim.o
    0x08004056   0x00000002   PAD
    0x08004058   0x00000014   Code   RO           14    i.HAL_TIM_PeriodElapsedCallback  main.o
    0x0800406c   0x00000002   Code   RO         4228    i.HAL_TIM_TriggerCallback  stm32f4xx_hal_tim.o
    0x0800406e   0x00000002   Code   RO         5120    i.HAL_UARTEx_RxEventCallback  stm32f4xx_hal_uart.o
    0x08004070   0x00000002   Code   RO         5134    i.HAL_UART_ErrorCallback  stm32f4xx_hal_uart.o
    0x08004072   0x00000002   PAD
    0x08004074   0x00000270   Code   RO         5137    i.HAL_UART_IRQHandler  stm32f4xx_hal_uart.o
    0x080042e4   0x00000064   Code   RO         5138    i.HAL_UART_Init     stm32f4xx_hal_uart.o
    0x08004348   0x00000190   Code   RO          654    i.HAL_UART_MspInit  usart.o
    0x080044d8   0x0000001c   Code   RO         5142    i.HAL_UART_Receive_DMA  stm32f4xx_hal_uart.o
    0x080044f4   0x00000002   Code   RO         5144    i.HAL_UART_RxCpltCallback  stm32f4xx_hal_uart.o
    0x080044f6   0x00000002   Code   RO         5145    i.HAL_UART_RxHalfCpltCallback  stm32f4xx_hal_uart.o
    0x080044f8   0x00000002   Code   RO         5149    i.HAL_UART_TxCpltCallback  stm32f4xx_hal_uart.o
    0x080044fa   0x00000002   Code   RO          715    i.HardFault_Handler  stm32f4xx_it.o
    0x080044fc   0x0000002e   Code   RO         3412    i.I2C_IsAcknowledgeFailed  stm32f4xx_hal_i2c.o
    0x0800452a   0x00000002   PAD
    0x0800452c   0x000000fc   Code   RO         3422    i.I2C_RequestMemoryRead  stm32f4xx_hal_i2c.o
    0x08004628   0x000000a8   Code   RO         3423    i.I2C_RequestMemoryWrite  stm32f4xx_hal_i2c.o
    0x080046d0   0x00000056   Code   RO         3427    i.I2C_WaitOnBTFFlagUntilTimeout  stm32f4xx_hal_i2c.o
    0x08004726   0x00000002   PAD
    0x08004728   0x00000090   Code   RO         3428    i.I2C_WaitOnFlagUntilTimeout  stm32f4xx_hal_i2c.o
    0x080047b8   0x000000bc   Code   RO         3429    i.I2C_WaitOnMasterAddressFlagUntilTimeout  stm32f4xx_hal_i2c.o
    0x08004874   0x00000070   Code   RO         3430    i.I2C_WaitOnRXNEFlagUntilTimeout  stm32f4xx_hal_i2c.o
    0x080048e4   0x00000056   Code   RO         3431    i.I2C_WaitOnTXEFlagUntilTimeout  stm32f4xx_hal_i2c.o
    0x0800493a   0x00000002   PAD
    0x0800493c   0x000000f4   Code   RO         7605    i.IMU_InitArgument  ins_task.o
    0x08004a30   0x000004b8   Code   RO         7607    i.INS_task          ins_task.o
    0x08004ee8   0x00000038   Code   RO          976    i.IntToUnicode      usbd_desc.o
    0x08004f20   0x00000010   Code   RO         8222    i.Limit_Min_Max     pid.o
    0x08004f30   0x00000048   Code   RO          384    i.MX_CAN1_Init      can.o
    0x08004f78   0x00000044   Code   RO          385    i.MX_CAN2_Init      can.o
    0x08004fbc   0x00000024   Code   RO          433    i.MX_CRC_Init       crc.o
    0x08004fe0   0x0000007c   Code   RO          473    i.MX_DMA_Init       dma.o
    0x0800505c   0x00000068   Code   RO          315    i.MX_FREERTOS_Init  freertos.o
    0x080050c4   0x000001e4   Code   RO          290    i.MX_GPIO_Init      gpio.o
    0x080052a8   0x00000040   Code   RO          499    i.MX_I2C3_Init      i2c.o
    0x080052e8   0x00000048   Code   RO          541    i.MX_SPI1_Init      spi.o
    0x08005330   0x00000064   Code   RO          586    i.MX_TIM10_Init     tim.o
    0x08005394   0x00000038   Code   RO          587    i.MX_TIM13_Init     tim.o
    0x080053cc   0x000000a4   Code   RO          588    i.MX_TIM1_Init      tim.o
    0x08005470   0x00000038   Code   RO          655    i.MX_USART1_UART_Init  usart.o
    0x080054a8   0x00000044   Code   RO          656    i.MX_USART3_UART_Init  usart.o
    0x080054ec   0x00000054   Code   RO          928    i.MX_USB_DEVICE_Init  usb_device.o
    0x08005540   0x000001e4   Code   RO         7882    i.MahonyAHRSupdateIMU  mahonyahrs.o
    0x08005724   0x00000002   Code   RO          716    i.MemManage_Handler  stm32f4xx_it.o
    0x08005726   0x00000002   PAD
    0x08005728   0x00000060   Code   RO         8045    i.Motor_DM4310_Enable  motor4310.o
    0x08005788   0x00000084   Code   RO         8046    i.Motor_DM4310_Enable_position  motor4310.o
    0x0800580c   0x00000080   Code   RO         8049    i.Motor_DM4310_receive  motor4310.o
    0x0800588c   0x0000004e   Code   RO         8135    i.Motor_LK9025_Enable  motor_9025.o
    0x080058da   0x00000046   Code   RO         8136    i.Motor_LK9025_angle_more  motor_9025.o
    0x08005920   0x00000046   Code   RO         8141    i.Motor_LK9025_control_speed  motor_9025.o
    0x08005966   0x00000002   Code   RO          717    i.NMI_Handler       stm32f4xx_it.o
    0x08005968   0x0000000c   Code   RO          718    i.OTG_FS_IRQHandler  stm32f4xx_it.o
    0x08005974   0x000000cc   Code   RO         1364    i.PCD_EP_OutXfrComplete_int  stm32f4xx_hal_pcd.o
    0x08005a40   0x000000a2   Code   RO         1365    i.PCD_WriteEmptyTxFifo  stm32f4xx_hal_pcd.o
    0x08005ae2   0x000000f6   Code   RO         8223    i.PID_Calc_Angle    pid.o
    0x08005bd8   0x000000ec   Code   RO         8224    i.PID_Calc_Speed    pid.o
    0x08005cc4   0x00000038   Code   RO         8226    i.Pid_Protect       pid.o
    0x08005cfc   0x00000088   Code   RO         8448    i.RemoteDataProcess  remote.o
    0x08005d84   0x00001274   Code   RO         7568    i.SPI1_DMA_enable   bsp_spi.o
    0x08006ff8   0x000000f0   Code   RO         7569    i.SPI1_DMA_init     bsp_spi.o
    0x080070e8   0x0000006c   Code   RO         3862    i.SPI_EndRxTxTransaction  stm32f4xx_hal_spi.o
    0x08007154   0x000000b8   Code   RO         3867    i.SPI_WaitFlagStateUntilTimeout  stm32f4xx_hal_spi.o
    0x0800720c   0x0000000a   Code   RO         6982    i.SWAPBYTE          usbd_ctlreq.o
    0x08007216   0x00000002   PAD
    0x08007218   0x000000a8   Code   RO         8480    i.Set_M3508_Shoot_Voltage  shoot.o
    0x080072c0   0x00000074   Code   RO         8481    i.Shoot_PID_Calc    shoot.o
    0x08007334   0x00000084   Code   RO         8482    i.Shoot_PID_Init_ALL  shoot.o
    0x080073b8   0x0000002c   Code   RO         6744    i.SysTick_Handler   port.o
    0x080073e4   0x00000094   Code   RO           15    i.SystemClock_Config  main.o
    0x08007478   0x00000010   Code   RO         5472    i.SystemInit        system_stm32f4xx.o
    0x08007488   0x0000000c   Code   RO          719    i.TIM6_DAC_IRQHandler  stm32f4xx_it.o
    0x08007494   0x0000000c   Code   RO          720    i.TIM8_UP_TIM13_IRQHandler  stm32f4xx_it.o
    0x080074a0   0x000000d8   Code   RO         4230    i.TIM_Base_SetConfig  stm32f4xx_hal_tim.o
    0x08007578   0x00000060   Code   RO         4243    i.TIM_OC1_SetConfig  stm32f4xx_hal_tim.o
    0x080075d8   0x0000006c   Code   RO         4244    i.TIM_OC2_SetConfig  stm32f4xx_hal_tim.o
    0x08007644   0x00000068   Code   RO         4245    i.TIM_OC3_SetConfig  stm32f4xx_hal_tim.o
    0x080076ac   0x00000050   Code   RO         4246    i.TIM_OC4_SetConfig  stm32f4xx_hal_tim.o
    0x080076fc   0x00000010   Code   RO         5151    i.UART_DMAAbortOnError  stm32f4xx_hal_uart.o
    0x0800770c   0x0000004a   Code   RO         5152    i.UART_DMAError     stm32f4xx_hal_uart.o
    0x08007756   0x00000086   Code   RO         5153    i.UART_DMAReceiveCplt  stm32f4xx_hal_uart.o
    0x080077dc   0x0000001e   Code   RO         5155    i.UART_DMARxHalfCplt  stm32f4xx_hal_uart.o
    0x080077fa   0x0000004e   Code   RO         5161    i.UART_EndRxTransfer  stm32f4xx_hal_uart.o
    0x08007848   0x0000001c   Code   RO         5162    i.UART_EndTxTransfer  stm32f4xx_hal_uart.o
    0x08007864   0x000000c2   Code   RO         5163    i.UART_Receive_IT   stm32f4xx_hal_uart.o
    0x08007926   0x00000002   PAD
    0x08007928   0x0000010c   Code   RO         5164    i.UART_SetConfig    stm32f4xx_hal_uart.o
    0x08007a34   0x00000090   Code   RO         5165    i.UART_Start_Receive_DMA  stm32f4xx_hal_uart.o
    0x08007ac4   0x0000000c   Code   RO          721    i.USART1_IRQHandler  stm32f4xx_it.o
    0x08007ad0   0x00000076   Code   RO         7120    i.USBD_CDC_DataIn   usbd_cdc.o
    0x08007b46   0x0000003c   Code   RO         7121    i.USBD_CDC_DataOut  usbd_cdc.o
    0x08007b82   0x00000002   PAD
    0x08007b84   0x00000090   Code   RO         7122    i.USBD_CDC_DeInit   usbd_cdc.o
    0x08007c14   0x00000036   Code   RO         7123    i.USBD_CDC_EP0_RxReady  usbd_cdc.o
    0x08007c4a   0x00000002   PAD
    0x08007c4c   0x0000000c   Code   RO         7124    i.USBD_CDC_GetDeviceQualifierDescriptor  usbd_cdc.o
    0x08007c58   0x0000003c   Code   RO         7125    i.USBD_CDC_GetFSCfgDesc  usbd_cdc.o
    0x08007c94   0x00000040   Code   RO         7126    i.USBD_CDC_GetHSCfgDesc  usbd_cdc.o
    0x08007cd4   0x0000003c   Code   RO         7127    i.USBD_CDC_GetOtherSpeedCfgDesc  usbd_cdc.o
    0x08007d10   0x00000118   Code   RO         7128    i.USBD_CDC_Init     usbd_cdc.o
    0x08007e28   0x00000038   Code   RO         7129    i.USBD_CDC_ReceivePacket  usbd_cdc.o
    0x08007e60   0x00000016   Code   RO         7130    i.USBD_CDC_RegisterInterface  usbd_cdc.o
    0x08007e76   0x0000001a   Code   RO         7131    i.USBD_CDC_SetRxBuffer  usbd_cdc.o
    0x08007e90   0x0000001e   Code   RO         7132    i.USBD_CDC_SetTxBuffer  usbd_cdc.o
    0x08007eae   0x000000d4   Code   RO         7133    i.USBD_CDC_Setup    usbd_cdc.o
    0x08007f82   0x00000002   PAD
    0x08007f84   0x00000050   Code   RO         7134    i.USBD_CDC_TransmitPacket  usbd_cdc.o
    0x08007fd4   0x00000014   Code   RO         6823    i.USBD_ClrClassConfig  usbd_core.o
    0x08007fe8   0x00000004   Code   RO         6824    i.USBD_CoreFindEP   usbd_core.o
    0x08007fec   0x00000004   Code   RO         6825    i.USBD_CoreFindIF   usbd_core.o
    0x08007ff0   0x00000010   Code   RO         7060    i.USBD_CtlContinueRx  usbd_ioreq.o
    0x08008000   0x00000010   Code   RO         7061    i.USBD_CtlContinueSendData  usbd_ioreq.o
    0x08008010   0x00000016   Code   RO         6983    i.USBD_CtlError     usbd_ctlreq.o
    0x08008026   0x0000001e   Code   RO         7062    i.USBD_CtlPrepareRx  usbd_ioreq.o
    0x08008044   0x00000016   Code   RO         7063    i.USBD_CtlReceiveStatus  usbd_ioreq.o
    0x0800805a   0x0000001a   Code   RO         7064    i.USBD_CtlSendData  usbd_ioreq.o
    0x08008074   0x00000016   Code   RO         7065    i.USBD_CtlSendStatus  usbd_ioreq.o
    0x0800808a   0x00000002   PAD
    0x0800808c   0x00000020   Code   RO          977    i.USBD_FS_ConfigStrDescriptor  usbd_desc.o
    0x080080ac   0x0000000c   Code   RO          978    i.USBD_FS_DeviceDescriptor  usbd_desc.o
    0x080080b8   0x00000024   Code   RO          979    i.USBD_FS_InterfaceStrDescriptor  usbd_desc.o
    0x080080dc   0x0000000c   Code   RO          980    i.USBD_FS_LangIDStrDescriptor  usbd_desc.o
    0x080080e8   0x00000028   Code   RO          981    i.USBD_FS_ManufacturerStrDescriptor  usbd_desc.o
    0x08008110   0x0000002c   Code   RO          982    i.USBD_FS_ProductStrDescriptor  usbd_desc.o
    0x0800813c   0x00000038   Code   RO          983    i.USBD_FS_SerialStrDescriptor  usbd_desc.o
    0x08008174   0x000000e6   Code   RO         6984    i.USBD_GetDescriptor  usbd_ctlreq.o
    0x0800825a   0x0000003a   Code   RO         6827    i.USBD_GetEpDesc    usbd_core.o
    0x08008294   0x00000014   Code   RO         6985    i.USBD_GetLen       usbd_ctlreq.o
    0x080082a8   0x0000000e   Code   RO         6828    i.USBD_GetNextDesc  usbd_core.o
    0x080082b6   0x0000004e   Code   RO         6986    i.USBD_GetString    usbd_ctlreq.o
    0x08008304   0x00000018   Code   RO         1135    i.USBD_Get_USB_Status  usbd_conf.o
    0x0800831c   0x00000026   Code   RO         6829    i.USBD_Init         usbd_core.o
    0x08008342   0x00000012   Code   RO         1136    i.USBD_LL_ClearStallEP  usbd_conf.o
    0x08008354   0x00000012   Code   RO         1137    i.USBD_LL_CloseEP   usbd_conf.o
    0x08008366   0x000000b6   Code   RO         6830    i.USBD_LL_DataInStage  usbd_core.o
    0x0800841c   0x0000008e   Code   RO         6831    i.USBD_LL_DataOutStage  usbd_core.o
    0x080084aa   0x00000004   Code   RO         6832    i.USBD_LL_DevConnected  usbd_core.o
    0x080084ae   0x0000001e   Code   RO         6833    i.USBD_LL_DevDisconnected  usbd_core.o
    0x080084cc   0x00000008   Code   RO         1141    i.USBD_LL_GetRxDataSize  usbd_conf.o
    0x080084d4   0x00000060   Code   RO         1142    i.USBD_LL_Init      usbd_conf.o
    0x08008534   0x0000001e   Code   RO         1143    i.USBD_LL_IsStallEP  usbd_conf.o
    0x08008552   0x00000028   Code   RO         6834    i.USBD_LL_IsoINIncomplete  usbd_core.o
    0x0800857a   0x00000028   Code   RO         6835    i.USBD_LL_IsoOUTIncomplete  usbd_core.o
    0x080085a2   0x00000018   Code   RO         1144    i.USBD_LL_OpenEP    usbd_conf.o
    0x080085ba   0x00000012   Code   RO         1145    i.USBD_LL_PrepareReceive  usbd_conf.o
    0x080085cc   0x0000005c   Code   RO         6836    i.USBD_LL_Reset     usbd_core.o
    0x08008628   0x00000014   Code   RO         6837    i.USBD_LL_Resume    usbd_core.o
    0x0800863c   0x0000001a   Code   RO         6838    i.USBD_LL_SOF       usbd_core.o
    0x08008656   0x00000006   Code   RO         6839    i.USBD_LL_SetSpeed  usbd_core.o
    0x0800865c   0x00000012   Code   RO         1146    i.USBD_LL_SetUSBAddress  usbd_conf.o
    0x0800866e   0x00000060   Code   RO         6840    i.USBD_LL_SetupStage  usbd_core.o
    0x080086ce   0x00000012   Code   RO         1147    i.USBD_LL_StallEP   usbd_conf.o
    0x080086e0   0x00000012   Code   RO         1148    i.USBD_LL_Start     usbd_conf.o
    0x080086f2   0x0000001a   Code   RO         6841    i.USBD_LL_Suspend   usbd_core.o
    0x0800870c   0x00000012   Code   RO         1150    i.USBD_LL_Transmit  usbd_conf.o
    0x0800871e   0x0000002c   Code   RO         6987    i.USBD_ParseSetupRequest  usbd_ctlreq.o
    0x0800874a   0x0000003a   Code   RO         6842    i.USBD_RegisterClass  usbd_core.o
    0x08008784   0x00000014   Code   RO         6844    i.USBD_SetClassConfig  usbd_core.o
    0x08008798   0x000000b8   Code   RO         6988    i.USBD_SetConfig    usbd_ctlreq.o
    0x08008850   0x00000004   Code   RO         6845    i.USBD_Start        usbd_core.o
    0x08008854   0x0000012c   Code   RO         6989    i.USBD_StdDevReq    usbd_ctlreq.o
    0x08008980   0x00000160   Code   RO         6990    i.USBD_StdEPReq     usbd_ctlreq.o
    0x08008ae0   0x00000072   Code   RO         6991    i.USBD_StdItfReq    usbd_ctlreq.o
    0x08008b52   0x00000002   Code   RO         1151    i.USBD_static_free  usbd_conf.o
    0x08008b54   0x00000008   Code   RO         1152    i.USBD_static_malloc  usbd_conf.o
    0x08008b5c   0x00000080   Code   RO         1610    i.USB_ActivateEndpoint  stm32f4xx_ll_usb.o
    0x08008bdc   0x0000001c   Code   RO         1612    i.USB_ActivateSetup  stm32f4xx_ll_usb.o
    0x08008bf8   0x00000084   Code   RO         1614    i.USB_CoreInit      stm32f4xx_ll_usb.o
    0x08008c7c   0x0000003c   Code   RO         1615    i.USB_CoreReset     stm32f4xx_ll_usb.o
    0x08008cb8   0x000000cc   Code   RO         1618    i.USB_DeactivateEndpoint  stm32f4xx_ll_usb.o
    0x08008d84   0x0000001c   Code   RO         1619    i.USB_DevConnect    stm32f4xx_ll_usb.o
    0x08008da0   0x0000001c   Code   RO         1620    i.USB_DevDisconnect  stm32f4xx_ll_usb.o
    0x08008dbc   0x0000017c   Code   RO         1621    i.USB_DevInit       stm32f4xx_ll_usb.o
    0x08008f38   0x0000000c   Code   RO         1622    i.USB_DisableGlobalInt  stm32f4xx_ll_usb.o
    0x08008f44   0x00000058   Code   RO         1625    i.USB_EP0_OutStart  stm32f4xx_ll_usb.o
    0x08008f9c   0x00000058   Code   RO         1626    i.USB_EPClearStall  stm32f4xx_ll_usb.o
    0x08008ff4   0x00000058   Code   RO         1627    i.USB_EPSetStall    stm32f4xx_ll_usb.o
    0x0800904c   0x00000238   Code   RO         1628    i.USB_EPStartXfer   stm32f4xx_ll_usb.o
    0x08009284   0x0000009e   Code   RO         1629    i.USB_EPStopXfer    stm32f4xx_ll_usb.o
    0x08009322   0x0000000c   Code   RO         1630    i.USB_EnableGlobalInt  stm32f4xx_ll_usb.o
    0x0800932e   0x00000038   Code   RO         1631    i.USB_FlushRxFifo   stm32f4xx_ll_usb.o
    0x08009366   0x0000003c   Code   RO         1632    i.USB_FlushTxFifo   stm32f4xx_ll_usb.o
    0x080093a2   0x0000001a   Code   RO         1634    i.USB_GetDevSpeed   stm32f4xx_ll_usb.o
    0x080093bc   0x00000008   Code   RO         1636    i.USB_GetMode       stm32f4xx_ll_usb.o
    0x080093c4   0x0000000e   Code   RO         1644    i.USB_ReadDevAllInEpInterrupt  stm32f4xx_ll_usb.o
    0x080093d2   0x0000000e   Code   RO         1645    i.USB_ReadDevAllOutEpInterrupt  stm32f4xx_ll_usb.o
    0x080093e0   0x00000024   Code   RO         1646    i.USB_ReadDevInEPInterrupt  stm32f4xx_ll_usb.o
    0x08009404   0x00000010   Code   RO         1647    i.USB_ReadDevOutEPInterrupt  stm32f4xx_ll_usb.o
    0x08009414   0x00000008   Code   RO         1648    i.USB_ReadInterrupts  stm32f4xx_ll_usb.o
    0x0800941c   0x0000003e   Code   RO         1649    i.USB_ReadPacket    stm32f4xx_ll_usb.o
    0x0800945a   0x0000005c   Code   RO         1651    i.USB_SetCurrentMode  stm32f4xx_ll_usb.o
    0x080094b6   0x00000022   Code   RO         1652    i.USB_SetDevAddress  stm32f4xx_ll_usb.o
    0x080094d8   0x000000e8   Code   RO         1654    i.USB_SetTurnaroundTime  stm32f4xx_ll_usb.o
    0x080095c0   0x00000028   Code   RO         1657    i.USB_WritePacket   stm32f4xx_ll_usb.o
    0x080095e8   0x00000002   Code   RO          722    i.UsageFault_Handler  stm32f4xx_it.o
    0x080095ea   0x00000026   Code   RO         8793    i.__ARM_fpclassifyf  m_wm.l(fpclassifyf.o)
    0x08009610   0x0000000c   Code   RO         8227    i.__ARM_isnanf      pid.o
    0x0800961c   0x00000020   Code   RO         2674    i.__NVIC_SetPriority  stm32f4xx_hal_cortex.o
    0x0800963c   0x0000012c   Code   RO         8662    i.__hardfp_asinf    m_wm.l(asinf.o)
    0x08009768   0x00000250   Code   RO         8686    i.__hardfp_atan2f   m_wm.l(atan2f.o)
    0x080099b8   0x00000006   Code   RO         8796    i.__mathlib_flt_infnan  m_wm.l(funder.o)
    0x080099be   0x00000006   Code   RO         8797    i.__mathlib_flt_infnan2  m_wm.l(funder.o)
    0x080099c4   0x00000010   Code   RO         8798    i.__mathlib_flt_invalid  m_wm.l(funder.o)
    0x080099d4   0x00000010   Code   RO         8801    i.__mathlib_flt_underflow  m_wm.l(funder.o)
    0x080099e4   0x00000128   Code   RO         7236    i.bmi088_accel_init  bmi088driver.o
    0x08009b0c   0x000002c0   Code   RO         7237    i.bmi088_accel_self_test  bmi088driver.o
    0x08009dcc   0x000000dc   Code   RO         7238    i.bmi088_gyro_init  bmi088driver.o
    0x08009ea8   0x000000ca   Code   RO         7239    i.bmi088_gyro_self_test  bmi088driver.o
    0x08009f72   0x00000002   PAD
    0x08009f74   0x00000070   Code   RO         7916    i.can_filter_init   baspcan.o
    0x08009fe4   0x000000b0   Code   RO         7608    i.get_angle         ins_task.o
    0x0800a094   0x00000358   Code   RO         8324    i.gimbal_task_start  gimbal_task.o
    0x0800a3ec   0x000000fc   Code   RO         7611    i.imu_cmd_spi_dma   ins_task.o
    0x0800a4e8   0x0000000c   Code   RO         7540    i.imu_pwm_set       bsp_imu_pwm.o
    0x0800a4f4   0x00000078   Code   RO         7612    i.imu_temp_control  ins_task.o
    0x0800a56c   0x000002cc   Code   RO         7613    i.ins_dma_data_read  ins_task.o
    0x0800a838   0x0000002c   Code   RO         7883    i.invSqrt           mahonyahrs.o
    0x0800a864   0x00000002   Code   RO         7805    i.ist8310_GPIO_init  ist8310driver_middleware.o
    0x0800a866   0x00000002   PAD
    0x0800a868   0x00000024   Code   RO         7807    i.ist8310_IIC_read_single_reg  ist8310driver_middleware.o
    0x0800a88c   0x00000024   Code   RO         7809    i.ist8310_IIC_write_single_reg  ist8310driver_middleware.o
    0x0800a8b0   0x00000010   Code   RO         7810    i.ist8310_RST_H     ist8310driver_middleware.o
    0x0800a8c0   0x00000010   Code   RO         7811    i.ist8310_RST_L     ist8310driver_middleware.o
    0x0800a8d0   0x00000002   Code   RO         7812    i.ist8310_com_init  ist8310driver_middleware.o
    0x0800a8d2   0x00000004   Code   RO         7813    i.ist8310_delay_ms  ist8310driver_middleware.o
    0x0800a8d6   0x00000002   PAD
    0x0800a8d8   0x00000080   Code   RO         7773    i.ist8310_init      ist8310driver.o
    0x0800a958   0x00000078   Code   RO           16    i.main              main.o
    0x0800a9d0   0x0000000c   Code   RO         6309    i.makeFreeRtosPriority  cmsis_os.o
    0x0800a9dc   0x000000b8   Code   RO         7614    i.motor_6020_sent_imu  ins_task.o
    0x0800aa94   0x0000000e   Code   RO         6311    i.osDelay           cmsis_os.o
    0x0800aaa2   0x0000000a   Code   RO         6314    i.osKernelStart     cmsis_os.o
    0x0800aaac   0x00000054   Code   RO         6348    i.osThreadCreate    cmsis_os.o
    0x0800ab00   0x00000020   Code   RO         5973    i.pcTaskGetName     tasks.o
    0x0800ab20   0x0000023c   Code   RO         8229    i.pid_caculate      pid.o
    0x0800ad5c   0x0000003c   Code   RO         7615    i.pid_caluate_gimbal_imu  ins_task.o
    0x0800ad98   0x000000c8   Code   RO         8327    i.pid_gimbal        gimbal_task.o
    0x0800ae60   0x00000006   Code   RO         8231    i.pid_init          pid.o
    0x0800ae66   0x00000002   PAD
    0x0800ae68   0x00000094   Code   RO         8232    i.pid_param_init    pid.o
    0x0800aefc   0x00000090   Code   RO         8052    i.position_speed_control  motor4310.o
    0x0800af8c   0x00000070   Code   RO         5974    i.prvAddCurrentTaskToDelayedList  tasks.o
    0x0800affc   0x000000d0   Code   RO         5975    i.prvAddNewTaskToReadyList  tasks.o
    0x0800b0cc   0x00000034   Code   RO         5976    i.prvDeleteTCB      tasks.o
    0x0800b100   0x0000004c   Code   RO         6676    i.prvHeapInit       heap_4.o
    0x0800b14c   0x00000060   Code   RO         5977    i.prvIdleTask       tasks.o
    0x0800b1ac   0x00000098   Code   RO         5978    i.prvInitialiseNewTask  tasks.o
    0x0800b244   0x0000004c   Code   RO         6677    i.prvInsertBlockIntoFreeList  heap_4.o
    0x0800b290   0x00000020   Code   RO         5979    i.prvResetNextTaskUnblockTime  tasks.o
    0x0800b2b0   0x00000058   Code   RO         5980    i.prvSearchForNameWithinSingleList  tasks.o
    0x0800b308   0x00000028   Code   RO         6745    i.prvTaskExitError  port.o
    0x0800b330   0x000000dc   Code   RO         6678    i.pvPortMalloc      heap_4.o
    0x0800b40c   0x0000002c   Code   RO         6746    i.pxPortInitialiseStack  port.o
    0x0800b438   0x000000f0   Code   RO         8483    i.shoot_start       shoot.o
    0x0800b528   0x0000003e   Code   RO         8823    i.sqrtf             m_wm.l(sqrtf.o)
    0x0800b566   0x00000002   PAD
    0x0800b568   0x000000a0   Code   RO         8589    i.test              test.o
    0x0800b608   0x00000028   Code   RO         8054    i.uint_to_float     motor4310.o
    0x0800b630   0x00000068   Code   RO         5983    i.ulTaskNotifyTake  tasks.o
    0x0800b698   0x00000026   Code   RO         5610    i.uxListRemove      list.o
    0x0800b6be   0x00000002   PAD
    0x0800b6c0   0x00000014   Code   RO          319    i.vApplicationGetIdleTaskMemory  freertos.o
    0x0800b6d4   0x00000016   Code   RO         5611    i.vListInitialise   list.o
    0x0800b6ea   0x00000006   Code   RO         5612    i.vListInitialiseItem  list.o
    0x0800b6f0   0x00000030   Code   RO         5613    i.vListInsert       list.o
    0x0800b720   0x00000018   Code   RO         5614    i.vListInsertEnd    list.o
    0x0800b738   0x00000040   Code   RO         6748    i.vPortEnterCritical  port.o
    0x0800b778   0x00000028   Code   RO         6749    i.vPortExitCritical  port.o
    0x0800b7a0   0x00000064   Code   RO         6679    i.vPortFree         heap_4.o
    0x0800b804   0x00000024   Code   RO         6750    i.vPortSetupTimerInterrupt  port.o
    0x0800b828   0x00000054   Code   RO         6751    i.vPortValidateInterruptPriority  port.o
    0x0800b87c   0x0000004c   Code   RO         5989    i.vTaskDelay        tasks.o
    0x0800b8c8   0x0000008c   Code   RO         5990    i.vTaskDelayUntil   tasks.o
    0x0800b954   0x000000b4   Code   RO         5995    i.vTaskNotifyGiveFromISR  tasks.o
    0x0800ba08   0x0000006c   Code   RO         6003    i.vTaskStartScheduler  tasks.o
    0x0800ba74   0x00000010   Code   RO         6005    i.vTaskSuspendAll   tasks.o
    0x0800ba84   0x0000005c   Code   RO         6006    i.vTaskSwitchContext  tasks.o
    0x0800bae0   0x000000d8   Code   RO         8530    i.vision_call_back_handler  vision.o
    0x0800bbb8   0x00000020   Code   RO         8531    i.vision_transmit   vision.o
    0x0800bbd8   0x00000038   Code   RO         7917    i.vision_transmit_blue_hp  baspcan.o
    0x0800bc10   0x00000034   Code   RO         7918    i.vision_transmit_building_hp  baspcan.o
    0x0800bc44   0x00000038   Code   RO         7919    i.vision_transmit_exercise  baspcan.o
    0x0800bc7c   0x00000038   Code   RO         7920    i.vision_transmit_friend1_place  baspcan.o
    0x0800bcb4   0x00000040   Code   RO         7921    i.vision_transmit_friend2_place  baspcan.o
    0x0800bcf4   0x00000030   Code   RO         7922    i.vision_transmit_game_state  baspcan.o
    0x0800bd24   0x000000c0   Code   RO         8532    i.vision_transmit_judge  vision.o
    0x0800bde4   0x00000110   Code   RO         8533    i.vision_transmit_package_AutoaimFeedback  vision.o
    0x0800bef4   0x00000038   Code   RO         7923    i.vision_transmit_red_hp  baspcan.o
    0x0800bf2c   0x00000028   Code   RO         7924    i.vision_transmit_shoot  baspcan.o
    0x0800bf54   0x0000004c   Code   RO         7925    i.vision_transmit_shouji  baspcan.o
    0x0800bfa0   0x000000f4   Code   RO         6752    i.xPortStartScheduler  port.o
    0x0800c094   0x0000005a   Code   RO         6009    i.xTaskCreate       tasks.o
    0x0800c0ee   0x00000056   Code   RO         6010    i.xTaskCreateStatic  tasks.o
    0x0800c144   0x00000084   Code   RO         6014    i.xTaskGetHandle    tasks.o
    0x0800c1c8   0x0000001c   Code   RO         6015    i.xTaskGetSchedulerState  tasks.o
    0x0800c1e4   0x0000000c   Code   RO         6016    i.xTaskGetTickCount  tasks.o
    0x0800c1f0   0x000000cc   Code   RO         6018    i.xTaskIncrementTick  tasks.o
    0x0800c2bc   0x000000c4   Code   RO         6024    i.xTaskResumeAll    tasks.o
    0x0800c380   0x00000062   Code   RO         8646    x$fpl$d2f           fz_wm.l(d2f.o)
    0x0800c3e2   0x00000002   PAD
    0x0800c3e4   0x00000150   Code   RO         8648    x$fpl$dadd          fz_wm.l(daddsub_clz.o)
    0x0800c534   0x000002b0   Code   RO         8655    x$fpl$ddiv          fz_wm.l(ddiv.o)
    0x0800c7e4   0x00000154   Code   RO         8658    x$fpl$dmul          fz_wm.l(dmul.o)
    0x0800c938   0x0000009c   Code   RO         8745    x$fpl$dnaninf       fz_wm.l(dnaninf.o)
    0x0800c9d4   0x0000000c   Code   RO         8747    x$fpl$dretinf       fz_wm.l(dretinf.o)
    0x0800c9e0   0x000001d4   Code   RO         8650    x$fpl$dsub          fz_wm.l(daddsub_clz.o)
    0x0800cbb4   0x00000056   Code   RO         8660    x$fpl$f2d           fz_wm.l(f2d.o)
    0x0800cc0a   0x0000008c   Code   RO         8751    x$fpl$fnaninf       fz_wm.l(fnaninf.o)
    0x0800cc96   0x0000000a   Code   RO         8956    x$fpl$fpinit        fz_wm.l(fpinit.o)
    0x0800cca0   0x0000000a   Code   RO         8753    x$fpl$fretinf       fz_wm.l(fretinf.o)
    0x0800ccaa   0x00000000   Code   RO         8755    x$fpl$usenofp       fz_wm.l(usenofp.o)
    0x0800ccaa   0x00000002   PAD
    0x0800ccac   0x00000070   Data   RO          321    .constdata          freertos.o
    0x0800cd1c   0x00000008   Data   RO         2388    .constdata          stm32f4xx_hal_dma.o
    0x0800cd24   0x00000010   Data   RO         5473    .constdata          system_stm32f4xx.o
    0x0800cd34   0x00000008   Data   RO         5474    .constdata          system_stm32f4xx.o
    0x0800cd3c   0x00000012   Data   RO         7244    .constdata          bmi088driver.o
    0x0800cd4e   0x0000000c   Data   RO         7776    .constdata          ist8310driver.o
    0x0800cd5a   0x00000002   PAD
    0x0800cd5c   0x00000030   Data   RO          322    .conststring        freertos.o
    0x0800cd8c   0x00000020   Data   RO         9012    Region$$Table       anon$$obj.o


    Execution Region RW_IRAM1 (Base: 0x20000000, Size: 0x00006d58, Max: 0x0001c000, ABSOLUTE, COMPRESSED[0x00000128])

    Base Addr    Size         Type   Attr      Idx    E Section Name        Object

    0x20000000   0x00000010   Data   RW          323    .data               freertos.o
    0x20000010   0x00000004   Data   RW          387    .data               can.o
    0x20000014   0x00000008   Data   RW          434    .data               crc.o
    0x2000001c   0x0000001c   Data   RW          985    .data               usbd_desc.o
    0x20000038   0x00000032   Data   RW          986    .data               usbd_desc.o
    0x2000006a   0x00000002   PAD
    0x2000006c   0x00000014   Data   RW         1069    .data               usbd_cdc_if.o
    0x20000080   0x0000000c   Data   RW         2833    .data               stm32f4xx_hal.o
    0x2000008c   0x00000004   Data   RW         5475    .data               system_stm32f4xx.o
    0x20000090   0x0000003c   Data   RW         6027    .data               tasks.o
    0x200000cc   0x00000020   Data   RW         6685    .data               heap_4.o
    0x200000ec   0x0000000c   Data   RW         6753    .data               port.o
    0x200000f8   0x00000001   Data   RW         6992    .data               usbd_ctlreq.o
    0x200000f9   0x00000003   PAD
    0x200000fc   0x00000053   Data   RW         7135    .data               usbd_cdc.o
    0x2000014f   0x00000001   PAD
    0x20000150   0x00000038   Data   RW         7136    .data               usbd_cdc.o
    0x20000188   0x0000002c   Data   RW         7245    .data               bmi088driver.o
    0x200001b4   0x00000078   Data   RW         7624    .data               ins_task.o
    0x2000022c   0x00000014   Data   RW         7884    .data               mahonyahrs.o
    0x20000240   0x00000068   Data   RW         7928    .data               baspcan.o
    0x200002a8   0x00000010   Data   RW         8056    .data               motor4310.o
    0x200002b8   0x00000010   Data   RW         8330    .data               gimbal_task.o
    0x200002c8   0x00000004   Data   RW         8335    .data               gimbal_task.o
    0x200002cc   0x00000004   Data   RW         8484    .data               shoot.o
    0x200002d0   0x00000049   Data   RW         8537    .data               vision.o
    0x20000319   0x00000009   Data   RW         8591    .data               test.o
    0x20000322   0x00000002   PAD
    0x20000324   0x0000008c   Zero   RW           17    .bss                main.o
    0x200003b0   0x00000048   Zero   RW           18    .bss                main.o
    0x200003f8   0x0000003c   Zero   RW           19    .bss                main.o
    0x20000434   0x0000003c   Zero   RW           20    .bss                main.o
    0x20000470   0x0000008c   Zero   RW           21    .bss                main.o
    0x200004fc   0x00000254   Zero   RW          320    .bss                freertos.o
    0x20000750   0x00000050   Zero   RW          386    .bss                can.o
    0x200007a0   0x00000054   Zero   RW          500    .bss                i2c.o
    0x200007f4   0x00000118   Zero   RW          542    .bss                spi.o
    0x2000090c   0x000000d8   Zero   RW          589    .bss                tim.o
    0x200009e4   0x000001b0   Zero   RW          657    .bss                usart.o
    0x20000b94   0x00000048   Zero   RW          892    .bss                stm32f4xx_hal_timebase_tim.o
    0x20000bdc   0x000002dc   Zero   RW          929    .bss                usb_device.o
    0x20000eb8   0x00000200   Zero   RW          984    .bss                usbd_desc.o
    0x200010b8   0x00001000   Zero   RW         1068    .bss                usbd_cdc_if.o
    0x200020b8   0x00000704   Zero   RW         1153    .bss                usbd_conf.o
    0x200027bc   0x000000f0   Zero   RW         6026    .bss                tasks.o
    0x200028ac   0x00003c00   Zero   RW         6684    .bss                heap_4.o
    0x200064ac   0x00000114   Zero   RW         7616    .bss                ins_task.o
    0x200065c0   0x00000098   Zero   RW         7926    .bss                baspcan.o
    0x20006658   0x0000003c   Zero   RW         8055    .bss                motor4310.o
    0x20006694   0x00000012   Zero   RW         8449    .bss                remote.o
    0x200066a6   0x00000016   Zero   RW         8450    .bss                remote.o
    0x200066bc   0x0000001c   Zero   RW         8535    .bss                vision.o
    0x200066d8   0x00000020   Zero   RW         8536    .bss                vision.o
    0x200066f8   0x00000060   Zero   RW         8872    .bss                c_w.l(libspace.o)
    0x20006758   0x00000200   Zero   RW            2    HEAP                startup_stm32f407xx.o
    0x20006958   0x00000400   Zero   RW            1    STACK               startup_stm32f407xx.o


    Execution Region RW_IRAM2 (Base: 0x2001c000, Size: 0x00000000, Max: 0x00004000, ABSOLUTE)

    **** No section assigned to this execution region ****


==============================================================================

Image component sizes


      Code (inc. data)   RO Data    RW Data    ZI Data      Debug   Object Name

      1600        116          0        104        152      10249   baspcan.o
      2158         32         18         44          0     580719   bmi088driver.o
       110         28          0          0          0       9832   bmi088middleware.o
        12          4          0          0          0        470   bsp_imu_pwm.o
      4964         74          0          0          0       2358   bsp_spi.o
       504         68          0          4         80       3046   can.o
       120          0          0          0          0      23137   cmsis_os.o
        76         18          0          8          0       1479   crc.o
       124          4          0          0          0        818   dma.o
         0          0          0          0          0      16792   event_groups.o
       124         12        160         16        596       2197   freertos.o
      1056        182          0         20          0       3660   gimbal_task.o
       484         28          0          0          0       1207   gpio.o
       472         24          0         32      15360       7315   heap_4.o
       212         32          0          0         84       1677   i2c.o
      3160        278          0        120        276      16513   ins_task.o
       128          6         12          0          0       1327   ist8310driver.o
       112         22          0          0          0       3559   ist8310driver_middleware.o
       138          0          0          0          0       3458   list.o
       528         22          0         20          0       1922   mahonyahrs.o
       292         32          0          0        472     769041   main.o
       540         26          0         16         60       5079   motor4310.o
       218          0          0          0          0       2445   motor_9025.o
      1292         18          0          0          0      11608   pid.o
       786         82          0         12          0      11689   port.o
       136          4          0          0         40       2240   remote.o
       656         74          0          4          0       3590   shoot.o
       352         32          0          0        280       1875   spi.o
        64         26        392          0       1536        832   startup_stm32f407xx.o
       116         18          0         12          0       8626   stm32f4xx_hal.o
      1852          6          0          0          0      16922   stm32f4xx_hal_can.o
       192         14          0          0          0      33640   stm32f4xx_hal_cortex.o
        34          0          0          0          0       1031   stm32f4xx_hal_crc.o
      1084         16          8          0          0       7230   stm32f4xx_hal_dma.o
       890         92          0          0          0       3705   stm32f4xx_hal_gpio.o
      2294         52          0          0          0      13046   stm32f4xx_hal_i2c.o
        56          4          0          0          0        842   stm32f4xx_hal_msp.o
      2576         12          0          0          0      13364   stm32f4xx_hal_pcd.o
        78          0          0          0          0       2345   stm32f4xx_hal_pcd_ex.o
      1424         92          0          0          0       6273   stm32f4xx_hal_rcc.o
       976         14          0          0          0       4837   stm32f4xx_hal_spi.o
      1428        110          0          0          0      11488   stm32f4xx_hal_tim.o
       232         28          0          0          0       3241   stm32f4xx_hal_tim_ex.o
       152         20          0          0         72       1439   stm32f4xx_hal_timebase_tim.o
      1728         30          0          0          0      12870   stm32f4xx_hal_uart.o
       198         68          0          0          0      11197   stm32f4xx_it.o
      2700        116          0          0          0      22864   stm32f4xx_ll_usb.o
         0          0          0          0          0        380   stream_buffer.o
        16          4         24          4          0       1091   system_stm32f4xx.o
      2236        160          0         60        240      26466   tasks.o
       160         26          0          9          0       1820   test.o
       580         70          0          0        216       4160   tim.o
       524         60          0          0        432       2708   usart.o
        84         18          0          0        732       2583   usb_device.o
      1278         36          0        139          0      14173   usbd_cdc.o
       140         26          0         20       4096       4667   usbd_cdc_if.o
       642         24          0          0       1796      16452   usbd_conf.o
       924          0          0          0          0      15179   usbd_core.o
      1354         28          0          1          0      15164   usbd_ctlreq.o
       288        104          0         78        512       6049   usbd_desc.o
       132          0          0          0          0       4436   usbd_ioreq.o
       712         78          0         73         60       4986   vision.o

    ----------------------------------------------------------------------
     47558       2570        648        804      27092    1795408   Object Totals
         0          0         32          0          0          0   (incl. Generated)
        60          0          2          8          0          0   (incl. Padding)

    ----------------------------------------------------------------------

      Code (inc. data)   RO Data    RW Data    ZI Data      Debug   Library Member Name

        90          0          0          0          0          0   __dczerorl2.o
         8          0          0          0          0         68   __main.o
         0          0          0          0          0          0   __rtentry.o
        12          0          0          0          0          0   __rtentry2.o
         6          0          0          0          0          0   __rtentry4.o
        52          8          0          0          0          0   __scatter.o
        28          0          0          0          0          0   __scatter_zi.o
        22          0          0          0          0        100   _rserrno.o
        18          0          0          0          0         80   exit.o
         6          0          0          0          0        152   heapauxi.o
         0          0          0          0          0          0   indicate_semi.o
         2          0          0          0          0          0   libinit.o
         6          0          0          0          0          0   libinit2.o
         2          0          0          0          0          0   libshutdown.o
         2          0          0          0          0          0   libshutdown2.o
         8          4          0          0         96         68   libspace.o
       238          0          0          0          0        100   lludivv7m.o
         8          4          0          0          0         68   rt_errno_addr_intlibspace.o
        68          0          0          0          0         68   rt_memclr.o
        78          0          0          0          0         80   rt_memclr_w.o
       138          0          0          0          0         68   rt_memcpy_v6.o
       100          0          0          0          0         80   rt_memcpy_w.o
         2          0          0          0          0          0   rtexit.o
        10          0          0          0          0          0   rtexit2.o
        62          0          0          0          0         76   strlen.o
        12          4          0          0          0         68   sys_exit.o
        74          0          0          0          0         80   sys_stackheap_outer.o
         2          0          0          0          0         68   use_no_semi.o
        98          4          0          0          0        140   d2f.o
       804         16          0          0          0        368   daddsub_clz.o
       688        140          0          0          0        256   ddiv.o
       340         12          0          0          0        152   dmul.o
       156          4          0          0          0        140   dnaninf.o
        12          0          0          0          0        116   dretinf.o
        86          4          0          0          0        132   f2d.o
       140          4          0          0          0        132   fnaninf.o
        10          0          0          0          0        116   fpinit.o
        10          0          0          0          0        116   fretinf.o
         0          0          0          0          0          0   usenofp.o
       300         42          0          0          0        176   asinf.o
       592         90          0          0          0        184   atan2f.o
        38          0          0          0          0        116   fpclassifyf.o
        44         12          0          0          0        464   funder.o
        62          0          0          0          0        136   sqrtf.o

    ----------------------------------------------------------------------
      4446        348          0          0         96       3968   Library Totals
        12          0          0          0          0          0   (incl. Padding)

    ----------------------------------------------------------------------

      Code (inc. data)   RO Data    RW Data    ZI Data      Debug   Library Name

      1054         20          0          0         96       1224   c_w.l
      2344        184          0          0          0       1668   fz_wm.l
      1036        144          0          0          0       1076   m_wm.l

    ----------------------------------------------------------------------
      4446        348          0          0         96       3968   Library Totals

    ----------------------------------------------------------------------

==============================================================================


      Code (inc. data)   RO Data    RW Data    ZI Data      Debug   

     52004       2918        648        804      27188    1756704   Grand Totals
     52004       2918        648        296      27188    1756704   ELF Image Totals (compressed)
     52004       2918        648        296          0          0   ROM Totals

==============================================================================

    Total RO  Size (Code + RO Data)                52652 (  51.42kB)
    Total RW  Size (RW Data + ZI Data)             27992 (  27.34kB)
    Total ROM Size (Code + RO Data + RW Data)      52948 (  51.71kB)

==============================================================================

